../Core/Src/main.c:71:5:_write	24	static
../Core/Src/main.c:83:5:main	40	static
../Core/Src/main.c:135:6:SystemClock_Config	88	static
../Core/Src/main.c:189:13:MX_CAN1_Init	8	static
../Core/Src/main.c:226:13:MX_USART2_UART_Init	8	static
../Core/Src/main.c:259:13:MX_GPIO_Init	48	static
../Core/Src/main.c:292:6:CAN_Send_Test	48	static
../Core/Src/main.c:308:6:CAN_Filter_Config	48	static
../Core/Src/main.c:328:6:CAN_Start	8	static
../Core/Src/main.c:337:19:CAN_Send	64	static
../Core/Src/main.c:357:6:HAL_CAN_RxFifo0MsgPendingCallback	24	static
../Core/Src/main.c:375:6:CAN_CheckErrors	16	static
../Core/Src/main.c:390:6:CAN_Send_TestMessage	48	static
../Core/Src/main.c:413:6:Error_Handler	4	static,ignoring_inline_asm
