2025-12-21 10:58:58,433 [INFO] Activator:176 - 


2025-12-21 10:58:58,479 [INFO] Activator:177 - !SESSION log4j initialized
2025-12-21 10:59:36,134 [INFO] LogOutputStream:77 - [STDOUT_REDIRECT] 
2025-12-21 10:59:43,924 [INFO] ApplicationProperties:184 - Using Application install path: C:\ST\STM32CubeIDE_1.15.0\STM32CubeIDE\plugins\com.st.stm32cube.common.mx_6.11.0.202403141607
2025-12-21 10:59:43,957 [INFO] DbMcusXml:78 - Set database path to: C:\ST\STM32CubeIDE_1.15.0\STM32CubeIDE\plugins\com.st.stm32cube.common.mx_6.11.0.202403141607\\db\/mcu/
2025-12-21 10:59:43,957 [INFO] ApiDb:274 - Set plugin database path to: C:\ST\STM32CubeIDE_1.15.0\STM32CubeIDE\plugins\com.st.stm32cube.common.mx_6.11.0.202403141607\\db\/plugins/boardmanager/
2025-12-21 10:59:43,957 [WARN] ApiDb:259 - Overriding images path with different value:  => C:\ST\STM32CubeIDE_1.15.0\STM32CubeIDE\plugins\com.st.stm32cube.common.mx_6.11.0.202403141607\\db\/plugins/mcufinder/images/
2025-12-21 10:59:43,967 [INFO] ApiDb:250 - Set database path to: C:\Users\Aditya\.stmcufinder\plugins\mcufinder//mcu/
2025-12-21 10:59:43,969 [INFO] DbMcusAds:125 - Set database path to: C:\Users\Aditya\.stmcufinder\plugins\mcufinder//mcu/
2025-12-21 10:59:43,971 [INFO] CrossReferenceDbSqlite:203 - Set database path to: C:\Users\Aditya\.stmcufinder\plugins\mcufinder//mcu/cs/
2025-12-21 10:59:44,455 [INFO] RulesReader:64 - Compatibility file has been processed (297 Rules)
2025-12-21 10:59:45,208 [INFO] DbMcusXml:78 - Set database path to: C:\ST\STM32CubeIDE_1.15.0\STM32CubeIDE\plugins\com.st.stm32cube.common.mx_6.11.0.202403141607\\db\/mcu/
2025-12-21 10:59:45,211 [INFO] ApiDb:274 - Set plugin database path to: C:\ST\STM32CubeIDE_1.15.0\STM32CubeIDE\plugins\com.st.stm32cube.common.mx_6.11.0.202403141607\\db\/plugins/boardmanager/
2025-12-21 10:59:45,214 [INFO] ApiDb:261 - Set plugin images path to: C:\ST\STM32CubeIDE_1.15.0\STM32CubeIDE\plugins\com.st.stm32cube.common.mx_6.11.0.202403141607\\db\/plugins/mcufinder/images/
2025-12-21 10:59:45,219 [WARN] DbFile:41 - Overriding database path with different value: C:\Users\Aditya\.stmcufinder\plugins\mcufinder/ => C:\Users\Aditya\.stmcufinder\plugins\mcufinder
2025-12-21 10:59:45,224 [INFO] ApiDb:250 - Set database path to: C:\Users\Aditya\.stmcufinder\plugins\mcufinder//mcu/
2025-12-21 10:59:45,226 [WARN] DbFile:41 - Overriding database path with different value: C:\Users\Aditya\.stmcufinder\plugins\mcufinder/ => C:\Users\Aditya\.stmcufinder\plugins\mcufinder
2025-12-21 10:59:45,229 [INFO] DbMcusAds:125 - Set database path to: C:\Users\Aditya\.stmcufinder\plugins\mcufinder//mcu/
2025-12-21 10:59:45,232 [WARN] DbFile:41 - Overriding database path with different value: C:\Users\Aditya\.stmcufinder\plugins\mcufinder/ => C:\Users\Aditya\.stmcufinder\plugins\mcufinder
2025-12-21 10:59:45,237 [WARN] DbFile:41 - Overriding database path with different value: C:\Users\Aditya\.stmcufinder\plugins\mcufinder/ => C:\Users\Aditya\.stmcufinder\plugins\mcufinder
2025-12-21 10:59:45,239 [INFO] CrossReferenceDbSqlite:203 - Set database path to: C:\Users\Aditya\.stmcufinder\plugins\mcufinder//mcu/cs/
2025-12-21 10:59:46,706 [INFO] MainPanel:264 - HeapMemory: 268435456
2025-12-21 10:59:47,301 [INFO] DbMcusXml:78 - Set database path to: C:\ST\STM32CubeIDE_1.15.0\STM32CubeIDE\plugins\com.st.stm32cube.common.mx_6.11.0.202403141607\\db\/mcu/
2025-12-21 10:59:47,302 [INFO] ApiDb:274 - Set plugin database path to: C:\ST\STM32CubeIDE_1.15.0\STM32CubeIDE\plugins\com.st.stm32cube.common.mx_6.11.0.202403141607\\db\/plugins/boardmanager/
2025-12-21 10:59:47,302 [INFO] ApiDb:261 - Set plugin images path to: C:\ST\STM32CubeIDE_1.15.0\STM32CubeIDE\plugins\com.st.stm32cube.common.mx_6.11.0.202403141607\\db\/plugins/mcufinder/images/
2025-12-21 10:59:47,304 [WARN] DbFile:41 - Overriding database path with different value: C:\Users\Aditya\.stmcufinder\plugins\mcufinder/ => C:\Users\Aditya\.stmcufinder\plugins\mcufinder
2025-12-21 10:59:47,305 [INFO] ApiDb:250 - Set database path to: C:\Users\Aditya\.stmcufinder\plugins\mcufinder//mcu/
2025-12-21 10:59:47,305 [WARN] DbFile:41 - Overriding database path with different value: C:\Users\Aditya\.stmcufinder\plugins\mcufinder/ => C:\Users\Aditya\.stmcufinder\plugins\mcufinder
2025-12-21 10:59:47,306 [INFO] DbMcusAds:125 - Set database path to: C:\Users\Aditya\.stmcufinder\plugins\mcufinder//mcu/
2025-12-21 10:59:47,306 [WARN] DbFile:41 - Overriding database path with different value: C:\Users\Aditya\.stmcufinder\plugins\mcufinder/ => C:\Users\Aditya\.stmcufinder\plugins\mcufinder
2025-12-21 10:59:47,307 [WARN] DbFile:41 - Overriding database path with different value: C:\Users\Aditya\.stmcufinder\plugins\mcufinder/ => C:\Users\Aditya\.stmcufinder\plugins\mcufinder
2025-12-21 10:59:47,307 [INFO] CrossReferenceDbSqlite:203 - Set database path to: C:\Users\Aditya\.stmcufinder\plugins\mcufinder//mcu/cs/
2025-12-21 10:59:47,389 [INFO] ApplicationProperties:184 - Using Application install path: C:\ST\STM32CubeIDE_1.15.0\STM32CubeIDE\plugins\com.st.stm32cube.common.mx_6.11.0.202403141607
2025-12-21 10:59:47,398 [INFO] PluginManage:196 - Search for loadable plugins [exclusion list=, ]
2025-12-21 10:59:47,405 [INFO] PluginManage:310 - Check plugin analytics
2025-12-21 10:59:48,677 [INFO] AnalyticsPlugin:253 - Accepted Software Licenses: 
2025-12-21 10:59:48,678 [INFO] AnalyticsPlugin:255 - Accepted CMSIS Pack Licenses: 
2025-12-21 10:59:48,680 [INFO] AnalyticsPlugin:257 - Accepted Firmware Licenses: 
2025-12-21 10:59:48,693 [INFO] PluginManage:359 - Loaded plugin analytics (category:tool,tabindex:-1)
2025-12-21 10:59:48,694 [INFO] PluginManage:310 - Check plugin cadmodel
2025-12-21 10:59:48,751 [INFO] CADModel:105 - Init CAD model plugin
2025-12-21 10:59:48,753 [INFO] PluginManage:359 - Loaded plugin cadmodel (category:power,tabindex:5)
2025-12-21 10:59:48,754 [INFO] PluginManage:310 - Check plugin clock
2025-12-21 10:59:48,840 [INFO] PluginManage:359 - Loaded plugin clock (category:base,tabindex:2)
2025-12-21 10:59:48,842 [INFO] PluginManage:310 - Check plugin ddr
2025-12-21 10:59:48,852 [INFO] PluginManage:359 - Loaded plugin ddr (category:tool,tabindex:6)
2025-12-21 10:59:48,854 [INFO] PluginManage:310 - Check plugin filemanager
2025-12-21 10:59:49,517 [INFO] PluginManage:359 - Loaded plugin filemanager (category:base,tabindex:10)
2025-12-21 10:59:49,518 [INFO] PluginManage:310 - Check plugin ipmanager
2025-12-21 10:59:49,585 [INFO] PluginManage:359 - Loaded plugin ipmanager (category:base,tabindex:5)
2025-12-21 10:59:49,586 [INFO] PluginManage:310 - Check plugin lpbam
2025-12-21 10:59:49,640 [INFO] PluginManage:359 - Loaded plugin lpbam (category:base,tabindex:0)
2025-12-21 10:59:49,641 [INFO] PluginManage:310 - Check plugin memorymap
2025-12-21 10:59:49,732 [INFO] PluginManage:359 - Loaded plugin memorymap (category:base,tabindex:4)
2025-12-21 10:59:49,733 [INFO] PluginManage:310 - Check plugin pinoutandconfiguration
2025-12-21 10:59:49,831 [INFO] PluginManage:359 - Loaded plugin pinoutandconfiguration (category:base,tabindex:1)
2025-12-21 10:59:49,832 [INFO] PluginManage:310 - Check plugin pinoutconfig
2025-12-21 10:59:50,374 [WARN] SupportedApi:132 - Cannot load RTOS API schema: s4s-elt-must-match.1: The content of 'definitions' must match (annotation?, (simpleType | complexType)?, (unique | key | keyref)*)). A problem was found starting at: attribute.
2025-12-21 10:59:51,080 [INFO] PluginManage:359 - Loaded plugin pinoutconfig (category:base,tabindex:0)
2025-12-21 10:59:51,080 [INFO] PluginManage:310 - Check plugin power
2025-12-21 10:59:51,164 [INFO] PluginManage:359 - Loaded plugin power (category:power,tabindex:4)
2025-12-21 10:59:51,165 [INFO] PluginManage:310 - Check plugin projectmanager
2025-12-21 10:59:51,272 [INFO] PluginManage:359 - Loaded plugin projectmanager (category:projectmanager,tabindex:3)
2025-12-21 10:59:51,273 [INFO] PluginManage:310 - Check plugin thirdparty
2025-12-21 10:59:52,877 [INFO] PluginManage:359 - Loaded plugin thirdparty (category:base,tabindex:-1)
2025-12-21 10:59:52,879 [INFO] PluginManage:310 - Check plugin tools
2025-12-21 10:59:52,878 [WARN] IntegrityCheckThread:84 - waiting for thirdparty lock release [integrity check]
2025-12-21 10:59:52,882 [INFO] IntegrityCheckThread:86 - entering critical section [integrity check]
2025-12-21 10:59:52,883 [INFO] ThirdPartyUpdaterWithRetryManager:70 - Updater plugin not ready yet. [1/15]
2025-12-21 10:59:53,110 [INFO] PluginManage:359 - Loaded plugin tools (category:base,tabindex:7)
2025-12-21 10:59:53,111 [INFO] PluginManage:310 - Check plugin tutovideos
2025-12-21 10:59:54,178 [INFO] PluginManage:359 - Loaded plugin tutovideos (category:base,tabindex:-1)
2025-12-21 10:59:54,180 [INFO] PluginManage:310 - Check plugin updater
2025-12-21 10:59:54,234 [INFO] PluginManage:359 - Loaded plugin updater (category:base,tabindex:12)
2025-12-21 10:59:54,234 [INFO] PluginManage:310 - Check plugin userauth
2025-12-21 10:59:54,267 [INFO] UserAuth:114 - Init User Auth plugin
2025-12-21 10:59:54,268 [INFO] PluginManage:359 - Loaded plugin userauth (category:base,tabindex:14)
2025-12-21 10:59:54,270 [INFO] PluginManage:283 - PluginManage : Loaded plugins [17]
2025-12-21 10:59:55,261 [INFO] PinOutPanel:1561 - setPackage(No Configuration,No Configuration)
2025-12-21 10:59:55,633 [INFO] CADModel:165 - CPN selected for project level
2025-12-21 10:59:55,634 [INFO] CADModel:114 - Register for checkConnection events
2025-12-21 10:59:55,792 [INFO] IPUIPlugin:80 - create IPUIPlugin
2025-12-21 10:59:55,792 [INFO] PluginManager:220 - loadIPPluginJar : add adc
2025-12-21 10:59:55,898 [INFO] ThirdPartyUpdaterWithRetryManager:70 - Updater plugin not ready yet. [2/15]
2025-12-21 10:59:55,985 [INFO] IPUIPlugin:80 - create IPUIPlugin
2025-12-21 10:59:55,986 [INFO] PluginManager:220 - loadIPPluginJar : add aes
2025-12-21 10:59:56,203 [INFO] IPUIPlugin:80 - create IPUIPlugin
2025-12-21 10:59:56,203 [INFO] PluginManager:220 - loadIPPluginJar : add can
2025-12-21 10:59:56,335 [INFO] IPUIPlugin:80 - create IPUIPlugin
2025-12-21 10:59:56,337 [INFO] PluginManager:220 - loadIPPluginJar : add comp
2025-12-21 10:59:56,483 [INFO] IPUIPlugin:80 - create IPUIPlugin
2025-12-21 10:59:56,484 [INFO] PluginManager:220 - loadIPPluginJar : add cryp
2025-12-21 10:59:56,698 [INFO] IPUIPlugin:80 - create IPUIPlugin
2025-12-21 10:59:56,698 [INFO] PluginManager:220 - loadIPPluginJar : add dfsdm
2025-12-21 10:59:56,776 [INFO] IPUIPlugin:80 - create IPUIPlugin
2025-12-21 10:59:56,779 [INFO] PluginManager:220 - loadIPPluginJar : add dma
2025-12-21 10:59:57,042 [INFO] IPUIPlugin:80 - create IPUIPlugin
2025-12-21 10:59:57,043 [INFO] PluginManager:220 - loadIPPluginJar : add dma3
2025-12-21 10:59:57,255 [INFO] IPUIPlugin:80 - create IPUIPlugin
2025-12-21 10:59:57,256 [INFO] PluginManager:220 - loadIPPluginJar : add extmemmanager
2025-12-21 10:59:57,381 [INFO] IPUIPlugin:80 - create IPUIPlugin
2025-12-21 10:59:57,382 [INFO] PluginManager:220 - loadIPPluginJar : add fatfs
2025-12-21 10:59:57,624 [INFO] IPUIPlugin:80 - create IPUIPlugin
2025-12-21 10:59:57,625 [INFO] PluginManager:220 - loadIPPluginJar : add fmc
2025-12-21 10:59:57,703 [INFO] IPUIPlugin:80 - create IPUIPlugin
2025-12-21 10:59:57,703 [INFO] PluginManager:220 - loadIPPluginJar : add freertos
2025-12-21 10:59:57,829 [INFO] IPUIPlugin:80 - create IPUIPlugin
2025-12-21 10:59:57,829 [INFO] PluginManager:220 - loadIPPluginJar : add genericplugin
2025-12-21 10:59:58,415 [INFO] IPUIPlugin:80 - create IPUIPlugin
2025-12-21 10:59:58,415 [INFO] PluginManager:220 - loadIPPluginJar : add gfxmmu
2025-12-21 10:59:58,905 [INFO] ThirdPartyUpdaterWithRetryManager:70 - Updater plugin not ready yet. [3/15]
2025-12-21 10:59:59,154 [INFO] IPUIPlugin:80 - create IPUIPlugin
2025-12-21 10:59:59,154 [INFO] PluginManager:220 - loadIPPluginJar : add gic
2025-12-21 10:59:59,223 [INFO] IPUIPlugin:80 - create IPUIPlugin
2025-12-21 10:59:59,224 [INFO] PluginManager:220 - loadIPPluginJar : add gpio
2025-12-21 10:59:59,717 [INFO] IPUIPlugin:80 - create IPUIPlugin
2025-12-21 10:59:59,718 [INFO] PluginManager:220 - loadIPPluginJar : add gtzc
2025-12-21 10:59:59,897 [INFO] IPUIPlugin:80 - create IPUIPlugin
2025-12-21 10:59:59,897 [INFO] PluginManager:220 - loadIPPluginJar : add hash
2025-12-21 11:00:00,224 [INFO] IPUIPlugin:80 - create IPUIPlugin
2025-12-21 11:00:00,225 [INFO] PluginManager:220 - loadIPPluginJar : add i2c
2025-12-21 11:00:00,435 [INFO] IPUIPlugin:80 - create IPUIPlugin
2025-12-21 11:00:00,436 [INFO] PluginManager:220 - loadIPPluginJar : add i2s
2025-12-21 11:00:00,679 [INFO] IPUIPlugin:80 - create IPUIPlugin
2025-12-21 11:00:00,679 [INFO] PluginManager:220 - loadIPPluginJar : add i3c
2025-12-21 11:00:01,944 [INFO] ThirdPartyUpdaterWithRetryManager:70 - Updater plugin not ready yet. [4/15]
2025-12-21 11:00:02,361 [INFO] IPUIPlugin:80 - create IPUIPlugin
2025-12-21 11:00:02,383 [INFO] PluginManager:220 - loadIPPluginJar : add ipddr
2025-12-21 11:00:04,771 [INFO] IPUIPlugin:80 - create IPUIPlugin
2025-12-21 11:00:04,771 [INFO] PluginManager:220 - loadIPPluginJar : add linkedlist
2025-12-21 11:00:04,968 [INFO] ThirdPartyUpdaterWithRetryManager:70 - Updater plugin not ready yet. [5/15]
2025-12-21 11:00:05,286 [INFO] IPUIPlugin:80 - create IPUIPlugin
2025-12-21 11:00:05,288 [INFO] PluginManager:220 - loadIPPluginJar : add lorawan
2025-12-21 11:00:05,520 [INFO] IPUIPlugin:80 - create IPUIPlugin
2025-12-21 11:00:05,521 [INFO] PluginManager:220 - loadIPPluginJar : add ltdc
2025-12-21 11:00:05,614 [INFO] IPUIPlugin:80 - create IPUIPlugin
2025-12-21 11:00:05,615 [INFO] PluginManager:220 - loadIPPluginJar : add mdma
2025-12-21 11:00:05,669 [INFO] IPUIPlugin:80 - create IPUIPlugin
2025-12-21 11:00:05,669 [INFO] PluginManager:220 - loadIPPluginJar : add nvic
2025-12-21 11:00:05,870 [INFO] IPUIPlugin:80 - create IPUIPlugin
2025-12-21 11:00:05,871 [INFO] PluginManager:220 - loadIPPluginJar : add opamp
2025-12-21 11:00:07,117 [INFO] IPUIPlugin:80 - create IPUIPlugin
2025-12-21 11:00:07,117 [INFO] PluginManager:220 - loadIPPluginJar : add openamp
2025-12-21 11:00:07,762 [INFO] IPUIPlugin:80 - create IPUIPlugin
2025-12-21 11:00:07,763 [INFO] PluginManager:220 - loadIPPluginJar : add pdm2pcm
2025-12-21 11:00:08,006 [INFO] ThirdPartyUpdaterWithRetryManager:70 - Updater plugin not ready yet. [6/15]
2025-12-21 11:00:08,118 [INFO] IPUIPlugin:80 - create IPUIPlugin
2025-12-21 11:00:08,433 [INFO] PluginManager:220 - loadIPPluginJar : add plateformsettings
2025-12-21 11:00:08,541 [INFO] IPUIPlugin:80 - create IPUIPlugin
2025-12-21 11:00:08,556 [INFO] PluginManager:220 - loadIPPluginJar : add quadspi
2025-12-21 11:00:08,579 [INFO] IPUIPlugin:80 - create IPUIPlugin
2025-12-21 11:00:08,579 [INFO] PluginManager:220 - loadIPPluginJar : add resmgrutility
2025-12-21 11:00:08,611 [INFO] IPUIPlugin:80 - create IPUIPlugin
2025-12-21 11:00:08,611 [INFO] PluginManager:220 - loadIPPluginJar : add sai
2025-12-21 11:00:08,644 [INFO] IPUIPlugin:80 - create IPUIPlugin
2025-12-21 11:00:08,644 [INFO] PluginManager:220 - loadIPPluginJar : add spi
2025-12-21 11:00:08,664 [INFO] IPUIPlugin:80 - create IPUIPlugin
2025-12-21 11:00:08,667 [INFO] PluginManager:220 - loadIPPluginJar : add stm32_wpan
2025-12-21 11:00:08,675 [INFO] IPUIPlugin:80 - create IPUIPlugin
2025-12-21 11:00:08,675 [INFO] PluginManager:220 - loadIPPluginJar : add tim
2025-12-21 11:00:08,688 [INFO] IPUIPlugin:80 - create IPUIPlugin
2025-12-21 11:00:08,688 [INFO] PluginManager:220 - loadIPPluginJar : add touchsensing
2025-12-21 11:00:08,699 [INFO] IPUIPlugin:80 - create IPUIPlugin
2025-12-21 11:00:08,699 [INFO] PluginManager:220 - loadIPPluginJar : add tracer_emb
2025-12-21 11:00:08,710 [INFO] IPUIPlugin:80 - create IPUIPlugin
2025-12-21 11:00:08,710 [INFO] PluginManager:220 - loadIPPluginJar : add ts
2025-12-21 11:00:08,719 [INFO] IPUIPlugin:80 - create IPUIPlugin
2025-12-21 11:00:08,719 [INFO] PluginManager:220 - loadIPPluginJar : add tsc
2025-12-21 11:00:08,730 [INFO] IPUIPlugin:80 - create IPUIPlugin
2025-12-21 11:00:08,730 [INFO] PluginManager:220 - loadIPPluginJar : add ucpd
2025-12-21 11:00:08,746 [INFO] IPUIPlugin:80 - create IPUIPlugin
2025-12-21 11:00:08,746 [INFO] PluginManager:220 - loadIPPluginJar : add usart
2025-12-21 11:00:08,764 [INFO] IPUIPlugin:80 - create IPUIPlugin
2025-12-21 11:00:08,764 [INFO] PluginManager:220 - loadIPPluginJar : add usbx
2025-12-21 11:00:09,168 [INFO] CADModel:165 - CPN selected for project level
2025-12-21 11:00:09,168 [INFO] CADModel:114 - Register for checkConnection events
2025-12-21 11:00:09,169 [FATAL] Updater:308 - Updater called before beeing initialized
2025-12-21 11:00:09,169 [ERROR] CADModel:125 - Updater not yet initialized, retry later 
2025-12-21 11:00:10,178 [INFO] CADModel:165 - CPN selected for project level
2025-12-21 11:00:10,178 [INFO] CADModel:114 - Register for checkConnection events
2025-12-21 11:00:10,179 [FATAL] Updater:308 - Updater called before beeing initialized
2025-12-21 11:00:10,179 [ERROR] CADModel:125 - Updater not yet initialized, retry later 
2025-12-21 11:00:10,200 [FATAL] Updater:308 - Updater called before beeing initialized
2025-12-21 11:00:11,014 [INFO] ThirdPartyUpdaterWithRetryManager:70 - Updater plugin not ready yet. [7/15]
2025-12-21 11:00:11,095 [FATAL] Updater:308 - Updater called before beeing initialized
2025-12-21 11:00:11,111 [INFO] DbMcusAds:53 - JSON generation date=Fri Dec 05 14:43:14 IST 2025 (1764925994673)
2025-12-21 11:00:11,113 [FATAL] Updater:308 - Updater called before beeing initialized
2025-12-21 11:00:11,345 [WARN] DetailPanel:346 - Failed to get advertising image, set to default
2025-12-21 11:00:12,053 [FATAL] Updater:308 - Updater called before beeing initialized
2025-12-21 11:00:12,060 [FATAL] Updater:308 - Updater called before beeing initialized
2025-12-21 11:00:12,060 [FATAL] Updater:308 - Updater called before beeing initialized
2025-12-21 11:00:12,061 [WARN] DetailPanel:346 - Failed to get advertising image, set to default
2025-12-21 11:00:12,064 [FATAL] Updater:308 - Updater called before beeing initialized
2025-12-21 11:00:12,313 [ERROR] Updater:1120 - MainUpdater not yet initialized. External WinMGr cannot be set.
2025-12-21 11:00:12,320 [INFO] Updater:1056 - Updater Version found : 6.11.0
2025-12-21 11:00:12,408 [INFO] ApplicationProperties:184 - Using Application install path: C:\ST\STM32CubeIDE_1.15.0\STM32CubeIDE\plugins\com.st.stm32cube.common.mx_6.11.0.202403141607
2025-12-21 11:00:14,021 [FATAL] Updater:308 - Updater called before beeing initialized
2025-12-21 11:00:14,023 [ERROR] IntegrityCheckThread:130 - Cannot retrieve database content from updater: error 21
2025-12-21 11:00:14,023 [INFO] ThirdParty:978 - Integrity check success = false
2025-12-21 11:00:14,024 [INFO] IntegrityCheckThread:100 - exiting critical section [integrity check]
2025-12-21 11:00:14,027 [INFO] IntegrityCheckThread:103 - End integrity checks thread
2025-12-21 11:00:14,261 [ERROR] LogOutputStream:75 - [STDERR_REDIRECT] Dec 21, 2025 11:00:14 AM java.util.prefs.WindowsPreferences <init>
2025-12-21 11:00:14,284 [ERROR] LogOutputStream:75 - [STDERR_REDIRECT] WARNING: Could not open/create prefs root node Software\JavaSoft\Prefs at root 0xffffffff80000002. Windows RegCreateKeyEx(...) returned error code 5.
2025-12-21 11:00:14,290 [ERROR] LogOutputStream:75 - [STDERR_REDIRECT] 
2025-12-21 11:00:16,882 [INFO] MainUpdater:2873 - connection check result : 10
2025-12-21 11:00:16,885 [INFO] MainUpdater:3567 - Updater definition file requires update
2025-12-21 11:00:16,892 [INFO] MainUpdater:290 - Updater Check For Update Now.
2025-12-21 11:00:16,895 [INFO] MicroXplorer:498 - Change Database Version : DB.6.0.110
2025-12-21 11:00:16,921 [INFO] McuFinderGlobals:63 - Set McuFinder mode to 2 (CubeIDE integrated)
2025-12-21 11:00:16,940 [INFO] UserAuth:415 - Internet connection configuration mode: 1
2025-12-21 11:00:17,092 [INFO] JxBrowserEngine:152 - Initiate JxBrowser Engine with user profile folder
2025-12-21 11:00:17,448 [INFO] ServerAccessManage:473 - Download File updaters.zip
2025-12-21 11:00:17,849 [INFO] FileExtend:240 - Unzip File : updaters.zip
2025-12-21 11:00:17,850 [INFO] FileExtend:255 - Standard Zip Deflate
2025-12-21 11:00:22,021 [INFO] ServerAccessManage:473 - Download File PacksControlFlags.xml
2025-12-21 11:00:22,366 [INFO] ServerAccessManage:473 - Download File cubemx.pidx
2025-12-21 11:00:23,756 [INFO] LoadServerUpdatesThread:375 - End of LoadServerUpdate Thread
2025-12-21 11:00:23,780 [INFO] WebApp:161 - Instantiating new browser for Auth
2025-12-21 11:00:25,026 [INFO] CheckServerUpdateThread:120 - End of CheckServer Thread
2025-12-21 11:00:27,814 [INFO] WebApp:779 - Register for checkConnection events
2025-12-21 11:00:27,815 [INFO] WebApp:414 - Apply proxy settings
2025-12-21 11:00:27,816 [INFO] WebApp:499 - Chromium requires no authentication
2025-12-21 11:00:27,848 [INFO] WebApp:442 - Direct internet connection detected
2025-12-21 11:00:28,877 [INFO] WebApp:192 - Starting web application
2025-12-21 11:00:28,878 [INFO] WebApp:544 - Web application path used C:\ST\STM32CubeIDE_1.15.0\STM32CubeIDE\plugins\com.st.stm32cube.common.mx_6.11.0.202403141607\db\plugins\mcufinder\reactClient1\index.html
2025-12-21 11:04:20,640 [INFO] McuFinderGlobals:63 - Set McuFinder mode to 2 (CubeIDE integrated)
2025-12-21 11:04:20,688 [INFO] MainUpdater:2873 - connection check result : 10
2025-12-21 11:04:20,703 [INFO] MainUpdater:2873 - connection check result : 10
2025-12-21 11:04:21,023 [INFO] MicroXplorer:468 - Change Database Path : 
2025-12-21 11:04:21,023 [INFO] MicroXplorer:498 - Change Database Version : DB.6.0.110
2025-12-21 11:04:21,030 [WARN] ThirdParty:871 - waiting for thirdparty lock release [close project]
2025-12-21 11:04:21,030 [INFO] ThirdParty:873 - entering critical section [close project]
2025-12-21 11:04:21,181 [INFO] ThirdParty:883 - exiting critical section [close project]
2025-12-21 11:04:21,193 [INFO] PinOutPanel:1561 - setPackage(No Configuration,No Configuration)
2025-12-21 11:04:21,208 [INFO] UtilMem:75 - Begin LoadConfig() Used Memory: 688559008 Bytes (1073741824)
2025-12-21 11:04:21,218 [INFO] MicroXplorer:468 - Change Database Path : 
2025-12-21 11:04:21,219 [INFO] MicroXplorer:498 - Change Database Version : DB.6.0.110
2025-12-21 11:04:21,221 [INFO] OpenFileManager:312 - Change cursor
2025-12-21 11:04:21,279 [WARN] IntegrityCheckThread:84 - waiting for thirdparty lock release [integrity check]
2025-12-21 11:04:21,280 [INFO] IntegrityCheckThread:86 - entering critical section [integrity check]
2025-12-21 11:04:22,473 [WARN] PackLoader:240 - Cannot read IP mode file for STMicroelectronics.FP-SNS-MOTENVWB1.1.4.0
2025-12-21 11:04:22,520 [WARN] PackLoader:240 - Cannot read IP mode file for STMicroelectronics.FP-ATR-ASTRA1.2.0.2
2025-12-21 11:04:22,548 [WARN] PackLoader:240 - Cannot read IP mode file for STMicroelectronics.X-CUBE-SMBUS.2.1.0
2025-12-21 11:04:22,564 [ERROR] Engine:466 - C:\Users\Aditya\.stm32cubemx\thirdparties\pdsc\STMicroelectronics.X-CUBE-ST60.1.0.0.pdsc: PDSC version is not supported
2025-12-21 11:04:22,580 [WARN] PackLoader:240 - Cannot read IP mode file for STMicroelectronics.X-CUBE-TOUCHGFX.4.23.2
2025-12-21 11:04:22,624 [WARN] PackLoader:240 - Cannot read IP mode file for STMicroelectronics.X-CUBE-AZRTOS-F7.1.1.0
2025-12-21 11:04:22,647 [ERROR] Engine:466 - C:\Users\Aditya\.stm32cubemx\thirdparties\pdsc\STMicroelectronics.FP-SNS-MOTENV1.5.1.0.pdsc: PDSC version is not supported
2025-12-21 11:04:22,680 [WARN] PackLoader:240 - Cannot read IP mode file for STMicroelectronics.FP-SNS-FLIGHT1.5.0.2
2025-12-21 11:04:22,722 [WARN] PackLoader:240 - Cannot read IP mode file for STMicroelectronics.X-CUBE-AZRTOS-H7.3.4.0
2025-12-21 11:04:22,763 [WARN] PackLoader:240 - Cannot read IP mode file for STMicroelectronics.X-CUBE-DISPLAY.3.0.0
2025-12-21 11:04:22,785 [WARN] PackLoader:240 - Cannot read IP mode file for STMicroelectronics.X-CUBE-BLE1.7.0.0
2025-12-21 11:04:22,802 [WARN] PackLoader:240 - Cannot read IP mode file for STMicroelectronics.X-CUBE-NFC10.1.0.0
2025-12-21 11:04:22,823 [WARN] PackLoader:240 - Cannot read IP mode file for STMicroelectronics.X-CUBE-BLEMGR.4.0.0
2025-12-21 11:04:22,889 [ERROR] Engine:466 - C:\Users\Aditya\.stm32cubemx\thirdparties\pdsc\STMicroelectronics.X-CUBE-ST60.1.1.0.pdsc: PDSC version is not supported
2025-12-21 11:04:22,909 [WARN] PackLoader:240 - Cannot read IP mode file for emotas.I-CUBE-CANOPEN.1.3.0
2025-12-21 11:04:22,926 [WARN] PackLoader:240 - Cannot read IP mode file for STMicroelectronics.X-CUBE-GNSS1.7.1.0
2025-12-21 11:04:22,943 [WARN] ConditionMgr:438 - getConditionDescription Invalid condition id : Cortex-A Device cause : null
2025-12-21 11:04:22,998 [WARN] ConditionMgr:1039 - genDependencies : Invalid condition id : Cortex-A Device cause : null
2025-12-21 11:04:22,999 [WARN] ConditionMgr:1039 - genDependencies : Invalid condition id : Cortex-A Device cause : null
2025-12-21 11:04:22,999 [WARN] ConditionMgr:1039 - genDependencies : Invalid condition id : Cortex-A Device cause : null
2025-12-21 11:04:23,107 [WARN] PackLoader:240 - Cannot read IP mode file for STMicroelectronics.X-CUBE-BLEMGR.3.1.0
2025-12-21 11:04:23,174 [WARN] PackLoader:240 - Cannot read IP mode file for STMicroelectronics.X-CUBE-AI.10.0.0
2025-12-21 11:04:23,208 [ERROR] Engine:466 - C:\Users\Aditya\.stm32cubemx\thirdparties\pdsc\STMicroelectronics.FP-SNS-STBOX1.2.1.0.pdsc: PDSC version is not supported
2025-12-21 11:04:23,239 [WARN] PackLoader:240 - Cannot read IP mode file for STMicroelectronics.FP-SNS-SMARTAG2.1.2.0
2025-12-21 11:04:23,253 [ERROR] Engine:466 - C:\Users\Aditya\.stm32cubemx\thirdparties\pdsc\STMicroelectronics.FP-SNS-FLIGHT1.5.1.0.pdsc: PDSC version is not supported
2025-12-21 11:04:23,338 [INFO] LogOutputStream:77 - [STDOUT_REDIRECT] 1 : Invalid condition id : UX_CORESTACK_Condition cause : null
2025-12-21 11:04:23,342 [INFO] LogOutputStream:77 - [STDOUT_REDIRECT] 1 : Invalid condition id : UX_CORESTACK_Condition cause : null
2025-12-21 11:04:23,344 [INFO] LogOutputStream:77 - [STDOUT_REDIRECT] 1 : Invalid condition id : UX_CORESTACK_Condition cause : null
2025-12-21 11:04:23,352 [INFO] LogOutputStream:77 - [STDOUT_REDIRECT] 1 : Invalid condition id : UX_CORESTACK_Condition cause : null
2025-12-21 11:04:23,363 [INFO] LogOutputStream:77 - [STDOUT_REDIRECT] 1 : Invalid condition id : UX_CORESTACK_Condition cause : null
2025-12-21 11:04:23,368 [WARN] PackLoader:240 - Cannot read IP mode file for STMicroelectronics.X-CUBE-AZRTOS-WL.2.0.0
2025-12-21 11:04:23,395 [WARN] PackLoader:240 - Cannot read IP mode file for STMicroelectronics.FP-SNS-MOTENV1.5.0.0
2025-12-21 11:04:23,453 [WARN] PackLoader:240 - Cannot read IP mode file for STMicroelectronics.X-CUBE-AZRTOS-H7RS.1.2.0
2025-12-21 11:04:23,471 [WARN] PackLoader:240 - Cannot read IP mode file for wolfSSL.I-CUBE-wolfMQTT.1.19.0
2025-12-21 11:04:23,492 [WARN] PackLoader:240 - Cannot read IP mode file for WES.I-CUBE-Cesium.1.3.0
2025-12-21 11:04:23,507 [WARN] PackLoader:240 - Cannot read IP mode file for STMicroelectronics.X-CUBE-BLE2.3.3.0
2025-12-21 11:04:23,542 [ERROR] Engine:466 - C:\Users\Aditya\.stm32cubemx\thirdparties\pdsc\Avnet-IOTCONNECT.X-CUBE-iotc-st67-sdk.1.0.0.pdsc: PDSC version is not supported
2025-12-21 11:04:23,562 [WARN] PackLoader:240 - Cannot read IP mode file for STMicroelectronics.X-CUBE-NFC9.1.0.0
2025-12-21 11:04:23,581 [WARN] PackLoader:240 - Cannot read IP mode file for STMicroelectronics.X-CUBE-BLE1.7.1.0
2025-12-21 11:04:23,596 [WARN] PackLoader:240 - Cannot read IP mode file for STMicroelectronics.X-CUBE-TCPP.4.1.0
2025-12-21 11:04:23,629 [ERROR] Engine:466 - C:\Users\Aditya\.stm32cubemx\thirdparties\pdsc\STMicroelectronics.X-CUBE-FREERTOS.1.4.0.pdsc: PDSC version is not supported
2025-12-21 11:04:23,648 [WARN] PackLoader:240 - Cannot read IP mode file for STMicroelectronics.X-CUBE-EEPRMA1.5.2.0
2025-12-21 11:04:23,666 [ERROR] Engine:466 - C:\Users\Aditya\.stm32cubemx\thirdparties\pdsc\STMicroelectronics.X-CUBE-ST67W61.1.1.0.pdsc: PDSC version is not supported
2025-12-21 11:04:23,682 [WARN] PackLoader:240 - Cannot read IP mode file for STMicroelectronics.X-CUBE-AI.10.1.0
2025-12-21 11:04:23,916 [WARN] PackLoader:240 - Cannot read IP mode file for STMicroelectronics.X-CUBE-MEMS1.12.0.0
2025-12-21 11:04:24,359 [WARN] PackLoader:240 - Cannot read IP mode file for STMicroelectronics.X-CUBE-ALGOBUILD.1.3.0
2025-12-21 11:04:24,454 [WARN] PackLoader:240 - Cannot read IP mode file for STMicroelectronics.X-CUBE-MEMS1.11.2.0
2025-12-21 11:04:24,663 [WARN] PackLoader:240 - Cannot read IP mode file for STMicroelectronics.X-CUBE-AZRTOS-G0.1.1.0
2025-12-21 11:04:24,688 [WARN] PackLoader:240 - Cannot read IP mode file for STMicroelectronics.X-CUBE-SAFEA1.1.2.2
2025-12-21 11:04:24,714 [WARN] PackLoader:240 - Cannot read IP mode file for STMicroelectronics.X-CUBE-NFC4.3.0.0
2025-12-21 11:04:24,864 [WARN] PackLoader:240 - Cannot read IP mode file for EmbeddedOffice.I-CUBE-FS-RTOS.1.0.1
2025-12-21 11:04:24,867 [ERROR] ConditionMgr:805 - Attr not supported : Dmpu
2025-12-21 11:04:24,868 [ERROR] ConditionMgr:805 - Attr not supported : Dmpu
2025-12-21 11:04:24,869 [ERROR] ConditionMgr:805 - Attr not supported : Dmpu
2025-12-21 11:04:24,869 [ERROR] ConditionMgr:805 - Attr not supported : Dmpu
2025-12-21 11:04:24,870 [ERROR] ConditionMgr:805 - Attr not supported : Dmpu
2025-12-21 11:04:24,871 [ERROR] ConditionMgr:805 - Attr not supported : Dmpu
2025-12-21 11:04:24,872 [ERROR] ConditionMgr:805 - Attr not supported : Dmpu
2025-12-21 11:04:24,873 [ERROR] ConditionMgr:805 - Attr not supported : Dmpu
2025-12-21 11:04:24,874 [ERROR] ConditionMgr:805 - Attr not supported : Dmpu
2025-12-21 11:04:24,874 [ERROR] ConditionMgr:805 - Attr not supported : Dmpu
2025-12-21 11:04:24,875 [ERROR] ConditionMgr:805 - Attr not supported : Dmpu
2025-12-21 11:04:24,876 [ERROR] ConditionMgr:805 - Attr not supported : Dmpu
2025-12-21 11:04:24,877 [ERROR] ConditionMgr:805 - Attr not supported : Dmpu
2025-12-21 11:04:24,878 [ERROR] ConditionMgr:805 - Attr not supported : Dmpu
2025-12-21 11:04:24,878 [ERROR] ConditionMgr:805 - Attr not supported : Dmpu
2025-12-21 11:04:24,879 [ERROR] ConditionMgr:805 - Attr not supported : Dmpu
2025-12-21 11:04:24,880 [ERROR] ConditionMgr:805 - Attr not supported : Dmpu
2025-12-21 11:04:24,881 [ERROR] ConditionMgr:805 - Attr not supported : Dmpu
2025-12-21 11:04:24,882 [ERROR] ConditionMgr:805 - Attr not supported : Dmpu
2025-12-21 11:04:24,883 [ERROR] ConditionMgr:805 - Attr not supported : Dmpu
2025-12-21 11:04:24,884 [ERROR] ConditionMgr:805 - Attr not supported : Dmpu
2025-12-21 11:04:24,885 [ERROR] ConditionMgr:805 - Attr not supported : Dmpu
2025-12-21 11:04:24,885 [ERROR] ConditionMgr:805 - Attr not supported : Dmpu
2025-12-21 11:04:24,885 [ERROR] ConditionMgr:805 - Attr not supported : Dmpu
2025-12-21 11:04:24,885 [ERROR] ConditionMgr:805 - Attr not supported : Dmpu
2025-12-21 11:04:24,885 [ERROR] ConditionMgr:805 - Attr not supported : Dmpu
2025-12-21 11:04:24,885 [ERROR] ConditionMgr:805 - Attr not supported : Dmpu
2025-12-21 11:04:24,885 [ERROR] ConditionMgr:805 - Attr not supported : Dmpu
2025-12-21 11:04:24,885 [ERROR] ConditionMgr:805 - Attr not supported : Dmpu
2025-12-21 11:04:24,885 [ERROR] ConditionMgr:805 - Attr not supported : Dmpu
2025-12-21 11:04:24,885 [ERROR] ConditionMgr:805 - Attr not supported : Dmpu
2025-12-21 11:04:24,885 [ERROR] ConditionMgr:805 - Attr not supported : Dmpu
2025-12-21 11:04:24,885 [ERROR] ConditionMgr:805 - Attr not supported : Dmpu
2025-12-21 11:04:24,886 [ERROR] ConditionMgr:805 - Attr not supported : Dmpu
2025-12-21 11:04:24,887 [ERROR] ConditionMgr:805 - Attr not supported : Dmpu
2025-12-21 11:04:24,887 [ERROR] ConditionMgr:805 - Attr not supported : Dmpu
2025-12-21 11:04:24,888 [ERROR] ConditionMgr:805 - Attr not supported : Dmpu
2025-12-21 11:04:24,889 [ERROR] ConditionMgr:805 - Attr not supported : Dmpu
2025-12-21 11:04:24,890 [ERROR] ConditionMgr:805 - Attr not supported : Dmpu
2025-12-21 11:04:24,891 [ERROR] ConditionMgr:805 - Attr not supported : Dmpu
2025-12-21 11:04:24,892 [ERROR] ConditionMgr:805 - Attr not supported : Dmpu
2025-12-21 11:04:24,892 [ERROR] ConditionMgr:805 - Attr not supported : Dmpu
2025-12-21 11:04:24,894 [ERROR] ConditionMgr:805 - Attr not supported : Dmpu
2025-12-21 11:04:24,894 [ERROR] ConditionMgr:805 - Attr not supported : Dmpu
2025-12-21 11:04:24,895 [ERROR] ConditionMgr:805 - Attr not supported : Dmpu
2025-12-21 11:04:24,896 [ERROR] ConditionMgr:805 - Attr not supported : Dmpu
2025-12-21 11:04:24,897 [ERROR] ConditionMgr:805 - Attr not supported : Dmpu
2025-12-21 11:04:24,898 [ERROR] ConditionMgr:805 - Attr not supported : Dmpu
2025-12-21 11:04:24,898 [ERROR] ConditionMgr:805 - Attr not supported : Dmpu
2025-12-21 11:04:24,899 [ERROR] ConditionMgr:805 - Attr not supported : Dmpu
2025-12-21 11:04:24,900 [ERROR] ConditionMgr:805 - Attr not supported : Dmpu
2025-12-21 11:04:24,901 [ERROR] ConditionMgr:805 - Attr not supported : Dmpu
2025-12-21 11:04:24,902 [ERROR] ConditionMgr:805 - Attr not supported : Dmpu
2025-12-21 11:04:24,902 [ERROR] ConditionMgr:805 - Attr not supported : Dmpu
2025-12-21 11:04:24,903 [ERROR] ConditionMgr:805 - Attr not supported : Dmpu
2025-12-21 11:04:24,904 [ERROR] ConditionMgr:805 - Attr not supported : Dmpu
2025-12-21 11:04:24,904 [ERROR] ConditionMgr:805 - Attr not supported : Dmpu
2025-12-21 11:04:24,905 [ERROR] ConditionMgr:805 - Attr not supported : Dmpu
2025-12-21 11:04:24,906 [ERROR] ConditionMgr:805 - Attr not supported : Dmpu
2025-12-21 11:04:24,906 [ERROR] ConditionMgr:805 - Attr not supported : Dmpu
2025-12-21 11:04:24,906 [ERROR] ConditionMgr:805 - Attr not supported : Dmpu
2025-12-21 11:04:24,906 [ERROR] ConditionMgr:805 - Attr not supported : Dmpu
2025-12-21 11:04:24,906 [ERROR] ConditionMgr:805 - Attr not supported : Dmpu
2025-12-21 11:04:24,906 [ERROR] ConditionMgr:805 - Attr not supported : Dmpu
2025-12-21 11:04:25,032 [WARN] PackLoader:240 - Cannot read IP mode file for STMicroelectronics.X-CUBE-WB05N.2.0.0
2025-12-21 11:04:25,139 [ERROR] Engine:466 - C:\Users\Aditya\.stm32cubemx\thirdparties\pdsc\STMicroelectronics.X-CUBE-TCPP.4.2.0.pdsc: PDSC version is not supported
2025-12-21 11:04:25,198 [WARN] PackLoader:240 - Cannot read IP mode file for RealThread.X-CUBE-RT-Thread_Nano.4.1.1
2025-12-21 11:04:25,222 [WARN] PackLoader:240 - Cannot read IP mode file for wolfSSL.I-CUBE-wolfSSL.5.7.0
2025-12-21 11:04:25,243 [WARN] PackLoader:240 - Cannot read IP mode file for STMicroelectronics.FP-ATR-SIGFOX1.3.2.0
2025-12-21 11:04:25,331 [WARN] PackLoader:240 - Cannot read IP mode file for STMicroelectronics.X-CUBE-EEPRMA1.5.1.0
2025-12-21 11:04:25,384 [WARN] PackLoader:240 - Cannot read IP mode file for ITTIA_DB.I-CUBE-ITTIADB.8.9.0
2025-12-21 11:04:25,611 [ERROR] Engine:466 - C:\Users\Aditya\.stm32cubemx\thirdparties\pdsc\STMicroelectronics.X-CUBE-ST67W61.1.0.0.pdsc: PDSC version is not supported
2025-12-21 11:04:25,649 [WARN] PackLoader:240 - Cannot read IP mode file for STMicroelectronics.X-CUBE-AI.10.2.0
2025-12-21 11:04:25,718 [WARN] PackLoader:240 - Cannot read IP mode file for SEGGER.I-CUBE-embOS.1.3.1
2025-12-21 11:04:25,961 [WARN] PackLoader:240 - Cannot read IP mode file for STMicroelectronics.X-CUBE-ALGOBUILD.1.4.0
2025-12-21 11:04:26,195 [WARN] PackLoader:240 - Cannot read IP mode file for STMicroelectronics.X-CUBE-MEMS1.11.3.0
2025-12-21 11:04:26,372 [WARN] PackLoader:240 - Cannot read IP mode file for STMicroelectronics.X-CUBE-PM33A1.1.0.0
2025-12-21 11:04:26,471 [WARN] PackLoader:240 - Cannot read IP mode file for STMicroelectronics.X-CUBE-GNSS1.6.0.0
2025-12-21 11:04:26,543 [WARN] PackLoader:240 - Cannot read IP mode file for STMicroelectronics.X-CUBE-AZRTOS-F4.1.1.0
2025-12-21 11:04:26,654 [ERROR] Engine:466 - C:\Users\Aditya\.stm32cubemx\thirdparties\pdsc\Avnet-IotConnect.X-CUBE-IoTC-DA16k-PMOD.1.0.0.pdsc: PDSC version is not supported
2025-12-21 11:04:26,797 [WARN] PackLoader:240 - Cannot read IP mode file for STMicroelectronics.X-CUBE-ISPU.2.1.0
2025-12-21 11:04:26,942 [ERROR] Engine:466 - C:\Users\Aditya\.stm32cubemx\thirdparties\pdsc\STMicroelectronics.X-CUBE-IPS.3.2.0.pdsc: PDSC version is not supported
2025-12-21 11:04:27,085 [WARN] PackLoader:240 - Cannot read IP mode file for STMicroelectronics.X-CUBE-FREERTOS.1.2.0
2025-12-21 11:04:27,211 [WARN] PackLoader:240 - Cannot read IP mode file for STMicroelectronics.X-CUBE-NFC12.1.0.0
2025-12-21 11:04:27,432 [WARN] PackLoader:240 - Cannot read IP mode file for STMicroelectronics.X-CUBE-AZRTOS-L5.2.0.0
2025-12-21 11:04:27,486 [WARN] PackLoader:240 - Cannot read IP mode file for STMicroelectronics.X-CUBE-NFC6.3.1.0
2025-12-21 11:04:27,521 [WARN] PackLoader:240 - Cannot read IP mode file for STMicroelectronics.X-CUBE-DPower.1.2.0
2025-12-21 11:04:27,542 [WARN] PackLoader:240 - Cannot read IP mode file for STMicroelectronics.X-CUBE-AI.9.0.0
2025-12-21 11:04:27,597 [WARN] PackLoader:240 - Cannot read IP mode file for STMicroelectronics.X-CUBE-FREERTOS.1.3.1
2025-12-21 11:04:27,619 [WARN] PackLoader:240 - Cannot read IP mode file for STMicroelectronics.X-CUBE-NFC7.1.0.1
2025-12-21 11:04:27,640 [WARN] PackLoader:240 - Cannot read IP mode file for wolfSSL.I-CUBE-wolfTPM.3.2.0
2025-12-21 11:04:27,657 [WARN] PackLoader:240 - Cannot read IP mode file for STMicroelectronics.X-CUBE-TOUCHGFX.4.26.0
2025-12-21 11:04:27,673 [ERROR] Engine:466 - C:\Users\Aditya\.stm32cubemx\thirdparties\pdsc\STMicroelectronics.FP-SNS-STAIOTCFT.1.0.0.pdsc: PDSC version is not supported
2025-12-21 11:04:27,689 [WARN] PackLoader:240 - Cannot read IP mode file for STMicroelectronics.X-CUBE-DPower.1.3.0
2025-12-21 11:04:27,715 [WARN] ConditionMgr:438 - getConditionDescription Invalid condition id : LAN8742 Phy interface Condition cause : null
2025-12-21 11:04:27,716 [WARN] PackLoader:240 - Cannot read IP mode file for STMicroelectronics.X-CUBE-AZRTOS-L4.2.0.0
2025-12-21 11:04:27,717 [WARN] ConditionMgr:1039 - genDependencies : Invalid condition id : LAN8742 Phy interface Condition cause : null
2025-12-21 11:04:27,717 [WARN] ConditionMgr:1039 - genDependencies : Invalid condition id : LAN8742 Phy interface Condition cause : null
2025-12-21 11:04:27,717 [WARN] ConditionMgr:1039 - genDependencies : Invalid condition id : LAN8742 Phy interface Condition cause : null
2025-12-21 11:04:27,732 [WARN] PackLoader:240 - Cannot read IP mode file for STMicroelectronics.X-CUBE-SFXS2LP1.4.0.0
2025-12-21 11:04:27,774 [WARN] PackLoader:240 - Cannot read IP mode file for STMicroelectronics.X-CUBE-AZRTOS-H7.3.3.0
2025-12-21 11:04:27,789 [ERROR] Engine:466 - C:\Users\Aditya\.stm32cubemx\thirdparties\pdsc\STMicroelectronics.X-CUBE-BLEMGR.4.1.0.pdsc: PDSC version is not supported
2025-12-21 11:04:27,809 [WARN] ConditionMgr:438 - getConditionDescription Invalid condition id : UX DEVICE CLASS RTOS Condition cause : null
2025-12-21 11:04:27,810 [WARN] ConditionMgr:438 - getConditionDescription Invalid condition id : UX DEVICE CLASS RTOS Condition cause : null
2025-12-21 11:04:27,810 [WARN] PackLoader:240 - Cannot read IP mode file for STMicroelectronics.X-CUBE-AZRTOS-WB.2.0.0
2025-12-21 11:04:27,811 [WARN] ConditionMgr:1039 - genDependencies : Invalid condition id : UX DEVICE CLASS RTOS Condition cause : null
2025-12-21 11:04:27,811 [WARN] ConditionMgr:1039 - genDependencies : Invalid condition id : UX DEVICE CLASS RTOS Condition cause : null
2025-12-21 11:04:27,811 [WARN] ConditionMgr:1039 - genDependencies : Invalid condition id : UX DEVICE CLASS RTOS Condition cause : null
2025-12-21 11:04:27,811 [WARN] ConditionMgr:1039 - genDependencies : Invalid condition id : UX DEVICE CLASS RTOS Condition cause : null
2025-12-21 11:04:27,811 [WARN] ConditionMgr:1039 - genDependencies : Invalid condition id : UX DEVICE CLASS RTOS Condition cause : null
2025-12-21 11:04:27,828 [WARN] PackLoader:240 - Cannot read IP mode file for STMicroelectronics.X-CUBE-GNSS1.7.0.1
2025-12-21 11:04:27,861 [WARN] PackLoader:240 - Cannot read IP mode file for STMicroelectronics.X-CUBE-TOUCHGFX.4.25.0
2025-12-21 11:04:27,879 [WARN] PackLoader:240 - Cannot read IP mode file for STMicroelectronics.FP-SNS-STBOX1.2.0.0
2025-12-21 11:04:27,902 [WARN] PackLoader:240 - Cannot read IP mode file for STMicroelectronics.X-CUBE-SUBG2.5.0.0
2025-12-21 11:04:27,971 [WARN] PackLoader:240 - Cannot read IP mode file for STMicroelectronics.X-CUBE-AZRTOS-H7RS.1.1.0
2025-12-21 11:04:27,989 [WARN] PackLoader:240 - Cannot read IP mode file for Cesanta.I-CUBE-Mongoose.7.13.0
2025-12-21 11:04:28,013 [WARN] PackLoader:240 - Cannot read IP mode file for STMicroelectronics.X-CUBE-AZRTOS-G4.2.0.0
2025-12-21 11:04:28,028 [WARN] PackLoader:240 - Cannot read IP mode file for STMicroelectronics.X-CUBE-NFC7.2.0.0
2025-12-21 11:04:28,042 [WARN] PackLoader:240 - Cannot read IP mode file for STMicroelectronics.X-CUBE-ISPU.2.0.0
2025-12-21 11:04:28,057 [ERROR] Engine:466 - C:\Users\Aditya\.stm32cubemx\thirdparties\pdsc\STMicroelectronics.X-CUBE-IPS.3.1.0.pdsc: PDSC version is not supported
2025-12-21 11:04:28,071 [WARN] PackLoader:240 - Cannot read IP mode file for STMicroelectronics.X-CUBE-ALS.1.0.2
2025-12-21 11:04:28,106 [WARN] PackLoader:240 - Cannot read IP mode file for STMicroelectronics.X-CUBE-MEMS1.10.0.0
2025-12-21 11:04:28,186 [WARN] PackLoader:240 - Cannot read IP mode file for STMicroelectronics.X-CUBE-FREERTOS.1.1.0
2025-12-21 11:04:28,200 [WARN] PackLoader:240 - Cannot read IP mode file for STMicroelectronics.X-CUBE-TOUCHGFX.4.24.0
2025-12-21 11:04:28,218 [WARN] PackLoader:240 - Cannot read IP mode file for STMicroelectronics.X-CUBE-STSE01.1.0.0
2025-12-21 11:04:28,235 [WARN] PackLoader:240 - Cannot read IP mode file for portGmbH.I-Cube-SoM-uGOAL.1.1.0
2025-12-21 11:04:28,264 [WARN] PackLoader:240 - Cannot read IP mode file for STMicroelectronics.X-CUBE-ALS.1.0.1
2025-12-21 11:04:28,290 [WARN] PackLoader:240 - Cannot read IP mode file for STMicroelectronics.X-CUBE-AZRTOS-H7RS.1.0.0
2025-12-21 11:04:28,308 [WARN] PackLoader:240 - Cannot read IP mode file for STMicroelectronics.FP-ATR-ASTRA1.2.0.0
2025-12-21 11:04:28,328 [WARN] PackLoader:240 - Cannot read IP mode file for STMicroelectronics.X-CUBE-TOF1.3.4.2
2025-12-21 11:04:28,349 [ERROR] Engine:466 - C:\Users\Aditya\.stm32cubemx\thirdparties\pdsc\STMicroelectronics.X-CUBE-TOF1.3.4.3.pdsc: PDSC version is not supported
2025-12-21 11:04:28,382 [WARN] PackLoader:240 - Cannot read IP mode file for STMicroelectronics.X-CUBE-TOF1.3.4.1
2025-12-21 11:04:28,415 [WARN] PackLoader:240 - Cannot read IP mode file for STMicroelectronics.X-CUBE-AZRTOS-H7.3.2.0
2025-12-21 11:04:28,436 [WARN] PackLoader:240 - Cannot read IP mode file for Infineon.AIROC-Wi-Fi-Bluetooth-STM32.1.6.0
2025-12-21 11:04:28,475 [WARN] PackLoader:240 - Cannot read IP mode file for wolfSSL.I-CUBE-wolfSSH.1.4.17
2025-12-21 11:04:28,476 [INFO] ThirdParty:978 - Integrity check success = true
2025-12-21 11:04:28,476 [INFO] IntegrityCheckThread:100 - exiting critical section [integrity check]
2025-12-21 11:04:28,476 [INFO] IntegrityCheckThread:103 - End integrity checks thread
2025-12-21 11:04:28,519 [INFO] Mcu:2021 - Initializing MCU STM32F446R(C-E)Tx STM32F446RETx STM32F446RET6
2025-12-21 11:04:30,826 [INFO] Context:663 - Trying to add GPIOservice into a context  which must be forbidden
2025-12-21 11:04:31,616 [INFO] RtosManager:555 - Registered RTOS mode: class=CMSIS, group=RTOS, mode=CMSIS_V1, owner=FREERTOS
2025-12-21 11:04:31,616 [INFO] RtosManager:555 - Registered RTOS mode: class=CMSIS, group=RTOS2, mode=CMSIS_V2, owner=FREERTOS
2025-12-21 11:04:31,616 [INFO] RtosManager:555 - Registered RTOS mode: class=RTOS, group=Core, mode=CMSIS_V1, owner=FREERTOS
2025-12-21 11:04:31,616 [INFO] RtosManager:555 - Registered RTOS mode: class=RTOS, group=Core, mode=CMSIS_V2, owner=FREERTOS
2025-12-21 11:04:31,617 [WARN] ModelIntegratedComponent:184 - Missing modes for component STMicroelectronics:FreeRTOS:0.0.1:STMicroelectronics:RTOS:FreeRTOS:Core:::10.2.0:
2025-12-21 11:04:31,633 [WARN] ModelIntegratedComponent:63 - No mode defined for component null
2025-12-21 11:04:31,633 [WARN] ModelIntegratedComponent:63 - No mode defined for component null
2025-12-21 11:04:31,633 [WARN] ModelIntegratedComponent:63 - No mode defined for component null
2025-12-21 11:04:31,633 [WARN] ModelIntegratedComponent:63 - No mode defined for component null
2025-12-21 11:04:31,633 [WARN] ModelIntegratedComponent:63 - No mode defined for component null
2025-12-21 11:04:31,633 [WARN] ModelIntegratedComponent:63 - No mode defined for component null
2025-12-21 11:04:31,633 [WARN] ModelIntegratedComponent:63 - No mode defined for component null
2025-12-21 11:04:31,633 [WARN] ModelIntegratedComponent:63 - No mode defined for component null
2025-12-21 11:04:31,633 [WARN] ModelIntegratedComponent:63 - No mode defined for component null
2025-12-21 11:04:31,633 [WARN] ModelIntegratedComponent:63 - No mode defined for component null
2025-12-21 11:04:31,633 [WARN] ModelIntegratedComponent:63 - No mode defined for component null
2025-12-21 11:04:31,633 [WARN] ModelIntegratedComponent:63 - No mode defined for component null
2025-12-21 11:04:31,633 [WARN] ModelIntegratedComponent:63 - No mode defined for component null
2025-12-21 11:04:31,633 [WARN] ModelIntegratedComponent:63 - No mode defined for component null
2025-12-21 11:04:31,633 [WARN] ModelIntegratedComponent:63 - No mode defined for component null
2025-12-21 11:04:31,633 [WARN] ModelIntegratedComponent:63 - No mode defined for component null
2025-12-21 11:04:31,633 [WARN] ModelIntegratedComponent:63 - No mode defined for component null
2025-12-21 11:04:31,633 [WARN] ModelIntegratedComponent:63 - No mode defined for component null
2025-12-21 11:04:31,633 [WARN] ModelIntegratedComponent:63 - No mode defined for component null
2025-12-21 11:04:31,633 [WARN] ModelIntegratedComponent:63 - No mode defined for component null
2025-12-21 11:04:31,633 [WARN] ModelIntegratedComponent:63 - No mode defined for component null
2025-12-21 11:04:31,633 [WARN] ModelIntegratedComponent:63 - No mode defined for component null
2025-12-21 11:04:31,633 [WARN] ModelIntegratedComponent:63 - No mode defined for component null
2025-12-21 11:04:31,633 [WARN] ModelIntegratedComponent:63 - No mode defined for component null
2025-12-21 11:04:31,633 [WARN] ModelIntegratedComponent:63 - No mode defined for component null
2025-12-21 11:04:31,633 [WARN] ModelIntegratedComponent:63 - No mode defined for component null
2025-12-21 11:04:31,633 [WARN] ModelIntegratedComponent:63 - No mode defined for component null
2025-12-21 11:04:31,634 [WARN] ModelIntegratedComponent:63 - No mode defined for component null
2025-12-21 11:04:31,634 [WARN] ModelIntegratedComponent:63 - No mode defined for component null
2025-12-21 11:04:31,634 [WARN] ModelIntegratedComponent:63 - No mode defined for component null
2025-12-21 11:04:31,634 [WARN] ModelIntegratedComponent:63 - No mode defined for component null
2025-12-21 11:04:31,634 [WARN] ModelIntegratedComponent:63 - No mode defined for component null
2025-12-21 11:04:31,634 [WARN] ModelIntegratedComponent:63 - No mode defined for component null
2025-12-21 11:04:31,634 [WARN] ModelIntegratedComponent:63 - No mode defined for component null
2025-12-21 11:04:31,938 [INFO] ThirdPartyModel:298 - Start build external matchings
2025-12-21 11:04:33,038 [INFO] ThirdPartyModel:316 - End build external matchings
2025-12-21 11:04:33,070 [INFO] ImportTextPane:194 - (OptionalMessage_ERROR) IP (RCC) : Invalid parameter (48MHZClocksFreq_Value)
2025-12-21 11:04:33,070 [INFO] ImportTextPane:194 - (OptionalMessage_ERROR) IP (RCC) : Invalid parameter (EthernetFreq_Value)
2025-12-21 11:04:33,072 [INFO] ImportTextPane:194 - (OptionalMessage_ERROR) IP (RCC) : Parameter (FLatency) has Id (AdvancedSettings) currently not set
2025-12-21 11:04:33,072 [INFO] ImportTextPane:194 - (OptionalMessage_ERROR) IP (RCC) : Invalid parameter (FamilyName)
2025-12-21 11:04:33,072 [INFO] ImportTextPane:194 - (OptionalMessage_ERROR) IP (RCC) : Invalid parameter (I2SClocksFreq_Value)
2025-12-21 11:04:33,072 [INFO] ImportTextPane:194 - (OptionalMessage_ERROR) IP (RCC) : Parameter (MCO2PinFreq_Value) has invalid value (180000000)
2025-12-21 11:04:33,074 [INFO] ImportTextPane:194 - (OptionalMessage_ERROR) IP (RCC) : Parameter (SDIOFreq_Value) has invalid value (180000000)
2025-12-21 11:04:33,076 [INFO] ImportTextPane:194 - (OptionalMessage_ERROR) IP (RCC) : Parameter (USBFreq_Value) has invalid value (180000000)
2025-12-21 11:04:33,082 [INFO] ImportTextPane:194 - (OptionalMessage_ERROR) IP (RCC) : Invalid parameter (VCOInputMFreq_Value)
2025-12-21 11:04:33,085 [INFO] ImportTextPane:194 - (OptionalMessage_ERROR) IP (RCC) : Invalid parameter (VcooutputI2S)
2025-12-21 11:04:33,736 [INFO] ApiDb:581 - Connected to CubeFinder SQLite database (C:\Users\Aditya\.stmcufinder\plugins\mcufinder\mcu\cube-finder-db.db)
2025-12-21 11:04:33,885 [INFO] ApiDb:668 - CubeFinder database Data Model version=2.1
2025-12-21 11:04:33,885 [INFO] ApiDb:669 - CubeFinder database Configuration version=3.0.39
2025-12-21 11:04:33,885 [INFO] ApiDb:670 - CubeFinder database generation date=2025-11-05 (1762334721)
2025-12-21 11:04:33,885 [INFO] ApiDb:671 - CubeFinder database FW Pack versions=[FP-ATR-ASTRA1_V2.0.0, FP-SNS-FLIGHT1_V5.1.0, FP-SNS-MOTENV1_V5.1.0, FP-SNS-MOTENVWB1_V1.4.0, FP-SNS-SMARTAG2_V1.2.0, FP-SNS-STBOX1_V2.1.0, STM32Cube_FW_C0_V1.4.0, STM32Cube_FW_F4_V1.28.3, STM32Cube_FW_F7_V1.17.4, STM32Cube_FW_G0_V1.6.2, STM32Cube_FW_G4_V1.6.1, STM32Cube_FW_H5_V1.5.1, STM32Cube_FW_H7RS_V1.3.0, STM32Cube_FW_H7_V1.12.1, STM32Cube_FW_L0_V1.12.2, STM32Cube_FW_L4_V1.18.1, STM32Cube_FW_L5_V1.6.0, STM32Cube_FW_N6_V1.3.0, STM32Cube_FW_U0_V1.3.0, STM32Cube_FW_U3_V1.2.1, STM32Cube_FW_U5_V1.8.0, STM32Cube_FW_WB0_V1.4.0, STM32Cube_FW_WBA_V1.8.0, STM32Cube_FW_WB_V1.24.0, STM32Cube_FW_WL3_V1.3.0, STM32Cube_FW_WL_V1.4.0, X-CUBE-ALGOBUILD_V1.4.0, X-CUBE-ALS_V1.0.2, X-CUBE-AZRTOS-F4_V1.1.0, X-CUBE-AZRTOS-F7_V1.1.0, X-CUBE-AZRTOS-G0_V1.1.0, X-CUBE-AZRTOS-G4_V2.0.0, X-CUBE-AZRTOS-H7RS_V1.1.0, X-CUBE-AZRTOS-H7_V3.4.0, X-CUBE-AZRTOS-L4_V2.0.0, X-CUBE-AZRTOS-L5_V2.0.0, X-CUBE-AZRTOS-WB_V2.0.0, X-CUBE-AZRTOS-WL_V2.0.0, X-CUBE-BLE1_V7.1.0, X-CUBE-BLE2_V3.3.0, X-CUBE-BLEMGR_V4.1.0, X-CUBE-EEPRMA1_V5.2.0, X-CUBE-FREERTOS_V1.3.1, X-CUBE-GNSS1_V6.0.0, X-CUBE-MEMS1_V11.3.0, X-CUBE-NFC4_V3.0.0, X-CUBE-NFC7_V2.0.0, X-CUBE-SFXS2LP1_V4.0.0, X-CUBE-ST67W61_V1.1.0, X-CUBE-SUBG2_V5.0.0, X-CUBE-TOF1_V3.4.3]
2025-12-21 11:04:34,032 [INFO] DbBoardsSqlite:226 - include board P-NUCLEO-WB55-NUCLEO as a kit item of type 'Nucleo-64'
2025-12-21 11:04:34,032 [INFO] DbBoardsSqlite:226 - include board P-NUCLEO-WB55-USBDONGLE as a kit item of type 'Nucleo USB Dongle'
2025-12-21 11:04:34,034 [INFO] DbBoardsSqlite:226 - include board STEVAL-IDP005V1 as a kit item of type 'Evaluation Board'
2025-12-21 11:04:34,034 [INFO] DbBoardsSqlite:226 - include board STEVAL-IDP005V2 as a kit item of type 'Evaluation Board'
2025-12-21 11:04:34,820 [INFO] ApiDb:240 - Found 483 in-development CPN: [B-G473E-ZEST1S, B-WB1M-WPAN1, B-WL5M-SUBG1, NUCLEO-C031C6, NUCLEO-H503RB, NUCLEO-H533RE, NUCLEO-H563ZI, NUCLEO-H7S3L8, NUCLEO-U031R8, NUCLEO-U083RC, NUCLEO-U545RE-Q, NUCLEO-U5A5ZJ-Q, NUCLEO-WBA52CG, NUCLEO-WBA55CG, STEVAL-PROTEUS1, STEVAL-SMARTAG2, STEVAL-STWINBX1, STM320518-EVAL, STM32C0116-DK, STM32C011D6Y3TR, STM32C011D6Y6TR, STM32C011F4P3, STM32C011F4P6, STM32C011F4U3, STM32C011F4U6TR, STM32C011F6P3, STM32C011F6P6, STM32C011F6U3, STM32C011F6U6TR, STM32C011J4M3, STM32C011J4M6, STM32C011J6M3, STM32C011J6M6, STM32C0316-DK, STM32C031C4T3, STM32C031C4T6, STM32C031C4U3, STM32C031C4U6, STM32C031C6T3, STM32C031C6T6, STM32C031C6U3, STM32C031C6U6, STM32C031F4P3, STM32C031F4P6, STM32C031F6P3, STM32C031F6P6, STM32C031G4U3, STM32C031G4U6, STM32C031G6U3, STM32C031G6U6, STM32C031K4T3, STM32C031K4T6, STM32C031K4U3, STM32C031K4U6, STM32C031K6T3, STM32C031K6T6, STM32C031K6U3, STM32C031K6U6, STM32G071K8TXN, STM32G071K8UXN, STM32G081GBU6N, STM32G081KBT6N, STM32G081KBUXN, STM32G0B1CCT6N, STM32G0B1KCT6, STM32G0B1NEY6TR, STM32G0B1RCT6N, STM32G0C1CCT6, STM32G0C1CCT6N, STM32G0C1CCU6N, STM32G0C1CET6N, STM32G0C1CEU6N, STM32G0C1KCT6, STM32G0C1NEY6TR, STM32G0C1RCI6N, STM32G0C1RCT6N, STM32G0C1REI6N, STM32G0C1RET6N, STM32G0C1VCI6, STM32G0C1VEI6, STM32G471CCT6, STM32G471CCU6, STM32G471CET3, STM32G471CET6, STM32G471CEU3, STM32G471CEU6, STM32G471MCT6, STM32G471MET3, STM32G471MET6, STM32G471MEY6TR, STM32G471QCT6, STM32G471QET3, STM32G471RCT6, STM32G471RET3, STM32G471RET6, STM32G471VCH6, STM32G471VCI6, STM32G471VCT6, STM32G471VEH3, STM32G471VEH6, STM32G471VEI3, STM32G471VEI6, STM32G471VET3, STM32G471VET6, STM32G474CCT6, STM32H503CBT6, STM32H503CBU6, STM32H503EBY6TR, STM32H503KBU6, STM32H503RBT6, STM32H523CCT6, STM32H523CCU6, STM32H523CET6, STM32H523CEU6, STM32H523HEY6TR, STM32H523RCT6, STM32H523RET6, STM32H523VCI6, STM32H523VCT6, STM32H523VEI6, STM32H523VET6, STM32H523ZCJ6, STM32H523ZCT6, STM32H523ZEJ6, STM32H523ZET6, STM32H533CET6, STM32H533CEU6, STM32H533HEY6TR, STM32H533RET6, STM32H533VEI6, STM32H533VET6, STM32H533ZEJ6, STM32H533ZET6, STM32H562AGI6, STM32H562AII6, STM32H562IGK6, STM32H562IGT6, STM32H562IIK6, STM32H562IIT6, STM32H562RGT6, STM32H562RGV6, STM32H562RIT6, STM32H562RIV6, STM32H562VGT6, STM32H562VIT6, STM32H562ZGT6, STM32H562ZIT6, STM32H563AGI6, STM32H563AII3Q, STM32H563AII6, STM32H563IGK6, STM32H563IGT6, STM32H563IIK3Q, STM32H563IIK6, STM32H563IIT3Q, STM32H563IIT6, STM32H563MIY3QTR, STM32H563RGT6, STM32H563RGV6, STM32H563RIT6, STM32H563RIV6, STM32H563VGT6, STM32H563VIT3Q, STM32H563VIT6, STM32H563ZGT6, STM32H563ZIT3Q, STM32H563ZIT6, STM32H573AII3Q, STM32H573AII6, STM32H573I-DK, STM32H573IIK3Q, STM32H573IIK6, STM32H573IIT3Q, STM32H573IIT6, STM32H573MIY3QTR, STM32H573RIT6, STM32H573RIV6, STM32H573VIT3Q, STM32H573VIT6, STM32H573ZIT3Q, STM32H573ZIT6, STM32H7R3A8I6, STM32H7R3I8K6, STM32H7R3I8T6, STM32H7R3L8H6, STM32H7R3L8H6H, STM32H7R3R8V6, STM32H7R3V8H6, STM32H7R3V8T6, STM32H7R3V8Y6, STM32H7R3Z8J6, STM32H7R3Z8T6, STM32H7R7A8I6, STM32H7R7I8K6, STM32H7R7I8T6, STM32H7R7L8H6, STM32H7R7L8H6H, STM32H7R7Z8J6, STM32H7S3A8I6, STM32H7S3I8K6, STM32H7S3I8T6, STM32H7S3L8H6, STM32H7S3L8H6H, STM32H7S3R8V6, STM32H7S3V8H6, STM32H7S3V8T6, STM32H7S3V8Y6, STM32H7S3Z8J6, STM32H7S3Z8T6, STM32H7S78-DK, STM32H7S7A8I6, STM32H7S7I8K6, STM32H7S7I8T6, STM32H7S7L8H6, STM32H7S7L8H6H, STM32H7S7Z8J6, STM32L4R5QGI6STR, STM32MP131AAE3, STM32MP131AAF3, STM32MP131AAG3, STM32MP131CAE3, STM32MP131CAF3, STM32MP131CAG3, STM32MP131DAE7, STM32MP131DAF7, STM32MP131DAG7, STM32MP131FAE7, STM32MP131FAF7, STM32MP131FAG7, STM32MP133AAE3, STM32MP133AAF3, STM32MP133AAG3, STM32MP133CAE3, STM32MP133CAF3, STM32MP133CAG3, STM32MP133DAE7, STM32MP133DAF7, STM32MP133DAG7, STM32MP133FAE7, STM32MP133FAF7, STM32MP133FAG7, STM32MP135AAE3, STM32MP135AAF3, STM32MP135AAG3, STM32MP135CAE3, STM32MP135CAF3, STM32MP135CAG3, STM32MP135DAE7, STM32MP135DAF7, STM32MP135DAG7, STM32MP135F-DK, STM32MP135FAE7, STM32MP135FAF7, STM32MP135FAF7T, STM32MP135FAF7U, STM32MP135FAG7, STM32U031C6T6, STM32U031C6U6, STM32U031C8T6, STM32U031C8U6, STM32U031F4P6, STM32U031F6P6, STM32U031F8P6, STM32U031G6Y6TR, STM32U031G8Y6TR, STM32U031K4U6, STM32U031K6U6, STM32U031K8U6, STM32U031R6I6, STM32U031R6T6, STM32U031R8I6, STM32U031R8T6, STM32U073C8T6, STM32U073C8U6, STM32U073CBT6, STM32U073CBU6, STM32U073CCT6, STM32U073CCU6, STM32U073H8Y6TR, STM32U073HBY6TR, STM32U073HCY6TR, STM32U073K8U6, STM32U073KBU6, STM32U073KCU6, STM32U073M8I6, STM32U073M8T6, STM32U073MBI6, STM32U073MBT6, STM32U073MCI6, STM32U073MCT6, STM32U073R8I6, STM32U073R8T6, STM32U073RBI6, STM32U073RBT6, STM32U073RCI6, STM32U073RCT6, STM32U083C-DK, STM32U083CCT6, STM32U083CCU6, STM32U083HCY6TR, STM32U083KCU6, STM32U083MCI6, STM32U083MCT6, STM32U083RCI6, STM32U083RCT6, STM32U535CBT6, STM32U535CBT6Q, STM32U535CBU6, STM32U535CBU6Q, STM32U535CCT6, STM32U535CCT6Q, STM32U535CCU6, STM32U535CCU6Q, STM32U535CET6, STM32U535CET6Q, STM32U535CEU6, STM32U535CEU6Q, STM32U535JEY6QTR, STM32U535NCY6QTR, STM32U535NEY6QTR, STM32U535RBI6, STM32U535RBI6Q, STM32U535RBT6, STM32U535RBT6Q, STM32U535RCI6, STM32U535RCI6Q, STM32U535RCT6, STM32U535RCT6Q, STM32U535REI6, STM32U535REI6Q, STM32U535RET6, STM32U535RET6Q, STM32U535VCI6, STM32U535VCI6Q, STM32U535VCT6, STM32U535VCT6Q, STM32U535VEI6, STM32U535VEI6Q, STM32U535VET6, STM32U535VET6Q, STM32U545CET6, STM32U545CET6Q, STM32U545CEU6, STM32U545CEU6Q, STM32U545JEY6QTR, STM32U545NEY6QTR, STM32U545REI6, STM32U545REI6Q, STM32U545RET6, STM32U545RET6Q, STM32U545VEI6, STM32U545VEI6Q, STM32U545VET6, STM32U545VET6Q, STM32U595AIH6, STM32U595AIH6Q, STM32U595AJH6, STM32U595AJH6Q, STM32U595QII6, STM32U595QII6Q, STM32U595QJI6, STM32U595QJI6Q, STM32U595RIT6, STM32U595RIT6Q, STM32U595RJT6, STM32U595RJT6Q, STM32U595VIT6, STM32U595VIT6Q, STM32U595VJT6, STM32U595VJT6Q, STM32U595ZIT6, STM32U595ZIT6Q, STM32U595ZIY6QTR, STM32U595ZJT6, STM32U595ZJT6Q, STM32U595ZJY6QTR, STM32U599BJY6QTR, STM32U599NIH6Q, STM32U599NJH6Q, STM32U599VIT6Q, STM32U599VJT6, STM32U599VJT6Q, STM32U599ZIT6Q, STM32U599ZIY6QTR, STM32U599ZJT6Q, STM32U599ZJY6QTR, STM32U5A5AJH6, STM32U5A5AJH6Q, STM32U5A5QII3Q , STM32U5A5QJI6, STM32U5A5QJI6Q, STM32U5A5RJT6, STM32U5A5RJT6Q, STM32U5A5VJT6, STM32U5A5VJT6Q, STM32U5A5ZJT6, STM32U5A5ZJT6Q, STM32U5A5ZJY6QTR, STM32U5A9BJY6QTR, STM32U5A9J-DK, STM32U5A9NJH6Q, STM32U5A9VJT6Q, STM32U5A9ZJT6Q, STM32U5A9ZJY6QTR, STM32U5F7VIT6, STM32U5F7VIT6Q, STM32U5F7VJT6, STM32U5F7VJT6Q, STM32U5F9BJY6QTR, STM32U5F9NJH6Q, STM32U5F9VIT6Q, STM32U5F9VJT6Q, STM32U5F9ZIJ6QTR, STM32U5F9ZIT6Q, STM32U5F9ZJJ6QTR, STM32U5F9ZJT6Q, STM32U5G7VJT6, STM32U5G7VJT6Q, STM32U5G9BJY6QTR, STM32U5G9J-DK1, STM32U5G9J-DK2, STM32U5G9NJH6Q, STM32U5G9VJT6Q, STM32U5G9ZJJ6QTR, STM32U5G9ZJT6Q, STM32WB1MMCH6, STM32WBA50KEU6, STM32WBA50KEU6TR, STM32WBA50KGU6, STM32WBA50KGU6TR, STM32WBA52CEU6, STM32WBA52CEU6TR, STM32WBA52CEU7, STM32WBA52CEU7TR, STM32WBA52CGU6, STM32WBA52CGU6TR, STM32WBA52CGU6U, STM32WBA52CGU7, STM32WBA52CGU7TR, STM32WBA52KEU6, STM32WBA52KEU6TR, STM32WBA52KGU6, STM32WBA52KGU6TR, STM32WBA54CEU6, STM32WBA54CEU6TR, STM32WBA54CEU7, STM32WBA54CEU7TR, STM32WBA54CGU6, STM32WBA54CGU6TR, STM32WBA54CGU7, STM32WBA54CGU7TR, STM32WBA54KEU6, STM32WBA54KEU6TR, STM32WBA54KEU7, STM32WBA54KEU7TR, STM32WBA54KGU6, STM32WBA54KGU6TR, STM32WBA54KGU7, STM32WBA54KGU7TR, STM32WBA55CEU6, STM32WBA55CEU6TR, STM32WBA55CEU7, STM32WBA55CEU7TR, STM32WBA55CGU6, STM32WBA55CGU6TR, STM32WBA55CGU6U, STM32WBA55CGU7, STM32WBA55CGU7TR, STM32WBA55G-DK1, STM32WBA55HEF6, STM32WBA55HEF7, STM32WBA55HGF6, STM32WBA55HGF7, STM32WBA55UEI6, STM32WBA55UEI6TR, STM32WBA55UEI7, STM32WBA55UEI7TR, STM32WBA55UGI6, STM32WBA55UGI6TR, STM32WBA55UGI7, STM32WBA55UGI7TR, STM32WL5MOCH6, STM32WL5MOCH6TR]
2025-12-21 11:04:34,825 [INFO] ApiDb:668 - CubeFinder database Data Model version=2.1
2025-12-21 11:04:34,826 [INFO] ApiDb:669 - CubeFinder database Configuration version=3.0.39
2025-12-21 11:04:34,826 [INFO] ApiDb:670 - CubeFinder database generation date=2025-11-05 (1762334721)
2025-12-21 11:04:34,826 [INFO] ApiDb:671 - CubeFinder database FW Pack versions=[FP-ATR-ASTRA1_V2.0.0, FP-SNS-FLIGHT1_V5.1.0, FP-SNS-MOTENV1_V5.1.0, FP-SNS-MOTENVWB1_V1.4.0, FP-SNS-SMARTAG2_V1.2.0, FP-SNS-STBOX1_V2.1.0, STM32Cube_FW_C0_V1.4.0, STM32Cube_FW_F4_V1.28.3, STM32Cube_FW_F7_V1.17.4, STM32Cube_FW_G0_V1.6.2, STM32Cube_FW_G4_V1.6.1, STM32Cube_FW_H5_V1.5.1, STM32Cube_FW_H7RS_V1.3.0, STM32Cube_FW_H7_V1.12.1, STM32Cube_FW_L0_V1.12.2, STM32Cube_FW_L4_V1.18.1, STM32Cube_FW_L5_V1.6.0, STM32Cube_FW_N6_V1.3.0, STM32Cube_FW_U0_V1.3.0, STM32Cube_FW_U3_V1.2.1, STM32Cube_FW_U5_V1.8.0, STM32Cube_FW_WB0_V1.4.0, STM32Cube_FW_WBA_V1.8.0, STM32Cube_FW_WB_V1.24.0, STM32Cube_FW_WL3_V1.3.0, STM32Cube_FW_WL_V1.4.0, X-CUBE-ALGOBUILD_V1.4.0, X-CUBE-ALS_V1.0.2, X-CUBE-AZRTOS-F4_V1.1.0, X-CUBE-AZRTOS-F7_V1.1.0, X-CUBE-AZRTOS-G0_V1.1.0, X-CUBE-AZRTOS-G4_V2.0.0, X-CUBE-AZRTOS-H7RS_V1.1.0, X-CUBE-AZRTOS-H7_V3.4.0, X-CUBE-AZRTOS-L4_V2.0.0, X-CUBE-AZRTOS-L5_V2.0.0, X-CUBE-AZRTOS-WB_V2.0.0, X-CUBE-AZRTOS-WL_V2.0.0, X-CUBE-BLE1_V7.1.0, X-CUBE-BLE2_V3.3.0, X-CUBE-BLEMGR_V4.1.0, X-CUBE-EEPRMA1_V5.2.0, X-CUBE-FREERTOS_V1.3.1, X-CUBE-GNSS1_V6.0.0, X-CUBE-MEMS1_V11.3.0, X-CUBE-NFC4_V3.0.0, X-CUBE-NFC7_V2.0.0, X-CUBE-SFXS2LP1_V4.0.0, X-CUBE-ST67W61_V1.1.0, X-CUBE-SUBG2_V5.0.0, X-CUBE-TOF1_V3.4.3]
2025-12-21 11:04:37,359 [INFO] ApiDb:240 - Found 483 in-development CPN: [B-G473E-ZEST1S, B-WB1M-WPAN1, B-WL5M-SUBG1, NUCLEO-C031C6, NUCLEO-H503RB, NUCLEO-H533RE, NUCLEO-H563ZI, NUCLEO-H7S3L8, NUCLEO-U031R8, NUCLEO-U083RC, NUCLEO-U545RE-Q, NUCLEO-U5A5ZJ-Q, NUCLEO-WBA52CG, NUCLEO-WBA55CG, STEVAL-PROTEUS1, STEVAL-SMARTAG2, STEVAL-STWINBX1, STM320518-EVAL, STM32C0116-DK, STM32C011D6Y3TR, STM32C011D6Y6TR, STM32C011F4P3, STM32C011F4P6, STM32C011F4U3, STM32C011F4U6TR, STM32C011F6P3, STM32C011F6P6, STM32C011F6U3, STM32C011F6U6TR, STM32C011J4M3, STM32C011J4M6, STM32C011J6M3, STM32C011J6M6, STM32C0316-DK, STM32C031C4T3, STM32C031C4T6, STM32C031C4U3, STM32C031C4U6, STM32C031C6T3, STM32C031C6T6, STM32C031C6U3, STM32C031C6U6, STM32C031F4P3, STM32C031F4P6, STM32C031F6P3, STM32C031F6P6, STM32C031G4U3, STM32C031G4U6, STM32C031G6U3, STM32C031G6U6, STM32C031K4T3, STM32C031K4T6, STM32C031K4U3, STM32C031K4U6, STM32C031K6T3, STM32C031K6T6, STM32C031K6U3, STM32C031K6U6, STM32G071K8TXN, STM32G071K8UXN, STM32G081GBU6N, STM32G081KBT6N, STM32G081KBUXN, STM32G0B1CCT6N, STM32G0B1KCT6, STM32G0B1NEY6TR, STM32G0B1RCT6N, STM32G0C1CCT6, STM32G0C1CCT6N, STM32G0C1CCU6N, STM32G0C1CET6N, STM32G0C1CEU6N, STM32G0C1KCT6, STM32G0C1NEY6TR, STM32G0C1RCI6N, STM32G0C1RCT6N, STM32G0C1REI6N, STM32G0C1RET6N, STM32G0C1VCI6, STM32G0C1VEI6, STM32G471CCT6, STM32G471CCU6, STM32G471CET3, STM32G471CET6, STM32G471CEU3, STM32G471CEU6, STM32G471MCT6, STM32G471MET3, STM32G471MET6, STM32G471MEY6TR, STM32G471QCT6, STM32G471QET3, STM32G471RCT6, STM32G471RET3, STM32G471RET6, STM32G471VCH6, STM32G471VCI6, STM32G471VCT6, STM32G471VEH3, STM32G471VEH6, STM32G471VEI3, STM32G471VEI6, STM32G471VET3, STM32G471VET6, STM32G474CCT6, STM32H503CBT6, STM32H503CBU6, STM32H503EBY6TR, STM32H503KBU6, STM32H503RBT6, STM32H523CCT6, STM32H523CCU6, STM32H523CET6, STM32H523CEU6, STM32H523HEY6TR, STM32H523RCT6, STM32H523RET6, STM32H523VCI6, STM32H523VCT6, STM32H523VEI6, STM32H523VET6, STM32H523ZCJ6, STM32H523ZCT6, STM32H523ZEJ6, STM32H523ZET6, STM32H533CET6, STM32H533CEU6, STM32H533HEY6TR, STM32H533RET6, STM32H533VEI6, STM32H533VET6, STM32H533ZEJ6, STM32H533ZET6, STM32H562AGI6, STM32H562AII6, STM32H562IGK6, STM32H562IGT6, STM32H562IIK6, STM32H562IIT6, STM32H562RGT6, STM32H562RGV6, STM32H562RIT6, STM32H562RIV6, STM32H562VGT6, STM32H562VIT6, STM32H562ZGT6, STM32H562ZIT6, STM32H563AGI6, STM32H563AII3Q, STM32H563AII6, STM32H563IGK6, STM32H563IGT6, STM32H563IIK3Q, STM32H563IIK6, STM32H563IIT3Q, STM32H563IIT6, STM32H563MIY3QTR, STM32H563RGT6, STM32H563RGV6, STM32H563RIT6, STM32H563RIV6, STM32H563VGT6, STM32H563VIT3Q, STM32H563VIT6, STM32H563ZGT6, STM32H563ZIT3Q, STM32H563ZIT6, STM32H573AII3Q, STM32H573AII6, STM32H573I-DK, STM32H573IIK3Q, STM32H573IIK6, STM32H573IIT3Q, STM32H573IIT6, STM32H573MIY3QTR, STM32H573RIT6, STM32H573RIV6, STM32H573VIT3Q, STM32H573VIT6, STM32H573ZIT3Q, STM32H573ZIT6, STM32H7R3A8I6, STM32H7R3I8K6, STM32H7R3I8T6, STM32H7R3L8H6, STM32H7R3L8H6H, STM32H7R3R8V6, STM32H7R3V8H6, STM32H7R3V8T6, STM32H7R3V8Y6, STM32H7R3Z8J6, STM32H7R3Z8T6, STM32H7R7A8I6, STM32H7R7I8K6, STM32H7R7I8T6, STM32H7R7L8H6, STM32H7R7L8H6H, STM32H7R7Z8J6, STM32H7S3A8I6, STM32H7S3I8K6, STM32H7S3I8T6, STM32H7S3L8H6, STM32H7S3L8H6H, STM32H7S3R8V6, STM32H7S3V8H6, STM32H7S3V8T6, STM32H7S3V8Y6, STM32H7S3Z8J6, STM32H7S3Z8T6, STM32H7S78-DK, STM32H7S7A8I6, STM32H7S7I8K6, STM32H7S7I8T6, STM32H7S7L8H6, STM32H7S7L8H6H, STM32H7S7Z8J6, STM32L4R5QGI6STR, STM32MP131AAE3, STM32MP131AAF3, STM32MP131AAG3, STM32MP131CAE3, STM32MP131CAF3, STM32MP131CAG3, STM32MP131DAE7, STM32MP131DAF7, STM32MP131DAG7, STM32MP131FAE7, STM32MP131FAF7, STM32MP131FAG7, STM32MP133AAE3, STM32MP133AAF3, STM32MP133AAG3, STM32MP133CAE3, STM32MP133CAF3, STM32MP133CAG3, STM32MP133DAE7, STM32MP133DAF7, STM32MP133DAG7, STM32MP133FAE7, STM32MP133FAF7, STM32MP133FAG7, STM32MP135AAE3, STM32MP135AAF3, STM32MP135AAG3, STM32MP135CAE3, STM32MP135CAF3, STM32MP135CAG3, STM32MP135DAE7, STM32MP135DAF7, STM32MP135DAG7, STM32MP135F-DK, STM32MP135FAE7, STM32MP135FAF7, STM32MP135FAF7T, STM32MP135FAF7U, STM32MP135FAG7, STM32U031C6T6, STM32U031C6U6, STM32U031C8T6, STM32U031C8U6, STM32U031F4P6, STM32U031F6P6, STM32U031F8P6, STM32U031G6Y6TR, STM32U031G8Y6TR, STM32U031K4U6, STM32U031K6U6, STM32U031K8U6, STM32U031R6I6, STM32U031R6T6, STM32U031R8I6, STM32U031R8T6, STM32U073C8T6, STM32U073C8U6, STM32U073CBT6, STM32U073CBU6, STM32U073CCT6, STM32U073CCU6, STM32U073H8Y6TR, STM32U073HBY6TR, STM32U073HCY6TR, STM32U073K8U6, STM32U073KBU6, STM32U073KCU6, STM32U073M8I6, STM32U073M8T6, STM32U073MBI6, STM32U073MBT6, STM32U073MCI6, STM32U073MCT6, STM32U073R8I6, STM32U073R8T6, STM32U073RBI6, STM32U073RBT6, STM32U073RCI6, STM32U073RCT6, STM32U083C-DK, STM32U083CCT6, STM32U083CCU6, STM32U083HCY6TR, STM32U083KCU6, STM32U083MCI6, STM32U083MCT6, STM32U083RCI6, STM32U083RCT6, STM32U535CBT6, STM32U535CBT6Q, STM32U535CBU6, STM32U535CBU6Q, STM32U535CCT6, STM32U535CCT6Q, STM32U535CCU6, STM32U535CCU6Q, STM32U535CET6, STM32U535CET6Q, STM32U535CEU6, STM32U535CEU6Q, STM32U535JEY6QTR, STM32U535NCY6QTR, STM32U535NEY6QTR, STM32U535RBI6, STM32U535RBI6Q, STM32U535RBT6, STM32U535RBT6Q, STM32U535RCI6, STM32U535RCI6Q, STM32U535RCT6, STM32U535RCT6Q, STM32U535REI6, STM32U535REI6Q, STM32U535RET6, STM32U535RET6Q, STM32U535VCI6, STM32U535VCI6Q, STM32U535VCT6, STM32U535VCT6Q, STM32U535VEI6, STM32U535VEI6Q, STM32U535VET6, STM32U535VET6Q, STM32U545CET6, STM32U545CET6Q, STM32U545CEU6, STM32U545CEU6Q, STM32U545JEY6QTR, STM32U545NEY6QTR, STM32U545REI6, STM32U545REI6Q, STM32U545RET6, STM32U545RET6Q, STM32U545VEI6, STM32U545VEI6Q, STM32U545VET6, STM32U545VET6Q, STM32U595AIH6, STM32U595AIH6Q, STM32U595AJH6, STM32U595AJH6Q, STM32U595QII6, STM32U595QII6Q, STM32U595QJI6, STM32U595QJI6Q, STM32U595RIT6, STM32U595RIT6Q, STM32U595RJT6, STM32U595RJT6Q, STM32U595VIT6, STM32U595VIT6Q, STM32U595VJT6, STM32U595VJT6Q, STM32U595ZIT6, STM32U595ZIT6Q, STM32U595ZIY6QTR, STM32U595ZJT6, STM32U595ZJT6Q, STM32U595ZJY6QTR, STM32U599BJY6QTR, STM32U599NIH6Q, STM32U599NJH6Q, STM32U599VIT6Q, STM32U599VJT6, STM32U599VJT6Q, STM32U599ZIT6Q, STM32U599ZIY6QTR, STM32U599ZJT6Q, STM32U599ZJY6QTR, STM32U5A5AJH6, STM32U5A5AJH6Q, STM32U5A5QII3Q , STM32U5A5QJI6, STM32U5A5QJI6Q, STM32U5A5RJT6, STM32U5A5RJT6Q, STM32U5A5VJT6, STM32U5A5VJT6Q, STM32U5A5ZJT6, STM32U5A5ZJT6Q, STM32U5A5ZJY6QTR, STM32U5A9BJY6QTR, STM32U5A9J-DK, STM32U5A9NJH6Q, STM32U5A9VJT6Q, STM32U5A9ZJT6Q, STM32U5A9ZJY6QTR, STM32U5F7VIT6, STM32U5F7VIT6Q, STM32U5F7VJT6, STM32U5F7VJT6Q, STM32U5F9BJY6QTR, STM32U5F9NJH6Q, STM32U5F9VIT6Q, STM32U5F9VJT6Q, STM32U5F9ZIJ6QTR, STM32U5F9ZIT6Q, STM32U5F9ZJJ6QTR, STM32U5F9ZJT6Q, STM32U5G7VJT6, STM32U5G7VJT6Q, STM32U5G9BJY6QTR, STM32U5G9J-DK1, STM32U5G9J-DK2, STM32U5G9NJH6Q, STM32U5G9VJT6Q, STM32U5G9ZJJ6QTR, STM32U5G9ZJT6Q, STM32WB1MMCH6, STM32WBA50KEU6, STM32WBA50KEU6TR, STM32WBA50KGU6, STM32WBA50KGU6TR, STM32WBA52CEU6, STM32WBA52CEU6TR, STM32WBA52CEU7, STM32WBA52CEU7TR, STM32WBA52CGU6, STM32WBA52CGU6TR, STM32WBA52CGU6U, STM32WBA52CGU7, STM32WBA52CGU7TR, STM32WBA52KEU6, STM32WBA52KEU6TR, STM32WBA52KGU6, STM32WBA52KGU6TR, STM32WBA54CEU6, STM32WBA54CEU6TR, STM32WBA54CEU7, STM32WBA54CEU7TR, STM32WBA54CGU6, STM32WBA54CGU6TR, STM32WBA54CGU7, STM32WBA54CGU7TR, STM32WBA54KEU6, STM32WBA54KEU6TR, STM32WBA54KEU7, STM32WBA54KEU7TR, STM32WBA54KGU6, STM32WBA54KGU6TR, STM32WBA54KGU7, STM32WBA54KGU7TR, STM32WBA55CEU6, STM32WBA55CEU6TR, STM32WBA55CEU7, STM32WBA55CEU7TR, STM32WBA55CGU6, STM32WBA55CGU6TR, STM32WBA55CGU6U, STM32WBA55CGU7, STM32WBA55CGU7TR, STM32WBA55G-DK1, STM32WBA55HEF6, STM32WBA55HEF7, STM32WBA55HGF6, STM32WBA55HGF7, STM32WBA55UEI6, STM32WBA55UEI6TR, STM32WBA55UEI7, STM32WBA55UEI7TR, STM32WBA55UGI6, STM32WBA55UGI6TR, STM32WBA55UGI7, STM32WBA55UGI7TR, STM32WL5MOCH6, STM32WL5MOCH6TR]
2025-12-21 11:04:37,363 [INFO] DbMcus:218 - Found 4816 MCUs, 4816 are supported
2025-12-21 11:04:37,364 [INFO] ApiDb:423 - Load user favorites file C:\Users\Aditya/.stm32cubeide/favorites.mcus.txt: 0 item(s)
2025-12-21 11:04:37,364 [INFO] ApiDb:427 - User favorites MCUs=[]
2025-12-21 11:04:37,364 [INFO] DbMcus:224 - Set 0 / 0 favorites MCUs
2025-12-21 11:04:37,859 [INFO] BoardInfo:889 - No configuration file found for board B-WBA5M-WPAN
2025-12-21 11:04:37,859 [INFO] DbBoards:161 - Board is not supported: B-WBA5M-WPAN
2025-12-21 11:04:37,863 [INFO] BoardInfo:889 - No configuration file found for board NUCLEO-C051C8
2025-12-21 11:04:37,864 [INFO] DbBoards:161 - Board is not supported: NUCLEO-C051C8
2025-12-21 11:04:37,866 [INFO] BoardInfo:889 - No configuration file found for board NUCLEO-C071RB
2025-12-21 11:04:37,866 [INFO] DbBoards:161 - Board is not supported: NUCLEO-C071RB
2025-12-21 11:04:37,869 [INFO] BoardInfo:889 - No configuration file found for board NUCLEO-C092RC
2025-12-21 11:04:37,871 [INFO] DbBoards:161 - Board is not supported: NUCLEO-C092RC
2025-12-21 11:04:37,965 [INFO] BoardInfo:889 - No configuration file found for board NUCLEO-N657X0-Q
2025-12-21 11:04:37,966 [INFO] DbBoards:161 - Board is not supported: NUCLEO-N657X0-Q
2025-12-21 11:04:37,970 [INFO] BoardInfo:889 - No configuration file found for board NUCLEO-U385RG-Q
2025-12-21 11:04:37,970 [INFO] DbBoards:161 - Board is not supported: NUCLEO-U385RG-Q
2025-12-21 11:04:37,975 [INFO] BoardInfo:889 - No configuration file found for board NUCLEO-WB05KZ
2025-12-21 11:04:37,975 [INFO] DbBoards:161 - Board is not supported: NUCLEO-WB05KZ
2025-12-21 11:04:37,976 [INFO] BoardInfo:889 - No configuration file found for board NUCLEO-WB07CC
2025-12-21 11:04:37,976 [INFO] DbBoards:161 - Board is not supported: NUCLEO-WB07CC
2025-12-21 11:04:37,977 [INFO] BoardInfo:889 - No configuration file found for board NUCLEO-WB09KE
2025-12-21 11:04:37,977 [INFO] DbBoards:161 - Board is not supported: NUCLEO-WB09KE
2025-12-21 11:04:37,983 [INFO] BoardInfo:889 - No configuration file found for board NUCLEO-WBA65RI
2025-12-21 11:04:37,983 [INFO] DbBoards:161 - Board is not supported: NUCLEO-WBA65RI
2025-12-21 11:04:37,984 [INFO] BoardInfo:889 - No configuration file found for board NUCLEO-WL33CC1
2025-12-21 11:04:37,985 [INFO] DbBoards:161 - Board is not supported: NUCLEO-WL33CC1
2025-12-21 11:04:37,986 [INFO] BoardInfo:889 - No configuration file found for board NUCLEO-WL33CC2
2025-12-21 11:04:37,986 [INFO] DbBoards:161 - Board is not supported: NUCLEO-WL33CC2
2025-12-21 11:04:37,998 [INFO] BoardInfo:889 - No configuration file found for board P-NUCLEO-WB55
2025-12-21 11:04:37,999 [INFO] DbBoards:161 - Kit is not supported: P-NUCLEO-WB55
2025-12-21 11:04:38,003 [INFO] BoardInfo:889 - No configuration file found for board STEVAL-BFA001V1B
2025-12-21 11:04:38,003 [INFO] DbBoards:161 - Kit is not supported: STEVAL-BFA001V1B
2025-12-21 11:04:38,004 [INFO] BoardInfo:889 - No configuration file found for board STEVAL-BFA001V2B
2025-12-21 11:04:38,004 [INFO] DbBoards:161 - Kit is not supported: STEVAL-BFA001V2B
2025-12-21 11:04:38,219 [INFO] BoardInfo:889 - No configuration file found for board STM32MP257F-DK
2025-12-21 11:04:38,220 [INFO] DbBoards:161 - Board is not supported: STM32MP257F-DK
2025-12-21 11:04:38,221 [INFO] BoardInfo:889 - No configuration file found for board STM32MP257F-EV1
2025-12-21 11:04:38,222 [INFO] DbBoards:161 - Board is not supported: STM32MP257F-EV1
2025-12-21 11:04:38,227 [INFO] BoardInfo:889 - No configuration file found for board STM32N6570-DK
2025-12-21 11:04:38,230 [INFO] DbBoards:161 - Board is not supported: STM32N6570-DK
2025-12-21 11:04:38,261 [INFO] BoardInfo:889 - No configuration file found for board STM32WBA65I-DK1
2025-12-21 11:04:38,262 [INFO] DbBoards:161 - Board is not supported: STM32WBA65I-DK1
2025-12-21 11:04:38,262 [INFO] DbBoards:168 - Found 211 boards, 192 are supported
2025-12-21 11:04:38,262 [INFO] DbBoards:169 - Found 211 boards, 8 of them is supported for  Bsp
2025-12-21 11:04:38,267 [INFO] ApiDb:423 - Load user favorites file C:\Users\Aditya/.stm32cubeide/favorites.boards.txt: 0 item(s)
2025-12-21 11:04:38,267 [INFO] ApiDb:427 - User favorites Boards=[]
2025-12-21 11:04:38,267 [INFO] DbBoards:198 - Set 0 / 0 favorites Boards
2025-12-21 11:04:38,381 [INFO] UtilMem:75 - End LoadConfig() Used Memory: 728901832 Bytes (1073741824)
2025-12-21 11:04:38,644 [WARN] ThirdParty:833 - waiting for thirdparty lock release [change project]
2025-12-21 11:04:38,645 [INFO] ThirdParty:835 - entering critical section [change project]
2025-12-21 11:04:38,645 [INFO] ThirdParty:1030 - CMSIS Pack Vendor :STMicroelectronics X-CUBE-PM33A1 1.0.0
2025-12-21 11:04:38,645 [INFO] ThirdParty:1030 - CMSIS Pack Vendor :STMicroelectronics USBPD 4.1
2025-12-21 11:04:38,645 [INFO] ThirdParty:1030 - CMSIS Pack Vendor :STMicroelectronics X-CUBE-GNSS1 6.0.0
2025-12-21 11:04:38,645 [INFO] ThirdParty:1030 - CMSIS Pack Vendor :STMicroelectronics USB_HOST 2.0.0
2025-12-21 11:04:38,645 [INFO] ThirdParty:1030 - CMSIS Pack Vendor :STMicroelectronics FP-SNS-MOTENVWB1 1.4.0
2025-12-21 11:04:38,645 [INFO] ThirdParty:1030 - CMSIS Pack Vendor :STMicroelectronics X-CUBE-AZRTOS-F4 1.1.0
2025-12-21 11:04:38,645 [INFO] ThirdParty:1030 - CMSIS Pack Vendor :STMicroelectronics LIBJPEG 8.0.0
2025-12-21 11:04:38,645 [INFO] ThirdParty:1030 - CMSIS Pack Vendor :STMicroelectronics FP-ATR-ASTRA1 2.0.2
2025-12-21 11:04:38,645 [INFO] ThirdParty:1030 - CMSIS Pack Vendor :STMicroelectronics X-CUBE-SMBUS 2.1.0
2025-12-21 11:04:38,645 [INFO] ThirdParty:1030 - CMSIS Pack Vendor :STMicroelectronics X-CUBE-ISPU 2.1.0
2025-12-21 11:04:38,646 [INFO] ThirdParty:1030 - CMSIS Pack Vendor :STMicroelectronics X-CUBE-FREERTOS 1.2.0
2025-12-21 11:04:38,646 [INFO] ThirdParty:1030 - CMSIS Pack Vendor :STMicroelectronics X-CUBE-NFC12 1.0.0
2025-12-21 11:04:38,646 [INFO] ThirdParty:1030 - CMSIS Pack Vendor :STMicroelectronics X-CUBE-TOUCHGFX 4.23.2
2025-12-21 11:04:38,646 [INFO] ThirdParty:1030 - CMSIS Pack Vendor :STMicroelectronics X-CUBE-AZRTOS-F7 1.1.0
2025-12-21 11:04:38,646 [INFO] ThirdParty:1030 - CMSIS Pack Vendor :STMicroelectronics X-CUBE-AZRTOS-L5 2.0.0
2025-12-21 11:04:38,646 [INFO] ThirdParty:1030 - CMSIS Pack Vendor :STMicroelectronics USB_DEVICE 2.0.0
2025-12-21 11:04:38,646 [INFO] ThirdParty:1030 - CMSIS Pack Vendor :STMicroelectronics X-CUBE-NFC6 3.1.0
2025-12-21 11:04:38,646 [INFO] ThirdParty:1030 - CMSIS Pack Vendor :STMicroelectronics FreeRTOS 0.0.1
2025-12-21 11:04:38,646 [INFO] ThirdParty:1030 - CMSIS Pack Vendor :STMicroelectronics X-CUBE-DPower 1.2.0
2025-12-21 11:04:38,646 [INFO] ThirdParty:1030 - CMSIS Pack Vendor :STMicroelectronics FP-SNS-FLIGHT1 5.0.2
2025-12-21 11:04:38,646 [INFO] ThirdParty:1030 - CMSIS Pack Vendor :STMicroelectronics X-CUBE-AI 9.0.0
2025-12-21 11:04:38,646 [INFO] ThirdParty:1030 - CMSIS Pack Vendor :STMicroelectronics PDM2PCM 3.3.0
2025-12-21 11:04:38,646 [INFO] ThirdParty:1030 - CMSIS Pack Vendor :STMicroelectronics X-CUBE-AZRTOS-H7 3.4.0
2025-12-21 11:04:38,646 [INFO] ThirdParty:1030 - CMSIS Pack Vendor :STMicroelectronics X-CUBE-DISPLAY 3.0.0
2025-12-21 11:04:38,646 [INFO] ThirdParty:1030 - CMSIS Pack Vendor :STMicroelectronics X-CUBE-BLE1 7.0.0
2025-12-21 11:04:38,646 [INFO] ThirdParty:1030 - CMSIS Pack Vendor :STMicroelectronics X-CUBE-NFC10 1.0.0
2025-12-21 11:04:38,646 [INFO] ThirdParty:1030 - CMSIS Pack Vendor :STMicroelectronics X-CUBE-BLEMGR 4.0.0
2025-12-21 11:04:38,646 [INFO] ThirdParty:1030 - CMSIS Pack Vendor :STMicroelectronics X-CUBE-FREERTOS 1.3.1
2025-12-21 11:04:38,646 [INFO] ThirdParty:1030 - CMSIS Pack Vendor :STMicroelectronics HAL Drivers 0.0.0
2025-12-21 11:04:38,646 [INFO] ThirdParty:1030 - CMSIS Pack Vendor :emotas I-CUBE-CANOPEN 1.3.0
2025-12-21 11:04:38,646 [INFO] ThirdParty:1030 - CMSIS Pack Vendor :STMicroelectronics X-CUBE-NFC7 1.0.1
2025-12-21 11:04:38,647 [INFO] ThirdParty:1030 - CMSIS Pack Vendor :STMicroelectronics MBEDTLS 2.14.1
2025-12-21 11:04:38,647 [INFO] ThirdParty:1030 - CMSIS Pack Vendor :STMicroelectronics X-CUBE-GNSS1 7.1.0
2025-12-21 11:04:38,647 [INFO] ThirdParty:1030 - CMSIS Pack Vendor :wolfSSL I-CUBE-wolfTPM 3.2.0
2025-12-21 11:04:38,647 [INFO] ThirdParty:1030 - CMSIS Pack Vendor :STMicroelectronics X-CUBE-TOUCHGFX 4.26.0
2025-12-21 11:04:38,647 [INFO] ThirdParty:1030 - CMSIS Pack Vendor :quantropi X-CUBE-qispace-sdk-base 2.0.0
2025-12-21 11:04:38,647 [INFO] ThirdParty:1030 - CMSIS Pack Vendor :STMicroelectronics X-CUBE-BLEMGR 3.1.0
2025-12-21 11:04:38,647 [INFO] ThirdParty:1030 - CMSIS Pack Vendor :STMicroelectronics X-CUBE-AI 10.0.0
2025-12-21 11:04:38,647 [INFO] ThirdParty:1030 - CMSIS Pack Vendor :STMicroelectronics FP-SNS-SMARTAG2 1.2.0
2025-12-21 11:04:38,647 [INFO] ThirdParty:1030 - CMSIS Pack Vendor :STMicroelectronics X-CUBE-AZRTOS-WL 2.0.0
2025-12-21 11:04:38,647 [INFO] ThirdParty:1030 - CMSIS Pack Vendor :STMicroelectronics X-CUBE-DPower 1.3.0
2025-12-21 11:04:38,647 [INFO] ThirdParty:1030 - CMSIS Pack Vendor :STMicroelectronics FP-SNS-MOTENV1 5.0.0
2025-12-21 11:04:38,647 [INFO] ThirdParty:1030 - CMSIS Pack Vendor :STMicroelectronics USB_DEVICE 1.0.0
2025-12-21 11:04:38,647 [INFO] ThirdParty:1030 - CMSIS Pack Vendor :STMicroelectronics X-CUBE-AZRTOS-H7RS 1.2.0
2025-12-21 11:04:38,647 [INFO] ThirdParty:1030 - CMSIS Pack Vendor :wolfSSL I-CUBE-wolfMQTT 1.19.0
2025-12-21 11:04:38,647 [INFO] ThirdParty:1030 - CMSIS Pack Vendor :STMicroelectronics X-CUBE-AZRTOS-L4 2.0.0
2025-12-21 11:04:38,647 [INFO] ThirdParty:1030 - CMSIS Pack Vendor :STMicroelectronics ThreadX 0.0.2
2025-12-21 11:04:38,647 [INFO] ThirdParty:1030 - CMSIS Pack Vendor :WES I-CUBE-Cesium 1.3.0
2025-12-21 11:04:38,647 [INFO] ThirdParty:1030 - CMSIS Pack Vendor :STMicroelectronics lwIP 2.1.2
2025-12-21 11:04:38,647 [INFO] ThirdParty:1030 - CMSIS Pack Vendor :STMicroelectronics X-CUBE-SFXS2LP1 4.0.0
2025-12-21 11:04:38,647 [INFO] ThirdParty:1030 - CMSIS Pack Vendor :STMicroelectronics X-CUBE-BLE2 3.3.0
2025-12-21 11:04:38,647 [INFO] ThirdParty:1030 - CMSIS Pack Vendor :STMicroelectronics PDM2PCM 3.2.0
2025-12-21 11:04:38,647 [INFO] ThirdParty:1030 - CMSIS Pack Vendor :STMicroelectronics X-CUBE-AZRTOS-H7 3.3.0
2025-12-21 11:04:38,647 [INFO] ThirdParty:1030 - CMSIS Pack Vendor :STMicroelectronics X-CUBE-NFC9 1.0.0
2025-12-21 11:04:38,647 [INFO] ThirdParty:1030 - CMSIS Pack Vendor :STMicroelectronics X-CUBE-BLE1 7.1.0
2025-12-21 11:04:38,647 [INFO] ThirdParty:1030 - CMSIS Pack Vendor :STMicroelectronics USB_DEVICE 3.0.0
2025-12-21 11:04:38,648 [INFO] ThirdParty:1030 - CMSIS Pack Vendor :STMicroelectronics X-CUBE-TCPP 4.1.0
2025-12-21 11:04:38,648 [INFO] ThirdParty:1030 - CMSIS Pack Vendor :STMicroelectronics X-CUBE-EEPRMA1 5.2.0
2025-12-21 11:04:38,648 [INFO] ThirdParty:1030 - CMSIS Pack Vendor :STMicroelectronics X-CUBE-AZRTOS-WB 2.0.0
2025-12-21 11:04:38,648 [INFO] ThirdParty:1030 - CMSIS Pack Vendor :STMicroelectronics X-CUBE-GNSS1 7.0.1
2025-12-21 11:04:38,648 [INFO] ThirdParty:1030 - CMSIS Pack Vendor :STMicroelectronics X-CUBE-TOUCHGFX 4.25.0
2025-12-21 11:04:38,648 [INFO] ThirdParty:1030 - CMSIS Pack Vendor :STMicroelectronics X-CUBE-AI 10.1.0
2025-12-21 11:04:38,648 [INFO] ThirdParty:1030 - CMSIS Pack Vendor :STMicroelectronics FP-SNS-STBOX1 2.0.0
2025-12-21 11:04:38,648 [INFO] ThirdParty:1030 - CMSIS Pack Vendor :STMicroelectronics X-CUBE-MEMS1 12.0.0
2025-12-21 11:04:38,648 [INFO] ThirdParty:1030 - CMSIS Pack Vendor :STMicroelectronics X-CUBE-ALGOBUILD 1.3.0
2025-12-21 11:04:38,648 [INFO] ThirdParty:1030 - CMSIS Pack Vendor :STMicroelectronics X-CUBE-MEMS1 11.2.0
2025-12-21 11:04:38,648 [INFO] ThirdParty:1030 - CMSIS Pack Vendor :STMicroelectronics X-CUBE-AZRTOS-G0 1.1.0
2025-12-21 11:04:38,648 [INFO] ThirdParty:1030 - CMSIS Pack Vendor :STMicroelectronics X-CUBE-SAFEA1 1.2.2
2025-12-21 11:04:38,648 [INFO] ThirdParty:1030 - CMSIS Pack Vendor :STMicroelectronics X-CUBE-NFC4 3.0.0
2025-12-21 11:04:38,648 [INFO] ThirdParty:1030 - CMSIS Pack Vendor :STMicroelectronics X-CUBE-SUBG2 5.0.0
2025-12-21 11:04:38,648 [INFO] ThirdParty:1030 - CMSIS Pack Vendor :STMicroelectronics X-CUBE-AZRTOS-H7RS 1.1.0
2025-12-21 11:04:38,648 [INFO] ThirdParty:1030 - CMSIS Pack Vendor :STMicroelectronics STM32_WPAN 1.0.0
2025-12-21 11:04:38,648 [INFO] ThirdParty:1030 - CMSIS Pack Vendor :EmbeddedOffice I-CUBE-FS-RTOS 1.0.1
2025-12-21 11:04:38,648 [INFO] ThirdParty:1030 - CMSIS Pack Vendor :STMicroelectronics lwIP 2.0.3
2025-12-21 11:04:38,648 [INFO] ThirdParty:1030 - CMSIS Pack Vendor :Cesanta I-CUBE-Mongoose 7.13.0
2025-12-21 11:04:38,648 [INFO] ThirdParty:1030 - CMSIS Pack Vendor :STMicroelectronics USB_HOST 1.0.0
2025-12-21 11:04:38,648 [INFO] ThirdParty:1030 - CMSIS Pack Vendor :STMicroelectronics X-CUBE-AZRTOS-G4 2.0.0
2025-12-21 11:04:38,648 [INFO] ThirdParty:1030 - CMSIS Pack Vendor :STMicroelectronics X-CUBE-WB05N 2.0.0
2025-12-21 11:04:38,648 [INFO] ThirdParty:1030 - CMSIS Pack Vendor :STMicroelectronics PDM2PCM 3.1.0
2025-12-21 11:04:38,648 [INFO] ThirdParty:1030 - CMSIS Pack Vendor :STMicroelectronics X-CUBE-NFC7 2.0.0
2025-12-21 11:04:38,648 [INFO] ThirdParty:1030 - CMSIS Pack Vendor :RealThread X-CUBE-RT-Thread_Nano 4.1.1
2025-12-21 11:04:38,649 [INFO] ThirdParty:1030 - CMSIS Pack Vendor :wolfSSL I-CUBE-wolfSSL 5.7.0
2025-12-21 11:04:38,649 [INFO] ThirdParty:1030 - CMSIS Pack Vendor :STMicroelectronics FP-ATR-SIGFOX1 3.2.0
2025-12-21 11:04:38,649 [INFO] ThirdParty:1030 - CMSIS Pack Vendor :STMicroelectronics X-CUBE-ISPU 2.0.0
2025-12-21 11:04:38,649 [INFO] ThirdParty:1030 - CMSIS Pack Vendor :STMicroelectronics X-CUBE-EEPRMA1 5.1.0
2025-12-21 11:04:38,649 [INFO] ThirdParty:1030 - CMSIS Pack Vendor :STMicroelectronics MBEDTLS 2.16.2
2025-12-21 11:04:38,649 [INFO] ThirdParty:1030 - CMSIS Pack Vendor :STMicroelectronics X-CUBE-ALS 1.0.2
2025-12-21 11:04:38,649 [INFO] ThirdParty:1030 - CMSIS Pack Vendor :STMicroelectronics X-CUBE-MEMS1 10.0.0
2025-12-21 11:04:38,649 [INFO] ThirdParty:1030 - CMSIS Pack Vendor :STMicroelectronics X-CUBE-FREERTOS 1.1.0
2025-12-21 11:04:38,649 [INFO] ThirdParty:1030 - CMSIS Pack Vendor :STMicroelectronics X-CUBE-TOUCHGFX 4.24.0
2025-12-21 11:04:38,649 [INFO] ThirdParty:1030 - CMSIS Pack Vendor :ITTIA_DB I-CUBE-ITTIADB 8.9.0
2025-12-21 11:04:38,649 [INFO] ThirdParty:1030 - CMSIS Pack Vendor :STMicroelectronics X-CUBE-STSE01 1.0.0
2025-12-21 11:04:38,649 [INFO] ThirdParty:1030 - CMSIS Pack Vendor :portGmbH I-Cube-SoM-uGOAL 1.1.0
2025-12-21 11:04:38,649 [INFO] ThirdParty:1030 - CMSIS Pack Vendor :STMicroelectronics X-CUBE-ALS 1.0.1
2025-12-21 11:04:38,649 [INFO] ThirdParty:1030 - CMSIS Pack Vendor :STMicroelectronics X-CUBE-AI 10.2.0
2025-12-21 11:04:38,649 [INFO] ThirdParty:1030 - CMSIS Pack Vendor :STMicroelectronics ThreadX 1.0.0
2025-12-21 11:04:38,649 [INFO] ThirdParty:1030 - CMSIS Pack Vendor :SEGGER I-CUBE-embOS 1.3.1
2025-12-21 11:04:38,649 [INFO] ThirdParty:1030 - CMSIS Pack Vendor :STMicroelectronics X-CUBE-ALGOBUILD 1.4.0
2025-12-21 11:04:38,649 [INFO] ThirdParty:1030 - CMSIS Pack Vendor :STMicroelectronics X-CUBE-MEMS1 11.3.0
2025-12-21 11:04:38,649 [INFO] ThirdParty:1030 - CMSIS Pack Vendor :STMicroelectronics X-CUBE-AZRTOS-H7RS 1.0.0
2025-12-21 11:04:38,649 [INFO] ThirdParty:1030 - CMSIS Pack Vendor :STMicroelectronics FP-ATR-ASTRA1 2.0.0
2025-12-21 11:04:38,649 [INFO] ThirdParty:1030 - CMSIS Pack Vendor :STMicroelectronics X-CUBE-TOF1 3.4.2
2025-12-21 11:04:38,649 [INFO] ThirdParty:1030 - CMSIS Pack Vendor :STMicroelectronics X-CUBE-TOF1 3.4.1
2025-12-21 11:04:38,649 [INFO] ThirdParty:1030 - CMSIS Pack Vendor :STMicroelectronics X-CUBE-AZRTOS-H7 3.2.0
2025-12-21 11:04:38,649 [INFO] ThirdParty:1030 - CMSIS Pack Vendor :Infineon AIROC-Wi-Fi-Bluetooth-STM32 1.6.0
2025-12-21 11:04:38,651 [INFO] ThirdParty:1030 - CMSIS Pack Vendor :wolfSSL I-CUBE-wolfSSH 1.4.17
2025-12-21 11:04:38,651 [INFO] ThirdParty:841 - exiting critical section [change project]
2025-12-21 11:04:39,102 [INFO] PinOutPanel:1561 - setPackage(No Configuration,No Configuration)
2025-12-21 11:04:39,106 [INFO] PinOutPanel:1561 - setPackage(STM32F446RETx,LQFP64)
2025-12-21 11:04:40,007 [INFO] UtilMem:75 - Before build in PCC Used Memory: 744499320 Bytes (1073741824)
2025-12-21 11:04:41,874 [INFO] UtilMem:75 - After build in PCC Used Memory: 807946376 Bytes (1073741824)
2025-12-21 11:04:41,904 [INFO] IPUIPlugin:80 - create IPUIPlugin
2025-12-21 11:04:41,904 [INFO] IPUIPlugin:80 - create IPUIPlugin
2025-12-21 11:04:41,904 [INFO] IPUIPlugin:80 - create IPUIPlugin
2025-12-21 11:04:41,904 [INFO] IPUIPlugin:80 - create IPUIPlugin
2025-12-21 11:04:41,904 [INFO] IPUIPlugin:80 - create IPUIPlugin
2025-12-21 11:04:41,904 [INFO] IPUIPlugin:80 - create IPUIPlugin
2025-12-21 11:04:41,904 [INFO] IPUIPlugin:80 - create IPUIPlugin
2025-12-21 11:04:41,904 [INFO] IPUIPlugin:80 - create IPUIPlugin
2025-12-21 11:04:41,904 [INFO] IPUIPlugin:80 - create IPUIPlugin
2025-12-21 11:04:41,904 [INFO] IPUIPlugin:80 - create IPUIPlugin
2025-12-21 11:04:41,904 [INFO] IPUIPlugin:80 - create IPUIPlugin
2025-12-21 11:04:41,904 [INFO] IPUIPlugin:80 - create IPUIPlugin
2025-12-21 11:04:41,904 [INFO] IPUIPlugin:80 - create IPUIPlugin
2025-12-21 11:04:41,904 [INFO] IPUIPlugin:80 - create IPUIPlugin
2025-12-21 11:04:41,904 [INFO] IPUIPlugin:80 - create IPUIPlugin
2025-12-21 11:04:41,904 [INFO] IPUIPlugin:80 - create IPUIPlugin
2025-12-21 11:04:41,904 [INFO] IPUIPlugin:80 - create IPUIPlugin
2025-12-21 11:04:41,904 [INFO] IPUIPlugin:80 - create IPUIPlugin
2025-12-21 11:04:41,904 [INFO] IPUIPlugin:80 - create IPUIPlugin
2025-12-21 11:04:41,905 [INFO] IPUIPlugin:80 - create IPUIPlugin
2025-12-21 11:04:41,905 [INFO] IPUIPlugin:80 - create IPUIPlugin
2025-12-21 11:04:41,905 [INFO] IPUIPlugin:80 - create IPUIPlugin
2025-12-21 11:04:41,905 [INFO] IPUIPlugin:80 - create IPUIPlugin
2025-12-21 11:04:41,905 [INFO] IPUIPlugin:80 - create IPUIPlugin
2025-12-21 11:04:41,905 [INFO] IPUIPlugin:80 - create IPUIPlugin
2025-12-21 11:04:41,905 [INFO] IPUIPlugin:80 - create IPUIPlugin
2025-12-21 11:04:41,906 [INFO] IPUIPlugin:80 - create IPUIPlugin
2025-12-21 11:04:41,906 [INFO] IPUIPlugin:80 - create IPUIPlugin
2025-12-21 11:04:41,906 [INFO] IPUIPlugin:80 - create IPUIPlugin
2025-12-21 11:04:41,906 [INFO] IPUIPlugin:80 - create IPUIPlugin
2025-12-21 11:04:41,906 [INFO] IPUIPlugin:80 - create IPUIPlugin
2025-12-21 11:04:41,906 [INFO] IPUIPlugin:80 - create IPUIPlugin
2025-12-21 11:04:41,906 [INFO] IPUIPlugin:80 - create IPUIPlugin
2025-12-21 11:04:41,906 [INFO] IPUIPlugin:80 - create IPUIPlugin
2025-12-21 11:04:41,906 [INFO] IPUIPlugin:80 - create IPUIPlugin
2025-12-21 11:04:41,907 [INFO] IPUIPlugin:80 - create IPUIPlugin
2025-12-21 11:04:41,907 [INFO] IPUIPlugin:80 - create IPUIPlugin
2025-12-21 11:04:41,907 [INFO] IPUIPlugin:80 - create IPUIPlugin
2025-12-21 11:04:41,907 [INFO] IPUIPlugin:80 - create IPUIPlugin
2025-12-21 11:04:41,907 [INFO] IPUIPlugin:80 - create IPUIPlugin
2025-12-21 11:04:41,907 [INFO] IPUIPlugin:80 - create IPUIPlugin
2025-12-21 11:04:41,907 [INFO] IPUIPlugin:80 - create IPUIPlugin
2025-12-21 11:04:41,907 [INFO] IPUIPlugin:80 - create IPUIPlugin
2025-12-21 11:04:41,907 [INFO] IPUIPlugin:80 - create IPUIPlugin
2025-12-21 11:04:41,908 [INFO] IPUIPlugin:80 - create IPUIPlugin
2025-12-21 11:04:41,908 [INFO] IPUIPlugin:80 - create IPUIPlugin
2025-12-21 11:04:41,908 [INFO] IPUIPlugin:80 - create IPUIPlugin
2025-12-21 11:04:41,908 [INFO] IPUIPlugin:80 - create IPUIPlugin
2025-12-21 11:04:41,908 [INFO] IPUIPlugin:80 - create IPUIPlugin
2025-12-21 11:04:41,908 [INFO] IPUIPlugin:80 - create IPUIPlugin
2025-12-21 11:04:41,908 [INFO] IPUIPlugin:80 - create IPUIPlugin
2025-12-21 11:04:41,909 [INFO] IPUIPlugin:80 - create IPUIPlugin
2025-12-21 11:04:41,909 [INFO] IPUIPlugin:80 - create IPUIPlugin
2025-12-21 11:04:41,909 [INFO] IPUIPlugin:80 - create IPUIPlugin
2025-12-21 11:04:41,909 [INFO] IPUIPlugin:80 - create IPUIPlugin
2025-12-21 11:04:41,909 [INFO] IPUIPlugin:80 - create IPUIPlugin
2025-12-21 11:04:41,910 [INFO] IPUIPlugin:80 - create IPUIPlugin
2025-12-21 11:04:41,911 [INFO] IPUIPlugin:80 - create IPUIPlugin
2025-12-21 11:04:41,911 [INFO] IPUIPlugin:80 - create IPUIPlugin
2025-12-21 11:04:41,911 [INFO] IPUIPlugin:80 - create IPUIPlugin
2025-12-21 11:04:42,193 [INFO] ApiDbMcu:508 - Load IP Config File for PDM2PCM
2025-12-21 11:04:42,213 [INFO] Can:71 - Can Add PropertyChangeListener com.st.microxplorer.plugins.ip.can.Can@57eea6fd
2025-12-21 11:04:42,604 [INFO] CADModel:165 - CPN selected for project levelSTM32F446RET6
2025-12-21 11:04:42,604 [INFO] CADModel:114 - Register for checkConnection events
2025-12-21 11:04:42,678 [INFO] OpenFileManager:343 - Restore cursor
