2026-05-09 17:43:52,015 [INFO] Activator:176 - 


2026-05-09 17:43:52,020 [INFO] Activator:177 - !SESSION log4j initialized
2026-05-09 17:44:01,160 [INFO] LogOutputStream:77 - [STDOUT_REDIRECT] 
2026-05-09 17:44:03,755 [INFO] ApplicationProperties:184 - Using Application install path: C:\ST\STM32CubeIDE_1.15.0\STM32CubeIDE\plugins\com.st.stm32cube.common.mx_6.11.0.202403141607
2026-05-09 17:44:03,772 [INFO] DbMcusXml:78 - Set database path to: C:\ST\STM32CubeIDE_1.15.0\STM32CubeIDE\plugins\com.st.stm32cube.common.mx_6.11.0.202403141607\\db\/mcu/
2026-05-09 17:44:03,772 [INFO] ApiDb:274 - Set plugin database path to: C:\ST\STM32CubeIDE_1.15.0\STM32CubeIDE\plugins\com.st.stm32cube.common.mx_6.11.0.202403141607\\db\/plugins/boardmanager/
2026-05-09 17:44:03,773 [WARN] ApiDb:259 - Overriding images path with different value:  => C:\ST\STM32CubeIDE_1.15.0\STM32CubeIDE\plugins\com.st.stm32cube.common.mx_6.11.0.202403141607\\db\/plugins/mcufinder/images/
2026-05-09 17:44:03,783 [INFO] ApiDb:250 - Set database path to: C:\Users\Aditya\.stmcufinder\plugins\mcufinder//mcu/
2026-05-09 17:44:03,785 [INFO] DbMcusAds:125 - Set database path to: C:\Users\Aditya\.stmcufinder\plugins\mcufinder//mcu/
2026-05-09 17:44:03,786 [INFO] CrossReferenceDbSqlite:203 - Set database path to: C:\Users\Aditya\.stmcufinder\plugins\mcufinder//mcu/cs/
2026-05-09 17:44:03,887 [INFO] RulesReader:64 - Compatibility file has been processed (297 Rules)
2026-05-09 17:44:04,025 [INFO] DbMcusXml:78 - Set database path to: C:\ST\STM32CubeIDE_1.15.0\STM32CubeIDE\plugins\com.st.stm32cube.common.mx_6.11.0.202403141607\\db\/mcu/
2026-05-09 17:44:04,025 [INFO] ApiDb:274 - Set plugin database path to: C:\ST\STM32CubeIDE_1.15.0\STM32CubeIDE\plugins\com.st.stm32cube.common.mx_6.11.0.202403141607\\db\/plugins/boardmanager/
2026-05-09 17:44:04,025 [INFO] ApiDb:261 - Set plugin images path to: C:\ST\STM32CubeIDE_1.15.0\STM32CubeIDE\plugins\com.st.stm32cube.common.mx_6.11.0.202403141607\\db\/plugins/mcufinder/images/
2026-05-09 17:44:04,026 [WARN] DbFile:41 - Overriding database path with different value: C:\Users\Aditya\.stmcufinder\plugins\mcufinder/ => C:\Users\Aditya\.stmcufinder\plugins\mcufinder
2026-05-09 17:44:04,026 [INFO] ApiDb:250 - Set database path to: C:\Users\Aditya\.stmcufinder\plugins\mcufinder//mcu/
2026-05-09 17:44:04,026 [WARN] DbFile:41 - Overriding database path with different value: C:\Users\Aditya\.stmcufinder\plugins\mcufinder/ => C:\Users\Aditya\.stmcufinder\plugins\mcufinder
2026-05-09 17:44:04,026 [INFO] DbMcusAds:125 - Set database path to: C:\Users\Aditya\.stmcufinder\plugins\mcufinder//mcu/
2026-05-09 17:44:04,026 [WARN] DbFile:41 - Overriding database path with different value: C:\Users\Aditya\.stmcufinder\plugins\mcufinder/ => C:\Users\Aditya\.stmcufinder\plugins\mcufinder
2026-05-09 17:44:04,026 [WARN] DbFile:41 - Overriding database path with different value: C:\Users\Aditya\.stmcufinder\plugins\mcufinder/ => C:\Users\Aditya\.stmcufinder\plugins\mcufinder
2026-05-09 17:44:04,026 [INFO] CrossReferenceDbSqlite:203 - Set database path to: C:\Users\Aditya\.stmcufinder\plugins\mcufinder//mcu/cs/
2026-05-09 17:44:04,126 [INFO] MainPanel:264 - HeapMemory: 268435456
2026-05-09 17:44:04,242 [INFO] DbMcusXml:78 - Set database path to: C:\ST\STM32CubeIDE_1.15.0\STM32CubeIDE\plugins\com.st.stm32cube.common.mx_6.11.0.202403141607\\db\/mcu/
2026-05-09 17:44:04,242 [INFO] ApiDb:274 - Set plugin database path to: C:\ST\STM32CubeIDE_1.15.0\STM32CubeIDE\plugins\com.st.stm32cube.common.mx_6.11.0.202403141607\\db\/plugins/boardmanager/
2026-05-09 17:44:04,243 [INFO] ApiDb:261 - Set plugin images path to: C:\ST\STM32CubeIDE_1.15.0\STM32CubeIDE\plugins\com.st.stm32cube.common.mx_6.11.0.202403141607\\db\/plugins/mcufinder/images/
2026-05-09 17:44:04,243 [WARN] DbFile:41 - Overriding database path with different value: C:\Users\Aditya\.stmcufinder\plugins\mcufinder/ => C:\Users\Aditya\.stmcufinder\plugins\mcufinder
2026-05-09 17:44:04,243 [INFO] ApiDb:250 - Set database path to: C:\Users\Aditya\.stmcufinder\plugins\mcufinder//mcu/
2026-05-09 17:44:04,243 [WARN] DbFile:41 - Overriding database path with different value: C:\Users\Aditya\.stmcufinder\plugins\mcufinder/ => C:\Users\Aditya\.stmcufinder\plugins\mcufinder
2026-05-09 17:44:04,243 [INFO] DbMcusAds:125 - Set database path to: C:\Users\Aditya\.stmcufinder\plugins\mcufinder//mcu/
2026-05-09 17:44:04,243 [WARN] DbFile:41 - Overriding database path with different value: C:\Users\Aditya\.stmcufinder\plugins\mcufinder/ => C:\Users\Aditya\.stmcufinder\plugins\mcufinder
2026-05-09 17:44:04,243 [WARN] DbFile:41 - Overriding database path with different value: C:\Users\Aditya\.stmcufinder\plugins\mcufinder/ => C:\Users\Aditya\.stmcufinder\plugins\mcufinder
2026-05-09 17:44:04,243 [INFO] CrossReferenceDbSqlite:203 - Set database path to: C:\Users\Aditya\.stmcufinder\plugins\mcufinder//mcu/cs/
2026-05-09 17:44:04,261 [INFO] ApplicationProperties:184 - Using Application install path: C:\ST\STM32CubeIDE_1.15.0\STM32CubeIDE\plugins\com.st.stm32cube.common.mx_6.11.0.202403141607
2026-05-09 17:44:04,262 [INFO] PluginManage:196 - Search for loadable plugins [exclusion list=, ]
2026-05-09 17:44:04,264 [INFO] PluginManage:310 - Check plugin analytics
2026-05-09 17:44:04,486 [INFO] AnalyticsPlugin:253 - Accepted Software Licenses: 
2026-05-09 17:44:04,487 [INFO] AnalyticsPlugin:255 - Accepted CMSIS Pack Licenses: 
2026-05-09 17:44:04,487 [INFO] AnalyticsPlugin:257 - Accepted Firmware Licenses: 
2026-05-09 17:44:04,492 [INFO] PluginManage:359 - Loaded plugin analytics (category:tool,tabindex:-1)
2026-05-09 17:44:04,493 [INFO] PluginManage:310 - Check plugin cadmodel
2026-05-09 17:44:04,511 [INFO] CADModel:105 - Init CAD model plugin
2026-05-09 17:44:04,511 [INFO] PluginManage:359 - Loaded plugin cadmodel (category:power,tabindex:5)
2026-05-09 17:44:04,511 [INFO] PluginManage:310 - Check plugin clock
2026-05-09 17:44:04,535 [INFO] PluginManage:359 - Loaded plugin clock (category:base,tabindex:2)
2026-05-09 17:44:04,535 [INFO] PluginManage:310 - Check plugin ddr
2026-05-09 17:44:04,540 [INFO] PluginManage:359 - Loaded plugin ddr (category:tool,tabindex:6)
2026-05-09 17:44:04,541 [INFO] PluginManage:310 - Check plugin filemanager
2026-05-09 17:44:04,721 [INFO] PluginManage:359 - Loaded plugin filemanager (category:base,tabindex:10)
2026-05-09 17:44:04,721 [INFO] PluginManage:310 - Check plugin ipmanager
2026-05-09 17:44:04,730 [INFO] PluginManage:359 - Loaded plugin ipmanager (category:base,tabindex:5)
2026-05-09 17:44:04,730 [INFO] PluginManage:310 - Check plugin lpbam
2026-05-09 17:44:04,752 [INFO] PluginManage:359 - Loaded plugin lpbam (category:base,tabindex:0)
2026-05-09 17:44:04,752 [INFO] PluginManage:310 - Check plugin memorymap
2026-05-09 17:44:04,777 [INFO] PluginManage:359 - Loaded plugin memorymap (category:base,tabindex:4)
2026-05-09 17:44:04,777 [INFO] PluginManage:310 - Check plugin pinoutandconfiguration
2026-05-09 17:44:04,793 [INFO] PluginManage:359 - Loaded plugin pinoutandconfiguration (category:base,tabindex:1)
2026-05-09 17:44:04,794 [INFO] PluginManage:310 - Check plugin pinoutconfig
2026-05-09 17:44:04,899 [WARN] SupportedApi:132 - Cannot load RTOS API schema: s4s-elt-must-match.1: The content of 'definitions' must match (annotation?, (simpleType | complexType)?, (unique | key | keyref)*)). A problem was found starting at: attribute.
2026-05-09 17:44:05,020 [INFO] PluginManage:359 - Loaded plugin pinoutconfig (category:base,tabindex:0)
2026-05-09 17:44:05,020 [INFO] PluginManage:310 - Check plugin power
2026-05-09 17:44:05,038 [INFO] PluginManage:359 - Loaded plugin power (category:power,tabindex:4)
2026-05-09 17:44:05,038 [INFO] PluginManage:310 - Check plugin projectmanager
2026-05-09 17:44:05,051 [INFO] PluginManage:359 - Loaded plugin projectmanager (category:projectmanager,tabindex:3)
2026-05-09 17:44:05,051 [INFO] PluginManage:310 - Check plugin thirdparty
2026-05-09 17:44:05,418 [INFO] PluginManage:359 - Loaded plugin thirdparty (category:base,tabindex:-1)
2026-05-09 17:44:05,418 [INFO] PluginManage:310 - Check plugin tools
2026-05-09 17:44:05,417 [WARN] IntegrityCheckThread:84 - waiting for thirdparty lock release [integrity check]
2026-05-09 17:44:05,418 [INFO] IntegrityCheckThread:86 - entering critical section [integrity check]
2026-05-09 17:44:05,418 [INFO] ThirdPartyUpdaterWithRetryManager:70 - Updater plugin not ready yet. [1/15]
2026-05-09 17:44:05,448 [INFO] PluginManage:359 - Loaded plugin tools (category:base,tabindex:7)
2026-05-09 17:44:05,448 [INFO] PluginManage:310 - Check plugin tutovideos
2026-05-09 17:44:05,638 [INFO] PluginManage:359 - Loaded plugin tutovideos (category:base,tabindex:-1)
2026-05-09 17:44:05,638 [INFO] PluginManage:310 - Check plugin updater
2026-05-09 17:44:05,649 [INFO] PluginManage:359 - Loaded plugin updater (category:base,tabindex:12)
2026-05-09 17:44:05,649 [INFO] PluginManage:310 - Check plugin userauth
2026-05-09 17:44:05,655 [INFO] UserAuth:114 - Init User Auth plugin
2026-05-09 17:44:05,655 [INFO] PluginManage:359 - Loaded plugin userauth (category:base,tabindex:14)
2026-05-09 17:44:05,655 [INFO] PluginManage:283 - PluginManage : Loaded plugins [17]
2026-05-09 17:44:05,870 [INFO] PinOutPanel:1561 - setPackage(No Configuration,No Configuration)
2026-05-09 17:44:05,946 [INFO] CADModel:165 - CPN selected for project level
2026-05-09 17:44:05,947 [INFO] CADModel:114 - Register for checkConnection events
2026-05-09 17:44:05,974 [INFO] IPUIPlugin:80 - create IPUIPlugin
2026-05-09 17:44:05,974 [INFO] PluginManager:220 - loadIPPluginJar : add adc
2026-05-09 17:44:06,021 [INFO] IPUIPlugin:80 - create IPUIPlugin
2026-05-09 17:44:06,021 [INFO] PluginManager:220 - loadIPPluginJar : add aes
2026-05-09 17:44:06,192 [INFO] IPUIPlugin:80 - create IPUIPlugin
2026-05-09 17:44:06,192 [INFO] PluginManager:220 - loadIPPluginJar : add can
2026-05-09 17:44:06,217 [INFO] IPUIPlugin:80 - create IPUIPlugin
2026-05-09 17:44:06,217 [INFO] PluginManager:220 - loadIPPluginJar : add comp
2026-05-09 17:44:06,245 [INFO] IPUIPlugin:80 - create IPUIPlugin
2026-05-09 17:44:06,245 [INFO] PluginManager:220 - loadIPPluginJar : add cryp
2026-05-09 17:44:06,357 [INFO] IPUIPlugin:80 - create IPUIPlugin
2026-05-09 17:44:06,357 [INFO] PluginManager:220 - loadIPPluginJar : add dfsdm
2026-05-09 17:44:06,393 [INFO] IPUIPlugin:80 - create IPUIPlugin
2026-05-09 17:44:06,393 [INFO] PluginManager:220 - loadIPPluginJar : add dma
2026-05-09 17:44:06,559 [INFO] IPUIPlugin:80 - create IPUIPlugin
2026-05-09 17:44:06,560 [INFO] PluginManager:220 - loadIPPluginJar : add dma3
2026-05-09 17:44:06,642 [INFO] IPUIPlugin:80 - create IPUIPlugin
2026-05-09 17:44:06,642 [INFO] PluginManager:220 - loadIPPluginJar : add extmemmanager
2026-05-09 17:44:06,721 [INFO] IPUIPlugin:80 - create IPUIPlugin
2026-05-09 17:44:06,721 [INFO] PluginManager:220 - loadIPPluginJar : add fatfs
2026-05-09 17:44:06,895 [INFO] IPUIPlugin:80 - create IPUIPlugin
2026-05-09 17:44:06,896 [INFO] PluginManager:220 - loadIPPluginJar : add fmc
2026-05-09 17:44:06,934 [INFO] IPUIPlugin:80 - create IPUIPlugin
2026-05-09 17:44:06,934 [INFO] PluginManager:220 - loadIPPluginJar : add freertos
2026-05-09 17:44:06,966 [INFO] IPUIPlugin:80 - create IPUIPlugin
2026-05-09 17:44:06,966 [INFO] PluginManager:220 - loadIPPluginJar : add genericplugin
2026-05-09 17:44:07,251 [INFO] IPUIPlugin:80 - create IPUIPlugin
2026-05-09 17:44:07,252 [INFO] PluginManager:220 - loadIPPluginJar : add gfxmmu
2026-05-09 17:44:07,774 [INFO] IPUIPlugin:80 - create IPUIPlugin
2026-05-09 17:44:07,774 [INFO] PluginManager:220 - loadIPPluginJar : add gic
2026-05-09 17:44:07,818 [INFO] IPUIPlugin:80 - create IPUIPlugin
2026-05-09 17:44:07,818 [INFO] PluginManager:220 - loadIPPluginJar : add gpio
2026-05-09 17:44:08,178 [INFO] IPUIPlugin:80 - create IPUIPlugin
2026-05-09 17:44:08,178 [INFO] PluginManager:220 - loadIPPluginJar : add gtzc
2026-05-09 17:44:08,394 [INFO] IPUIPlugin:80 - create IPUIPlugin
2026-05-09 17:44:08,394 [INFO] PluginManager:220 - loadIPPluginJar : add hash
2026-05-09 17:44:08,420 [INFO] ThirdPartyUpdaterWithRetryManager:70 - Updater plugin not ready yet. [2/15]
2026-05-09 17:44:08,602 [INFO] IPUIPlugin:80 - create IPUIPlugin
2026-05-09 17:44:08,602 [INFO] PluginManager:220 - loadIPPluginJar : add i2c
2026-05-09 17:44:08,767 [INFO] IPUIPlugin:80 - create IPUIPlugin
2026-05-09 17:44:08,767 [INFO] PluginManager:220 - loadIPPluginJar : add i2s
2026-05-09 17:44:08,846 [INFO] IPUIPlugin:80 - create IPUIPlugin
2026-05-09 17:44:08,847 [INFO] PluginManager:220 - loadIPPluginJar : add i3c
2026-05-09 17:44:09,212 [INFO] IPUIPlugin:80 - create IPUIPlugin
2026-05-09 17:44:09,214 [INFO] PluginManager:220 - loadIPPluginJar : add ipddr
2026-05-09 17:44:09,687 [INFO] IPUIPlugin:80 - create IPUIPlugin
2026-05-09 17:44:09,687 [INFO] PluginManager:220 - loadIPPluginJar : add linkedlist
2026-05-09 17:44:09,740 [INFO] IPUIPlugin:80 - create IPUIPlugin
2026-05-09 17:44:09,740 [INFO] PluginManager:220 - loadIPPluginJar : add lorawan
2026-05-09 17:44:09,778 [INFO] IPUIPlugin:80 - create IPUIPlugin
2026-05-09 17:44:09,778 [INFO] PluginManager:220 - loadIPPluginJar : add ltdc
2026-05-09 17:44:09,814 [INFO] IPUIPlugin:80 - create IPUIPlugin
2026-05-09 17:44:09,815 [INFO] PluginManager:220 - loadIPPluginJar : add mdma
2026-05-09 17:44:09,852 [INFO] IPUIPlugin:80 - create IPUIPlugin
2026-05-09 17:44:09,853 [INFO] PluginManager:220 - loadIPPluginJar : add nvic
2026-05-09 17:44:09,980 [INFO] IPUIPlugin:80 - create IPUIPlugin
2026-05-09 17:44:09,981 [INFO] PluginManager:220 - loadIPPluginJar : add opamp
2026-05-09 17:44:10,208 [INFO] IPUIPlugin:80 - create IPUIPlugin
2026-05-09 17:44:10,208 [INFO] PluginManager:220 - loadIPPluginJar : add openamp
2026-05-09 17:44:10,381 [INFO] IPUIPlugin:80 - create IPUIPlugin
2026-05-09 17:44:10,381 [INFO] PluginManager:220 - loadIPPluginJar : add pdm2pcm
2026-05-09 17:44:10,435 [INFO] IPUIPlugin:80 - create IPUIPlugin
2026-05-09 17:44:10,439 [INFO] PluginManager:220 - loadIPPluginJar : add plateformsettings
2026-05-09 17:44:10,470 [INFO] IPUIPlugin:80 - create IPUIPlugin
2026-05-09 17:44:10,473 [INFO] PluginManager:220 - loadIPPluginJar : add quadspi
2026-05-09 17:44:10,513 [INFO] IPUIPlugin:80 - create IPUIPlugin
2026-05-09 17:44:10,513 [INFO] PluginManager:220 - loadIPPluginJar : add resmgrutility
2026-05-09 17:44:10,719 [INFO] IPUIPlugin:80 - create IPUIPlugin
2026-05-09 17:44:10,720 [INFO] PluginManager:220 - loadIPPluginJar : add sai
2026-05-09 17:44:10,823 [INFO] IPUIPlugin:80 - create IPUIPlugin
2026-05-09 17:44:10,823 [INFO] PluginManager:220 - loadIPPluginJar : add spi
2026-05-09 17:44:10,971 [INFO] IPUIPlugin:80 - create IPUIPlugin
2026-05-09 17:44:10,971 [INFO] PluginManager:220 - loadIPPluginJar : add stm32_wpan
2026-05-09 17:44:11,031 [INFO] IPUIPlugin:80 - create IPUIPlugin
2026-05-09 17:44:11,032 [INFO] PluginManager:220 - loadIPPluginJar : add tim
2026-05-09 17:44:11,273 [INFO] IPUIPlugin:80 - create IPUIPlugin
2026-05-09 17:44:11,273 [INFO] PluginManager:220 - loadIPPluginJar : add touchsensing
2026-05-09 17:44:11,368 [INFO] IPUIPlugin:80 - create IPUIPlugin
2026-05-09 17:44:11,368 [INFO] PluginManager:220 - loadIPPluginJar : add tracer_emb
2026-05-09 17:44:11,424 [INFO] ThirdPartyUpdaterWithRetryManager:70 - Updater plugin not ready yet. [3/15]
2026-05-09 17:44:11,451 [INFO] IPUIPlugin:80 - create IPUIPlugin
2026-05-09 17:44:11,451 [INFO] PluginManager:220 - loadIPPluginJar : add ts
2026-05-09 17:44:11,549 [INFO] IPUIPlugin:80 - create IPUIPlugin
2026-05-09 17:44:11,549 [INFO] PluginManager:220 - loadIPPluginJar : add tsc
2026-05-09 17:44:11,623 [INFO] IPUIPlugin:80 - create IPUIPlugin
2026-05-09 17:44:11,623 [INFO] PluginManager:220 - loadIPPluginJar : add ucpd
2026-05-09 17:44:11,800 [INFO] IPUIPlugin:80 - create IPUIPlugin
2026-05-09 17:44:11,800 [INFO] PluginManager:220 - loadIPPluginJar : add usart
2026-05-09 17:44:11,877 [INFO] IPUIPlugin:80 - create IPUIPlugin
2026-05-09 17:44:11,877 [INFO] PluginManager:220 - loadIPPluginJar : add usbx
2026-05-09 17:44:12,047 [INFO] CADModel:165 - CPN selected for project level
2026-05-09 17:44:12,047 [INFO] CADModel:114 - Register for checkConnection events
2026-05-09 17:44:12,047 [FATAL] Updater:308 - Updater called before beeing initialized
2026-05-09 17:44:12,047 [ERROR] CADModel:125 - Updater not yet initialized, retry later 
2026-05-09 17:44:12,297 [INFO] CADModel:165 - CPN selected for project level
2026-05-09 17:44:12,298 [INFO] CADModel:114 - Register for checkConnection events
2026-05-09 17:44:12,298 [FATAL] Updater:308 - Updater called before beeing initialized
2026-05-09 17:44:12,298 [ERROR] CADModel:125 - Updater not yet initialized, retry later 
2026-05-09 17:44:12,304 [FATAL] Updater:308 - Updater called before beeing initialized
2026-05-09 17:44:12,559 [FATAL] Updater:308 - Updater called before beeing initialized
2026-05-09 17:44:12,578 [INFO] DbMcusAds:53 - JSON generation date=Mon Apr 27 13:44:29 IST 2026 (1777277669683)
2026-05-09 17:44:12,578 [FATAL] Updater:308 - Updater called before beeing initialized
2026-05-09 17:44:12,699 [WARN] DetailPanel:346 - Failed to get advertising image, set to default
2026-05-09 17:44:12,837 [FATAL] Updater:308 - Updater called before beeing initialized
2026-05-09 17:44:12,840 [FATAL] Updater:308 - Updater called before beeing initialized
2026-05-09 17:44:12,840 [FATAL] Updater:308 - Updater called before beeing initialized
2026-05-09 17:44:12,840 [WARN] DetailPanel:346 - Failed to get advertising image, set to default
2026-05-09 17:44:12,841 [FATAL] Updater:308 - Updater called before beeing initialized
2026-05-09 17:44:12,994 [ERROR] Updater:1120 - MainUpdater not yet initialized. External WinMGr cannot be set.
2026-05-09 17:44:13,017 [INFO] Updater:1056 - Updater Version found : 6.11.0
2026-05-09 17:44:13,046 [INFO] ApplicationProperties:184 - Using Application install path: C:\ST\STM32CubeIDE_1.15.0\STM32CubeIDE\plugins\com.st.stm32cube.common.mx_6.11.0.202403141607
2026-05-09 17:44:14,436 [INFO] ThirdPartyUpdaterWithRetryManager:70 - Updater plugin not ready yet. [4/15]
2026-05-09 17:44:14,664 [ERROR] LogOutputStream:75 - [STDERR_REDIRECT] May 09, 2026 5:44:14 PM java.util.prefs.WindowsPreferences <init>
2026-05-09 17:44:14,665 [ERROR] LogOutputStream:75 - [STDERR_REDIRECT] WARNING: Could not open/create prefs root node Software\JavaSoft\Prefs at root 0xffffffff80000002. Windows RegCreateKeyEx(...) returned error code 5.
2026-05-09 17:44:14,665 [ERROR] LogOutputStream:75 - [STDERR_REDIRECT] 
2026-05-09 17:44:15,690 [INFO] MainUpdater:2873 - connection check result : 10
2026-05-09 17:44:15,690 [INFO] MainUpdater:3567 - Updater definition file requires update
2026-05-09 17:44:15,693 [INFO] MainUpdater:290 - Updater Check For Update Now.
2026-05-09 17:44:15,693 [INFO] MicroXplorer:498 - Change Database Version : DB.6.0.110
2026-05-09 17:44:15,719 [INFO] McuFinderGlobals:63 - Set McuFinder mode to 2 (CubeIDE integrated)
2026-05-09 17:44:15,734 [INFO] UserAuth:415 - Internet connection configuration mode: 1
2026-05-09 17:44:15,762 [INFO] JxBrowserEngine:152 - Initiate JxBrowser Engine with user profile folder
2026-05-09 17:44:15,793 [INFO] ServerAccessManage:473 - Download File updaters.zip
2026-05-09 17:44:16,055 [INFO] FileExtend:240 - Unzip File : updaters.zip
2026-05-09 17:44:16,056 [INFO] FileExtend:255 - Standard Zip Deflate
2026-05-09 17:44:17,462 [WARN] MainUpdater:1194 - Updater busy. Cannot search thirdparties
2026-05-09 17:44:17,462 [INFO] ThirdPartyUpdaterWithRetryManager:96 - Updater plugin is busy. [1/15]
2026-05-09 17:44:18,394 [INFO] ServerAccessManage:473 - Download File PacksControlFlags.xml
2026-05-09 17:44:18,533 [INFO] ServerAccessManage:473 - Download File cubemx.pidx
2026-05-09 17:44:18,954 [INFO] LoadServerUpdatesThread:375 - End of LoadServerUpdate Thread
2026-05-09 17:44:19,348 [INFO] CheckServerUpdateThread:120 - End of CheckServer Thread
2026-05-09 17:44:21,255 [INFO] WebApp:161 - Instantiating new browser for Auth
2026-05-09 17:44:21,338 [WARN] PackLoader:240 - Cannot read IP mode file for STMicroelectronics.X-CUBE-AZRTOS-H7.3.5.0
2026-05-09 17:44:21,379 [WARN] PackLoader:240 - Cannot read IP mode file for STMicroelectronics.FP-SNS-MOTENVWB1.1.4.0
2026-05-09 17:44:21,406 [WARN] PackLoader:240 - Cannot read IP mode file for STMicroelectronics.FP-ATR-ASTRA1.2.0.2
2026-05-09 17:44:21,434 [WARN] PackLoader:240 - Cannot read IP mode file for STMicroelectronics.X-CUBE-SMBUS.2.1.0
2026-05-09 17:44:21,452 [ERROR] Engine:466 - C:\Users\Aditya\.stm32cubemx\thirdparties\pdsc\STMicroelectronics.X-CUBE-ST60.1.0.0.pdsc: PDSC version is not supported
2026-05-09 17:44:21,472 [WARN] PackLoader:240 - Cannot read IP mode file for STMicroelectronics.X-CUBE-TOUCHGFX.4.23.2
2026-05-09 17:44:21,519 [WARN] PackLoader:240 - Cannot read IP mode file for STMicroelectronics.X-CUBE-AZRTOS-F7.1.1.0
2026-05-09 17:44:21,547 [ERROR] Engine:466 - C:\Users\Aditya\.stm32cubemx\thirdparties\pdsc\STMicroelectronics.FP-SNS-MOTENV1.5.1.0.pdsc: PDSC version is not supported
2026-05-09 17:44:21,573 [WARN] PackLoader:240 - Cannot read IP mode file for STMicroelectronics.FP-SNS-FLIGHT1.5.0.2
2026-05-09 17:44:21,652 [WARN] PackLoader:240 - Cannot read IP mode file for STMicroelectronics.X-CUBE-AZRTOS-H7.3.4.0
2026-05-09 17:44:21,768 [WARN] PackLoader:240 - Cannot read IP mode file for STMicroelectronics.X-CUBE-DISPLAY.3.0.0
2026-05-09 17:44:21,808 [WARN] PackLoader:240 - Cannot read IP mode file for STMicroelectronics.X-CUBE-GNSS1.7.1.1
2026-05-09 17:44:21,832 [ERROR] Engine:466 - C:\Users\Aditya\.stm32cubemx\thirdparties\pdsc\STMicroelectronics.FP-SNS-MOTENVWB1.1.5.0.pdsc: PDSC version is not supported
2026-05-09 17:44:21,853 [WARN] PackLoader:240 - Cannot read IP mode file for STMicroelectronics.X-CUBE-BLE1.7.0.0
2026-05-09 17:44:21,877 [WARN] PackLoader:240 - Cannot read IP mode file for STMicroelectronics.X-CUBE-NFC10.1.0.0
2026-05-09 17:44:21,909 [WARN] PackLoader:240 - Cannot read IP mode file for STMicroelectronics.X-CUBE-BLEMGR.4.0.0
2026-05-09 17:44:21,934 [ERROR] Engine:466 - C:\Users\Aditya\.stm32cubemx\thirdparties\pdsc\STMicroelectronics.X-CUBE-ST60.1.1.0.pdsc: PDSC version is not supported
2026-05-09 17:44:21,956 [WARN] PackLoader:240 - Cannot read IP mode file for emotas.I-CUBE-CANOPEN.1.3.0
2026-05-09 17:44:21,977 [WARN] PackLoader:240 - Cannot read IP mode file for STMicroelectronics.X-CUBE-GNSS1.7.1.0
2026-05-09 17:44:22,004 [WARN] ConditionMgr:438 - getConditionDescription Invalid condition id : Cortex-A Device cause : null
2026-05-09 17:44:22,044 [WARN] ConditionMgr:1039 - genDependencies : Invalid condition id : Cortex-A Device cause : null
2026-05-09 17:44:22,044 [WARN] ConditionMgr:1039 - genDependencies : Invalid condition id : Cortex-A Device cause : null
2026-05-09 17:44:22,044 [WARN] ConditionMgr:1039 - genDependencies : Invalid condition id : Cortex-A Device cause : null
2026-05-09 17:44:22,079 [WARN] PackLoader:240 - Cannot read IP mode file for STMicroelectronics.X-CUBE-BLEMGR.3.1.0
2026-05-09 17:44:22,103 [WARN] PackLoader:240 - Cannot read IP mode file for STMicroelectronics.X-CUBE-AI.10.0.0
2026-05-09 17:44:22,132 [ERROR] Engine:466 - C:\Users\Aditya\.stm32cubemx\thirdparties\pdsc\STMicroelectronics.FP-SNS-STBOX1.2.1.0.pdsc: PDSC version is not supported
2026-05-09 17:44:22,165 [WARN] PackLoader:240 - Cannot read IP mode file for STMicroelectronics.FP-SNS-SMARTAG2.1.2.0
2026-05-09 17:44:22,181 [ERROR] Engine:466 - C:\Users\Aditya\.stm32cubemx\thirdparties\pdsc\STMicroelectronics.FP-SNS-FLIGHT1.5.1.0.pdsc: PDSC version is not supported
2026-05-09 17:44:22,210 [INFO] LogOutputStream:77 - [STDOUT_REDIRECT] 1 : Invalid condition id : UX_CORESTACK_Condition cause : null
2026-05-09 17:44:22,211 [INFO] LogOutputStream:77 - [STDOUT_REDIRECT] 1 : Invalid condition id : UX_CORESTACK_Condition cause : null
2026-05-09 17:44:22,212 [INFO] LogOutputStream:77 - [STDOUT_REDIRECT] 1 : Invalid condition id : UX_CORESTACK_Condition cause : null
2026-05-09 17:44:22,214 [INFO] LogOutputStream:77 - [STDOUT_REDIRECT] 1 : Invalid condition id : UX_CORESTACK_Condition cause : null
2026-05-09 17:44:22,216 [INFO] LogOutputStream:77 - [STDOUT_REDIRECT] 1 : Invalid condition id : UX_CORESTACK_Condition cause : null
2026-05-09 17:44:22,220 [WARN] PackLoader:240 - Cannot read IP mode file for STMicroelectronics.X-CUBE-AZRTOS-WL.2.0.0
2026-05-09 17:44:22,239 [WARN] PackLoader:240 - Cannot read IP mode file for STMicroelectronics.FP-SNS-MOTENV1.5.0.0
2026-05-09 17:44:22,287 [WARN] PackLoader:240 - Cannot read IP mode file for STMicroelectronics.X-CUBE-AZRTOS-H7RS.1.2.0
2026-05-09 17:44:22,310 [WARN] PackLoader:240 - Cannot read IP mode file for wolfSSL.I-CUBE-wolfMQTT.1.19.0
2026-05-09 17:44:22,334 [WARN] PackLoader:240 - Cannot read IP mode file for WES.I-CUBE-Cesium.1.3.0
2026-05-09 17:44:22,354 [WARN] PackLoader:240 - Cannot read IP mode file for STMicroelectronics.X-CUBE-BLE2.3.3.0
2026-05-09 17:44:22,370 [ERROR] Engine:466 - C:\Users\Aditya\.stm32cubemx\thirdparties\pdsc\Avnet-IOTCONNECT.X-CUBE-iotc-st67-sdk.1.0.0.pdsc: PDSC version is not supported
2026-05-09 17:44:22,391 [WARN] PackLoader:240 - Cannot read IP mode file for STMicroelectronics.X-CUBE-NFC9.1.0.0
2026-05-09 17:44:22,410 [WARN] PackLoader:240 - Cannot read IP mode file for STMicroelectronics.X-CUBE-BLE1.7.1.0
2026-05-09 17:44:22,433 [WARN] PackLoader:240 - Cannot read IP mode file for STMicroelectronics.X-CUBE-TCPP.4.1.0
2026-05-09 17:44:22,447 [ERROR] Engine:466 - C:\Users\Aditya\.stm32cubemx\thirdparties\pdsc\STMicroelectronics.X-CUBE-FREERTOS.1.4.0.pdsc: PDSC version is not supported
2026-05-09 17:44:22,467 [WARN] PackLoader:240 - Cannot read IP mode file for STMicroelectronics.X-CUBE-EEPRMA1.5.2.0
2026-05-09 17:44:22,487 [ERROR] Engine:466 - C:\Users\Aditya\.stm32cubemx\thirdparties\pdsc\STMicroelectronics.X-CUBE-ST67W61.1.1.0.pdsc: PDSC version is not supported
2026-05-09 17:44:22,507 [WARN] PackLoader:240 - Cannot read IP mode file for STMicroelectronics.X-CUBE-AI.10.1.0
2026-05-09 17:44:22,521 [ERROR] Engine:466 - C:\Users\Aditya\.stm32cubemx\thirdparties\pdsc\STMicroelectronics.FP-SNS-STAIOTCFT.1.1.0.pdsc: PDSC version is not supported
2026-05-09 17:44:22,747 [INFO] WebApp:779 - Register for checkConnection events
2026-05-09 17:44:22,748 [INFO] WebApp:414 - Apply proxy settings
2026-05-09 17:44:22,748 [INFO] WebApp:499 - Chromium requires no authentication
2026-05-09 17:44:22,821 [WARN] PackLoader:240 - Cannot read IP mode file for STMicroelectronics.X-CUBE-MEMS1.12.0.0
2026-05-09 17:44:22,836 [INFO] WebApp:442 - Direct internet connection detected
2026-05-09 17:44:23,029 [WARN] PackLoader:240 - Cannot read IP mode file for STMicroelectronics.X-CUBE-ALGOBUILD.1.3.0
2026-05-09 17:44:23,125 [WARN] PackLoader:240 - Cannot read IP mode file for STMicroelectronics.X-CUBE-MEMS1.11.2.0
2026-05-09 17:44:23,344 [WARN] PackLoader:240 - Cannot read IP mode file for STMicroelectronics.X-CUBE-AZRTOS-G0.1.1.0
2026-05-09 17:44:23,378 [WARN] PackLoader:240 - Cannot read IP mode file for STMicroelectronics.X-CUBE-SAFEA1.1.2.2
2026-05-09 17:44:23,399 [WARN] PackLoader:240 - Cannot read IP mode file for STMicroelectronics.X-CUBE-NFC4.3.0.0
2026-05-09 17:44:23,423 [WARN] PackLoader:240 - Cannot read IP mode file for EmbeddedOffice.I-CUBE-FS-RTOS.1.0.1
2026-05-09 17:44:23,425 [ERROR] ConditionMgr:805 - Attr not supported : Dmpu
2026-05-09 17:44:23,428 [ERROR] ConditionMgr:805 - Attr not supported : Dmpu
2026-05-09 17:44:23,428 [ERROR] ConditionMgr:805 - Attr not supported : Dmpu
2026-05-09 17:44:23,429 [ERROR] ConditionMgr:805 - Attr not supported : Dmpu
2026-05-09 17:44:23,429 [ERROR] ConditionMgr:805 - Attr not supported : Dmpu
2026-05-09 17:44:23,429 [ERROR] ConditionMgr:805 - Attr not supported : Dmpu
2026-05-09 17:44:23,430 [ERROR] ConditionMgr:805 - Attr not supported : Dmpu
2026-05-09 17:44:23,431 [ERROR] ConditionMgr:805 - Attr not supported : Dmpu
2026-05-09 17:44:23,432 [ERROR] ConditionMgr:805 - Attr not supported : Dmpu
2026-05-09 17:44:23,432 [ERROR] ConditionMgr:805 - Attr not supported : Dmpu
2026-05-09 17:44:23,432 [ERROR] ConditionMgr:805 - Attr not supported : Dmpu
2026-05-09 17:44:23,434 [ERROR] ConditionMgr:805 - Attr not supported : Dmpu
2026-05-09 17:44:23,434 [ERROR] ConditionMgr:805 - Attr not supported : Dmpu
2026-05-09 17:44:23,434 [ERROR] ConditionMgr:805 - Attr not supported : Dmpu
2026-05-09 17:44:23,434 [ERROR] ConditionMgr:805 - Attr not supported : Dmpu
2026-05-09 17:44:23,435 [ERROR] ConditionMgr:805 - Attr not supported : Dmpu
2026-05-09 17:44:23,435 [ERROR] ConditionMgr:805 - Attr not supported : Dmpu
2026-05-09 17:44:23,435 [ERROR] ConditionMgr:805 - Attr not supported : Dmpu
2026-05-09 17:44:23,435 [ERROR] ConditionMgr:805 - Attr not supported : Dmpu
2026-05-09 17:44:23,438 [ERROR] ConditionMgr:805 - Attr not supported : Dmpu
2026-05-09 17:44:23,439 [ERROR] ConditionMgr:805 - Attr not supported : Dmpu
2026-05-09 17:44:23,439 [ERROR] ConditionMgr:805 - Attr not supported : Dmpu
2026-05-09 17:44:23,441 [ERROR] ConditionMgr:805 - Attr not supported : Dmpu
2026-05-09 17:44:23,443 [ERROR] ConditionMgr:805 - Attr not supported : Dmpu
2026-05-09 17:44:23,444 [ERROR] ConditionMgr:805 - Attr not supported : Dmpu
2026-05-09 17:44:23,444 [ERROR] ConditionMgr:805 - Attr not supported : Dmpu
2026-05-09 17:44:23,444 [ERROR] ConditionMgr:805 - Attr not supported : Dmpu
2026-05-09 17:44:23,444 [ERROR] ConditionMgr:805 - Attr not supported : Dmpu
2026-05-09 17:44:23,444 [ERROR] ConditionMgr:805 - Attr not supported : Dmpu
2026-05-09 17:44:23,444 [ERROR] ConditionMgr:805 - Attr not supported : Dmpu
2026-05-09 17:44:23,444 [ERROR] ConditionMgr:805 - Attr not supported : Dmpu
2026-05-09 17:44:23,444 [ERROR] ConditionMgr:805 - Attr not supported : Dmpu
2026-05-09 17:44:23,444 [ERROR] ConditionMgr:805 - Attr not supported : Dmpu
2026-05-09 17:44:23,444 [ERROR] ConditionMgr:805 - Attr not supported : Dmpu
2026-05-09 17:44:23,444 [ERROR] ConditionMgr:805 - Attr not supported : Dmpu
2026-05-09 17:44:23,444 [ERROR] ConditionMgr:805 - Attr not supported : Dmpu
2026-05-09 17:44:23,446 [ERROR] ConditionMgr:805 - Attr not supported : Dmpu
2026-05-09 17:44:23,446 [ERROR] ConditionMgr:805 - Attr not supported : Dmpu
2026-05-09 17:44:23,446 [ERROR] ConditionMgr:805 - Attr not supported : Dmpu
2026-05-09 17:44:23,447 [ERROR] ConditionMgr:805 - Attr not supported : Dmpu
2026-05-09 17:44:23,447 [ERROR] ConditionMgr:805 - Attr not supported : Dmpu
2026-05-09 17:44:23,447 [ERROR] ConditionMgr:805 - Attr not supported : Dmpu
2026-05-09 17:44:23,447 [ERROR] ConditionMgr:805 - Attr not supported : Dmpu
2026-05-09 17:44:23,447 [ERROR] ConditionMgr:805 - Attr not supported : Dmpu
2026-05-09 17:44:23,447 [ERROR] ConditionMgr:805 - Attr not supported : Dmpu
2026-05-09 17:44:23,447 [ERROR] ConditionMgr:805 - Attr not supported : Dmpu
2026-05-09 17:44:23,447 [ERROR] ConditionMgr:805 - Attr not supported : Dmpu
2026-05-09 17:44:23,447 [ERROR] ConditionMgr:805 - Attr not supported : Dmpu
2026-05-09 17:44:23,447 [ERROR] ConditionMgr:805 - Attr not supported : Dmpu
2026-05-09 17:44:23,447 [ERROR] ConditionMgr:805 - Attr not supported : Dmpu
2026-05-09 17:44:23,448 [ERROR] ConditionMgr:805 - Attr not supported : Dmpu
2026-05-09 17:44:23,448 [ERROR] ConditionMgr:805 - Attr not supported : Dmpu
2026-05-09 17:44:23,448 [ERROR] ConditionMgr:805 - Attr not supported : Dmpu
2026-05-09 17:44:23,448 [ERROR] ConditionMgr:805 - Attr not supported : Dmpu
2026-05-09 17:44:23,448 [ERROR] ConditionMgr:805 - Attr not supported : Dmpu
2026-05-09 17:44:23,448 [ERROR] ConditionMgr:805 - Attr not supported : Dmpu
2026-05-09 17:44:23,448 [ERROR] ConditionMgr:805 - Attr not supported : Dmpu
2026-05-09 17:44:23,448 [ERROR] ConditionMgr:805 - Attr not supported : Dmpu
2026-05-09 17:44:23,448 [ERROR] ConditionMgr:805 - Attr not supported : Dmpu
2026-05-09 17:44:23,449 [ERROR] ConditionMgr:805 - Attr not supported : Dmpu
2026-05-09 17:44:23,449 [ERROR] ConditionMgr:805 - Attr not supported : Dmpu
2026-05-09 17:44:23,450 [ERROR] ConditionMgr:805 - Attr not supported : Dmpu
2026-05-09 17:44:23,450 [ERROR] ConditionMgr:805 - Attr not supported : Dmpu
2026-05-09 17:44:23,451 [ERROR] ConditionMgr:805 - Attr not supported : Dmpu
2026-05-09 17:44:23,475 [WARN] PackLoader:240 - Cannot read IP mode file for STMicroelectronics.X-CUBE-WB05N.2.0.0
2026-05-09 17:44:23,495 [ERROR] Engine:466 - C:\Users\Aditya\.stm32cubemx\thirdparties\pdsc\STMicroelectronics.X-CUBE-TCPP.4.2.0.pdsc: PDSC version is not supported
2026-05-09 17:44:23,514 [WARN] PackLoader:240 - Cannot read IP mode file for RealThread.X-CUBE-RT-Thread_Nano.4.1.1
2026-05-09 17:44:23,529 [WARN] PackLoader:240 - Cannot read IP mode file for wolfSSL.I-CUBE-wolfSSL.5.7.0
2026-05-09 17:44:23,546 [WARN] PackLoader:240 - Cannot read IP mode file for STMicroelectronics.FP-ATR-SIGFOX1.3.2.0
2026-05-09 17:44:23,561 [WARN] PackLoader:240 - Cannot read IP mode file for STMicroelectronics.X-CUBE-EEPRMA1.5.1.0
2026-05-09 17:44:23,574 [ERROR] Engine:466 - C:\Users\Aditya\.stm32cubemx\thirdparties\pdsc\STMicroelectronics.X-CUBE-FREERTOS.1.5.0.pdsc: PDSC version is not supported
2026-05-09 17:44:23,591 [WARN] PackLoader:240 - Cannot read IP mode file for ITTIA_DB.I-CUBE-ITTIADB.8.9.0
2026-05-09 17:44:23,617 [WARN] PackLoader:240 - Cannot read IP mode file for STMicroelectronics.X-CUBE-NFC6.3.2.0
2026-05-09 17:44:23,644 [ERROR] Engine:466 - C:\Users\Aditya\.stm32cubemx\thirdparties\pdsc\STMicroelectronics.X-CUBE-ST67W61.1.0.0.pdsc: PDSC version is not supported
2026-05-09 17:44:23,675 [WARN] PackLoader:240 - Cannot read IP mode file for STMicroelectronics.X-CUBE-AI.10.2.0
2026-05-09 17:44:23,870 [WARN] PackLoader:240 - Cannot read IP mode file for STMicroelectronics.X-CUBE-MEMS1.12.1.0
2026-05-09 17:44:24,106 [WARN] PackLoader:240 - Cannot read IP mode file for SEGGER.I-CUBE-embOS.1.3.1
2026-05-09 17:44:24,186 [WARN] PackLoader:240 - Cannot read IP mode file for STMicroelectronics.X-CUBE-ALGOBUILD.1.4.0
2026-05-09 17:44:24,378 [WARN] PackLoader:240 - Cannot read IP mode file for STMicroelectronics.X-CUBE-MEMS1.11.3.0
2026-05-09 17:44:24,410 [INFO] WebApp:192 - Starting web application
2026-05-09 17:44:24,410 [INFO] WebApp:544 - Web application path used C:\ST\STM32CubeIDE_1.15.0\STM32CubeIDE\plugins\com.st.stm32cube.common.mx_6.11.0.202403141607\db\plugins\mcufinder\reactClient1\index.html
2026-05-09 17:44:24,594 [WARN] PackLoader:240 - Cannot read IP mode file for STMicroelectronics.X-CUBE-PM33A1.1.0.0
2026-05-09 17:44:24,614 [WARN] PackLoader:240 - Cannot read IP mode file for STMicroelectronics.X-CUBE-GNSS1.6.0.0
2026-05-09 17:44:24,644 [WARN] PackLoader:240 - Cannot read IP mode file for STMicroelectronics.X-CUBE-AZRTOS-F4.1.1.0
2026-05-09 17:44:24,657 [ERROR] Engine:466 - C:\Users\Aditya\.stm32cubemx\thirdparties\pdsc\Avnet-IotConnect.X-CUBE-IoTC-DA16k-PMOD.1.0.0.pdsc: PDSC version is not supported
2026-05-09 17:44:24,676 [WARN] PackLoader:240 - Cannot read IP mode file for STMicroelectronics.X-CUBE-ISPU.2.1.0
2026-05-09 17:44:24,710 [ERROR] Engine:466 - C:\Users\Aditya\.stm32cubemx\thirdparties\pdsc\STMicroelectronics.X-CUBE-IPS.3.2.0.pdsc: PDSC version is not supported
2026-05-09 17:44:24,727 [ERROR] Engine:466 - C:\Users\Aditya\.stm32cubemx\thirdparties\pdsc\STMicroelectronics.eDS-WB_DPC_TT-BIDIR.2.1.1.pdsc: PDSC version is not supported
2026-05-09 17:44:24,742 [WARN] PackLoader:240 - Cannot read IP mode file for STMicroelectronics.X-CUBE-FREERTOS.1.2.0
2026-05-09 17:44:24,770 [WARN] PackLoader:240 - Cannot read IP mode file for STMicroelectronics.X-CUBE-NFC12.1.0.0
2026-05-09 17:44:24,863 [WARN] PackLoader:240 - Cannot read IP mode file for STMicroelectronics.X-CUBE-AZRTOS-L5.2.0.0
2026-05-09 17:44:24,916 [WARN] PackLoader:240 - Cannot read IP mode file for STMicroelectronics.X-CUBE-NFC6.3.1.0
2026-05-09 17:44:24,970 [WARN] PackLoader:240 - Cannot read IP mode file for STMicroelectronics.X-CUBE-DPower.1.2.0
2026-05-09 17:44:24,986 [ERROR] Engine:466 - C:\Users\Aditya\.stm32cubemx\thirdparties\pdsc\STMicroelectronics.eDS-WB_DPC_VIENNA.1.2.0.pdsc: PDSC version is not supported
2026-05-09 17:44:25,002 [WARN] PackLoader:240 - Cannot read IP mode file for STMicroelectronics.X-CUBE-AI.9.0.0
2026-05-09 17:44:25,032 [ERROR] Engine:466 - C:\Users\Aditya\.stm32cubemx\thirdparties\pdsc\STMicroelectronics.X-CUBE-ST67W61.1.3.0.pdsc: PDSC version is not supported
2026-05-09 17:44:25,051 [WARN] PackLoader:240 - Cannot read IP mode file for STMicroelectronics.X-CUBE-FREERTOS.1.3.1
2026-05-09 17:44:25,083 [WARN] PackLoader:240 - Cannot read IP mode file for STMicroelectronics.X-CUBE-NFC7.1.0.1
2026-05-09 17:44:25,105 [WARN] PackLoader:240 - Cannot read IP mode file for wolfSSL.I-CUBE-wolfTPM.3.2.0
2026-05-09 17:44:25,133 [WARN] PackLoader:240 - Cannot read IP mode file for STMicroelectronics.X-CUBE-TOUCHGFX.4.26.0
2026-05-09 17:44:25,161 [WARN] PackLoader:240 - Cannot read IP mode file for STMicroelectronics.X-CUBE-TOUCHGFX.4.26.1
2026-05-09 17:44:25,183 [ERROR] Engine:466 - C:\Users\Aditya\.stm32cubemx\thirdparties\pdsc\STMicroelectronics.FP-SNS-STAIOTCFT.1.0.0.pdsc: PDSC version is not supported
2026-05-09 17:44:25,212 [WARN] PackLoader:240 - Cannot read IP mode file for STMicroelectronics.X-CUBE-DPower.1.3.0
2026-05-09 17:44:25,276 [WARN] ConditionMgr:438 - getConditionDescription Invalid condition id : LAN8742 Phy interface Condition cause : null
2026-05-09 17:44:25,277 [WARN] PackLoader:240 - Cannot read IP mode file for STMicroelectronics.X-CUBE-AZRTOS-L4.2.0.0
2026-05-09 17:44:25,282 [WARN] ConditionMgr:1039 - genDependencies : Invalid condition id : LAN8742 Phy interface Condition cause : null
2026-05-09 17:44:25,283 [WARN] ConditionMgr:1039 - genDependencies : Invalid condition id : LAN8742 Phy interface Condition cause : null
2026-05-09 17:44:25,283 [WARN] ConditionMgr:1039 - genDependencies : Invalid condition id : LAN8742 Phy interface Condition cause : null
2026-05-09 17:44:25,334 [WARN] PackLoader:240 - Cannot read IP mode file for STMicroelectronics.X-CUBE-SFXS2LP1.4.0.0
2026-05-09 17:44:25,361 [WARN] PackLoader:240 - Cannot read IP mode file for STMicroelectronics.X-CUBE-WB05N.2.1.0
2026-05-09 17:44:25,382 [ERROR] Engine:466 - C:\Users\Aditya\.stm32cubemx\thirdparties\pdsc\STMicroelectronics.X-CUBE-ST67W61.1.2.0.pdsc: PDSC version is not supported
2026-05-09 17:44:25,414 [WARN] PackLoader:240 - Cannot read IP mode file for STMicroelectronics.X-CUBE-AZRTOS-H7.3.3.0
2026-05-09 17:44:25,433 [ERROR] Engine:466 - C:\Users\Aditya\.stm32cubemx\thirdparties\pdsc\STMicroelectronics.X-CUBE-BLEMGR.4.1.0.pdsc: PDSC version is not supported
2026-05-09 17:44:25,479 [WARN] ConditionMgr:438 - getConditionDescription Invalid condition id : UX DEVICE CLASS RTOS Condition cause : null
2026-05-09 17:44:25,479 [WARN] ConditionMgr:438 - getConditionDescription Invalid condition id : UX DEVICE CLASS RTOS Condition cause : null
2026-05-09 17:44:25,482 [WARN] PackLoader:240 - Cannot read IP mode file for STMicroelectronics.X-CUBE-AZRTOS-WB.2.0.0
2026-05-09 17:44:25,483 [WARN] ConditionMgr:1039 - genDependencies : Invalid condition id : UX DEVICE CLASS RTOS Condition cause : null
2026-05-09 17:44:25,483 [WARN] ConditionMgr:1039 - genDependencies : Invalid condition id : UX DEVICE CLASS RTOS Condition cause : null
2026-05-09 17:44:25,483 [WARN] ConditionMgr:1039 - genDependencies : Invalid condition id : UX DEVICE CLASS RTOS Condition cause : null
2026-05-09 17:44:25,483 [WARN] ConditionMgr:1039 - genDependencies : Invalid condition id : UX DEVICE CLASS RTOS Condition cause : null
2026-05-09 17:44:25,483 [WARN] ConditionMgr:1039 - genDependencies : Invalid condition id : UX DEVICE CLASS RTOS Condition cause : null
2026-05-09 17:44:25,517 [WARN] PackLoader:240 - Cannot read IP mode file for STMicroelectronics.X-CUBE-GNSS1.7.0.1
2026-05-09 17:44:25,549 [WARN] PackLoader:240 - Cannot read IP mode file for STMicroelectronics.X-CUBE-TOUCHGFX.4.25.0
2026-05-09 17:44:25,567 [WARN] PackLoader:240 - Cannot read IP mode file for STMicroelectronics.FP-SNS-STBOX1.2.0.0
2026-05-09 17:44:25,588 [WARN] PackLoader:240 - Cannot read IP mode file for STMicroelectronics.X-CUBE-STSE01.2.0.0
2026-05-09 17:44:25,612 [WARN] PackLoader:240 - Cannot read IP mode file for STMicroelectronics.X-CUBE-SUBG2.5.0.0
2026-05-09 17:44:25,664 [WARN] PackLoader:240 - Cannot read IP mode file for STMicroelectronics.X-CUBE-AZRTOS-H7RS.1.1.0
2026-05-09 17:44:25,699 [WARN] PackLoader:240 - Cannot read IP mode file for Cesanta.I-CUBE-Mongoose.7.13.0
2026-05-09 17:44:25,760 [WARN] PackLoader:240 - Cannot read IP mode file for STMicroelectronics.X-CUBE-AZRTOS-G4.2.0.0
2026-05-09 17:44:25,800 [WARN] PackLoader:240 - Cannot read IP mode file for STMicroelectronics.X-CUBE-NFC7.2.0.0
2026-05-09 17:44:25,878 [WARN] PackLoader:240 - Cannot read IP mode file for STMicroelectronics.X-CUBE-ISPU.2.0.0
2026-05-09 17:44:25,926 [ERROR] Engine:466 - C:\Users\Aditya\.stm32cubemx\thirdparties\pdsc\STMicroelectronics.X-CUBE-IPS.3.1.0.pdsc: PDSC version is not supported
2026-05-09 17:44:25,956 [WARN] PackLoader:240 - Cannot read IP mode file for STMicroelectronics.X-CUBE-ALS.1.0.2
2026-05-09 17:44:26,038 [WARN] PackLoader:240 - Cannot read IP mode file for STMicroelectronics.X-CUBE-MEMS1.10.0.0
2026-05-09 17:44:26,152 [WARN] PackLoader:240 - Cannot read IP mode file for STMicroelectronics.X-CUBE-FREERTOS.1.1.0
2026-05-09 17:44:26,175 [WARN] PackLoader:240 - Cannot read IP mode file for STMicroelectronics.X-CUBE-TOUCHGFX.4.24.0
2026-05-09 17:44:26,191 [WARN] PackLoader:240 - Cannot read IP mode file for STMicroelectronics.X-CUBE-STSE01.1.0.0
2026-05-09 17:44:26,210 [WARN] PackLoader:240 - Cannot read IP mode file for portGmbH.I-Cube-SoM-uGOAL.1.1.0
2026-05-09 17:44:26,225 [WARN] PackLoader:240 - Cannot read IP mode file for STMicroelectronics.X-CUBE-ALS.1.0.1
2026-05-09 17:44:26,293 [WARN] PackLoader:240 - Cannot read IP mode file for STMicroelectronics.X-CUBE-AZRTOS-H7RS.1.0.0
2026-05-09 17:44:26,335 [WARN] PackLoader:240 - Cannot read IP mode file for STMicroelectronics.FP-ATR-ASTRA1.2.0.0
2026-05-09 17:44:26,391 [WARN] PackLoader:240 - Cannot read IP mode file for STMicroelectronics.X-CUBE-TOF1.3.4.2
2026-05-09 17:44:26,445 [ERROR] Engine:466 - C:\Users\Aditya\.stm32cubemx\thirdparties\pdsc\STMicroelectronics.X-CUBE-TOF1.3.4.3.pdsc: PDSC version is not supported
2026-05-09 17:44:26,481 [WARN] PackLoader:240 - Cannot read IP mode file for STMicroelectronics.X-CUBE-TOF1.3.4.1
2026-05-09 17:44:26,565 [WARN] PackLoader:240 - Cannot read IP mode file for STMicroelectronics.X-CUBE-AZRTOS-H7.3.2.0
2026-05-09 17:44:26,597 [WARN] PackLoader:240 - Cannot read IP mode file for Infineon.AIROC-Wi-Fi-Bluetooth-STM32.1.6.0
2026-05-09 17:44:26,618 [WARN] PackLoader:240 - Cannot read IP mode file for wolfSSL.I-CUBE-wolfSSH.1.4.17
2026-05-09 17:44:26,619 [INFO] ThirdParty:978 - Integrity check success = true
2026-05-09 17:44:26,619 [INFO] IntegrityCheckThread:100 - exiting critical section [integrity check]
2026-05-09 17:44:26,619 [INFO] IntegrityCheckThread:103 - End integrity checks thread
2026-05-09 17:48:31,797 [INFO] McuFinderGlobals:63 - Set McuFinder mode to 2 (CubeIDE integrated)
2026-05-09 17:48:31,823 [INFO] MainUpdater:2873 - connection check result : 10
2026-05-09 17:48:31,829 [INFO] MainUpdater:2873 - connection check result : 10
2026-05-09 17:48:31,977 [INFO] MicroXplorer:468 - Change Database Path : 
2026-05-09 17:48:31,977 [INFO] MicroXplorer:498 - Change Database Version : DB.6.0.110
2026-05-09 17:48:31,980 [WARN] ThirdParty:871 - waiting for thirdparty lock release [close project]
2026-05-09 17:48:31,980 [INFO] ThirdParty:873 - entering critical section [close project]
2026-05-09 17:48:31,982 [INFO] ThirdParty:883 - exiting critical section [close project]
2026-05-09 17:48:31,983 [INFO] PinOutPanel:1561 - setPackage(No Configuration,No Configuration)
2026-05-09 17:48:31,985 [INFO] UtilMem:75 - Begin LoadConfig() Used Memory: 819477448 Bytes (1073741824)
2026-05-09 17:48:31,986 [INFO] MicroXplorer:468 - Change Database Path : 
2026-05-09 17:48:31,986 [INFO] MicroXplorer:498 - Change Database Version : DB.6.0.110
2026-05-09 17:48:31,986 [INFO] OpenFileManager:312 - Change cursor
2026-05-09 17:48:32,018 [INFO] Mcu:2021 - Initializing MCU STM32F446R(C-E)Tx STM32F446RETx STM32F446RET6
2026-05-09 17:48:33,776 [INFO] Context:663 - Trying to add GPIOservice into a context  which must be forbidden
2026-05-09 17:48:34,256 [INFO] RtosManager:555 - Registered RTOS mode: class=CMSIS, group=RTOS, mode=CMSIS_V1, owner=FREERTOS
2026-05-09 17:48:34,258 [INFO] RtosManager:555 - Registered RTOS mode: class=CMSIS, group=RTOS2, mode=CMSIS_V2, owner=FREERTOS
2026-05-09 17:48:34,258 [INFO] RtosManager:555 - Registered RTOS mode: class=RTOS, group=Core, mode=CMSIS_V1, owner=FREERTOS
2026-05-09 17:48:34,258 [INFO] RtosManager:555 - Registered RTOS mode: class=RTOS, group=Core, mode=CMSIS_V2, owner=FREERTOS
2026-05-09 17:48:34,259 [WARN] ModelIntegratedComponent:184 - Missing modes for component STMicroelectronics:FreeRTOS:0.0.1:STMicroelectronics:RTOS:FreeRTOS:Core:::10.2.0:
2026-05-09 17:48:34,268 [WARN] ModelIntegratedComponent:63 - No mode defined for component null
2026-05-09 17:48:34,268 [WARN] ModelIntegratedComponent:63 - No mode defined for component null
2026-05-09 17:48:34,269 [WARN] ModelIntegratedComponent:63 - No mode defined for component null
2026-05-09 17:48:34,269 [WARN] ModelIntegratedComponent:63 - No mode defined for component null
2026-05-09 17:48:34,269 [WARN] ModelIntegratedComponent:63 - No mode defined for component null
2026-05-09 17:48:34,269 [WARN] ModelIntegratedComponent:63 - No mode defined for component null
2026-05-09 17:48:34,269 [WARN] ModelIntegratedComponent:63 - No mode defined for component null
2026-05-09 17:48:34,269 [WARN] ModelIntegratedComponent:63 - No mode defined for component null
2026-05-09 17:48:34,269 [WARN] ModelIntegratedComponent:63 - No mode defined for component null
2026-05-09 17:48:34,269 [WARN] ModelIntegratedComponent:63 - No mode defined for component null
2026-05-09 17:48:34,269 [WARN] ModelIntegratedComponent:63 - No mode defined for component null
2026-05-09 17:48:34,269 [WARN] ModelIntegratedComponent:63 - No mode defined for component null
2026-05-09 17:48:34,269 [WARN] ModelIntegratedComponent:63 - No mode defined for component null
2026-05-09 17:48:34,269 [WARN] ModelIntegratedComponent:63 - No mode defined for component null
2026-05-09 17:48:34,269 [WARN] ModelIntegratedComponent:63 - No mode defined for component null
2026-05-09 17:48:34,269 [WARN] ModelIntegratedComponent:63 - No mode defined for component null
2026-05-09 17:48:34,269 [WARN] ModelIntegratedComponent:63 - No mode defined for component null
2026-05-09 17:48:34,269 [WARN] ModelIntegratedComponent:63 - No mode defined for component null
2026-05-09 17:48:34,269 [WARN] ModelIntegratedComponent:63 - No mode defined for component null
2026-05-09 17:48:34,269 [WARN] ModelIntegratedComponent:63 - No mode defined for component null
2026-05-09 17:48:34,269 [WARN] ModelIntegratedComponent:63 - No mode defined for component null
2026-05-09 17:48:34,269 [WARN] ModelIntegratedComponent:63 - No mode defined for component null
2026-05-09 17:48:34,269 [WARN] ModelIntegratedComponent:63 - No mode defined for component null
2026-05-09 17:48:34,269 [WARN] ModelIntegratedComponent:63 - No mode defined for component null
2026-05-09 17:48:34,269 [WARN] ModelIntegratedComponent:63 - No mode defined for component null
2026-05-09 17:48:34,270 [WARN] ModelIntegratedComponent:63 - No mode defined for component null
2026-05-09 17:48:34,270 [WARN] ModelIntegratedComponent:63 - No mode defined for component null
2026-05-09 17:48:34,270 [WARN] ModelIntegratedComponent:63 - No mode defined for component null
2026-05-09 17:48:34,270 [WARN] ModelIntegratedComponent:63 - No mode defined for component null
2026-05-09 17:48:34,270 [WARN] ModelIntegratedComponent:63 - No mode defined for component null
2026-05-09 17:48:34,270 [WARN] ModelIntegratedComponent:63 - No mode defined for component null
2026-05-09 17:48:34,270 [WARN] ModelIntegratedComponent:63 - No mode defined for component null
2026-05-09 17:48:34,270 [WARN] ModelIntegratedComponent:63 - No mode defined for component null
2026-05-09 17:48:34,270 [WARN] ModelIntegratedComponent:63 - No mode defined for component null
2026-05-09 17:48:34,471 [INFO] ThirdPartyModel:298 - Start build external matchings
2026-05-09 17:48:35,386 [INFO] ThirdPartyModel:316 - End build external matchings
2026-05-09 17:48:35,428 [INFO] ImportTextPane:194 - (OptionalMessage_ERROR) IP (RCC) : Invalid parameter (48MHZClocksFreq_Value)
2026-05-09 17:48:35,429 [INFO] ImportTextPane:194 - (OptionalMessage_ERROR) IP (RCC) : Invalid parameter (EthernetFreq_Value)
2026-05-09 17:48:35,430 [INFO] ImportTextPane:194 - (OptionalMessage_ERROR) IP (RCC) : Parameter (FLatency) has Id (AdvancedSettings) currently not set
2026-05-09 17:48:35,430 [INFO] ImportTextPane:194 - (OptionalMessage_ERROR) IP (RCC) : Invalid parameter (FamilyName)
2026-05-09 17:48:35,430 [INFO] ImportTextPane:194 - (OptionalMessage_ERROR) IP (RCC) : Invalid parameter (I2SClocksFreq_Value)
2026-05-09 17:48:35,430 [INFO] ImportTextPane:194 - (OptionalMessage_ERROR) IP (RCC) : Parameter (MCO2PinFreq_Value) has invalid value (180000000)
2026-05-09 17:48:35,432 [INFO] ImportTextPane:194 - (OptionalMessage_ERROR) IP (RCC) : Parameter (SDIOFreq_Value) has invalid value (180000000)
2026-05-09 17:48:35,432 [INFO] ImportTextPane:194 - (OptionalMessage_ERROR) IP (RCC) : Parameter (USBFreq_Value) has invalid value (180000000)
2026-05-09 17:48:35,433 [INFO] ImportTextPane:194 - (OptionalMessage_ERROR) IP (RCC) : Invalid parameter (VCOInputMFreq_Value)
2026-05-09 17:48:35,433 [INFO] ImportTextPane:194 - (OptionalMessage_ERROR) IP (RCC) : Invalid parameter (VcooutputI2S)
2026-05-09 17:48:35,925 [INFO] ApiDb:581 - Connected to CubeFinder SQLite database (C:\Users\Aditya\.stmcufinder\plugins\mcufinder\mcu\cube-finder-db.db)
2026-05-09 17:48:36,009 [INFO] ApiDb:668 - CubeFinder database Data Model version=2.1
2026-05-09 17:48:36,009 [INFO] ApiDb:669 - CubeFinder database Configuration version=3.0.42
2026-05-09 17:48:36,009 [INFO] ApiDb:670 - CubeFinder database generation date=2026-03-11 (1773229989)
2026-05-09 17:48:36,009 [INFO] ApiDb:671 - CubeFinder database FW Pack versions=[FP-ATR-ASTRA1_V2.0.0, FP-SNS-FLIGHT1_V5.1.0, FP-SNS-MOTENV1_V5.1.0, FP-SNS-MOTENVWB1_V1.5.0, FP-SNS-SMARTAG2_V1.2.0, FP-SNS-STBOX1_V2.1.0, STM32Cube_FW_C0_V1.4.0, STM32Cube_FW_F4_V1.28.3, STM32Cube_FW_F7_V1.17.4, STM32Cube_FW_G0_V1.6.3, STM32Cube_FW_G4_V1.6.2, STM32Cube_FW_H5_V1.6.0, STM32Cube_FW_H7RS_V1.3.0, STM32Cube_FW_H7_V1.13.0, STM32Cube_FW_L0_V1.12.2, STM32Cube_FW_L4_V1.18.2, STM32Cube_FW_L5_V1.6.0, STM32Cube_FW_N6_V1.3.0, STM32Cube_FW_U0_V1.3.0, STM32Cube_FW_U3_V1.3.0, STM32Cube_FW_U5_V1.8.0, STM32Cube_FW_WB0_V1.4.0, STM32Cube_FW_WBA_V1.9.0, STM32Cube_FW_WB_V1.24.0, STM32Cube_FW_WL3_V1.4.0, STM32Cube_FW_WL_V1.5.0, X-CUBE-ALGOBUILD_V1.4.0, X-CUBE-ALS_V1.0.2, X-CUBE-AZRTOS-F4_V1.1.0, X-CUBE-AZRTOS-F7_V1.1.0, X-CUBE-AZRTOS-G0_V1.1.0, X-CUBE-AZRTOS-G4_V2.0.0, X-CUBE-AZRTOS-H7RS_V1.1.0, X-CUBE-AZRTOS-H7_V3.4.0, X-CUBE-AZRTOS-L4_V2.0.0, X-CUBE-AZRTOS-L5_V2.0.0, X-CUBE-AZRTOS-WB_V2.0.0, X-CUBE-AZRTOS-WL_V2.0.0, X-CUBE-BLE1_V7.1.0, X-CUBE-BLE2_V3.3.0, X-CUBE-BLEMGR_V4.1.0, X-CUBE-EEPRMA1_V5.2.0, X-CUBE-FREERTOS_V1.5.0, X-CUBE-GNSS1_V6.0.0, X-CUBE-MEMS1_V12.0.0, X-CUBE-NFC4_V3.0.0, X-CUBE-NFC7_V2.0.0, X-CUBE-SFXS2LP1_V4.0.0, X-CUBE-ST67W61_V1.2.0, X-CUBE-SUBG2_V5.0.0, X-CUBE-TOF1_V3.4.3]
2026-05-09 17:48:36,151 [INFO] DbBoardsSqlite:226 - include board P-NUCLEO-WB55-NUCLEO as a kit item of type 'Nucleo-64'
2026-05-09 17:48:36,152 [INFO] DbBoardsSqlite:226 - include board P-NUCLEO-WB55-USBDONGLE as a kit item of type 'Nucleo USB Dongle'
2026-05-09 17:48:36,152 [INFO] DbBoardsSqlite:226 - include board STEVAL-IDP005V1 as a kit item of type 'Evaluation Board'
2026-05-09 17:48:36,154 [INFO] DbBoardsSqlite:226 - include board STEVAL-IDP005V2 as a kit item of type 'Evaluation Board'
2026-05-09 17:48:36,524 [INFO] ApiDb:240 - Found 483 in-development CPN: [B-G473E-ZEST1S, B-WB1M-WPAN1, B-WL5M-SUBG1, NUCLEO-C031C6, NUCLEO-H503RB, NUCLEO-H533RE, NUCLEO-H563ZI, NUCLEO-H7S3L8, NUCLEO-U031R8, NUCLEO-U083RC, NUCLEO-U545RE-Q, NUCLEO-U5A5ZJ-Q, NUCLEO-WBA52CG, NUCLEO-WBA55CG, STEVAL-PROTEUS1, STEVAL-SMARTAG2, STEVAL-STWINBX1, STM320518-EVAL, STM32C0116-DK, STM32C011D6Y3TR, STM32C011D6Y6TR, STM32C011F4P3, STM32C011F4P6, STM32C011F4U3, STM32C011F4U6TR, STM32C011F6P3, STM32C011F6P6, STM32C011F6U3, STM32C011F6U6TR, STM32C011J4M3, STM32C011J4M6, STM32C011J6M3, STM32C011J6M6, STM32C0316-DK, STM32C031C4T3, STM32C031C4T6, STM32C031C4U3, STM32C031C4U6, STM32C031C6T3, STM32C031C6T6, STM32C031C6U3, STM32C031C6U6, STM32C031F4P3, STM32C031F4P6, STM32C031F6P3, STM32C031F6P6, STM32C031G4U3, STM32C031G4U6, STM32C031G6U3, STM32C031G6U6, STM32C031K4T3, STM32C031K4T6, STM32C031K4U3, STM32C031K4U6, STM32C031K6T3, STM32C031K6T6, STM32C031K6U3, STM32C031K6U6, STM32G071K8TXN, STM32G071K8UXN, STM32G081GBU6N, STM32G081KBT6N, STM32G081KBUXN, STM32G0B1CCT6N, STM32G0B1KCT6, STM32G0B1NEY6TR, STM32G0B1RCT6N, STM32G0C1CCT6, STM32G0C1CCT6N, STM32G0C1CCU6N, STM32G0C1CET6N, STM32G0C1CEU6N, STM32G0C1KCT6, STM32G0C1NEY6TR, STM32G0C1RCI6N, STM32G0C1RCT6N, STM32G0C1REI6N, STM32G0C1RET6N, STM32G0C1VCI6, STM32G0C1VEI6, STM32G471CCT6, STM32G471CCU6, STM32G471CET3, STM32G471CET6, STM32G471CEU3, STM32G471CEU6, STM32G471MCT6, STM32G471MET3, STM32G471MET6, STM32G471MEY6TR, STM32G471QCT6, STM32G471QET3, STM32G471RCT6, STM32G471RET3, STM32G471RET6, STM32G471VCH6, STM32G471VCI6, STM32G471VCT6, STM32G471VEH3, STM32G471VEH6, STM32G471VEI3, STM32G471VEI6, STM32G471VET3, STM32G471VET6, STM32G474CCT6, STM32H503CBT6, STM32H503CBU6, STM32H503EBY6TR, STM32H503KBU6, STM32H503RBT6, STM32H523CCT6, STM32H523CCU6, STM32H523CET6, STM32H523CEU6, STM32H523HEY6TR, STM32H523RCT6, STM32H523RET6, STM32H523VCI6, STM32H523VCT6, STM32H523VEI6, STM32H523VET6, STM32H523ZCJ6, STM32H523ZCT6, STM32H523ZEJ6, STM32H523ZET6, STM32H533CET6, STM32H533CEU6, STM32H533HEY6TR, STM32H533RET6, STM32H533VEI6, STM32H533VET6, STM32H533ZEJ6, STM32H533ZET6, STM32H562AGI6, STM32H562AII6, STM32H562IGK6, STM32H562IGT6, STM32H562IIK6, STM32H562IIT6, STM32H562RGT6, STM32H562RGV6, STM32H562RIT6, STM32H562RIV6, STM32H562VGT6, STM32H562VIT6, STM32H562ZGT6, STM32H562ZIT6, STM32H563AGI6, STM32H563AII3Q, STM32H563AII6, STM32H563IGK6, STM32H563IGT6, STM32H563IIK3Q, STM32H563IIK6, STM32H563IIT3Q, STM32H563IIT6, STM32H563MIY3QTR, STM32H563RGT6, STM32H563RGV6, STM32H563RIT6, STM32H563RIV6, STM32H563VGT6, STM32H563VIT3Q, STM32H563VIT6, STM32H563ZGT6, STM32H563ZIT3Q, STM32H563ZIT6, STM32H573AII3Q, STM32H573AII6, STM32H573I-DK, STM32H573IIK3Q, STM32H573IIK6, STM32H573IIT3Q, STM32H573IIT6, STM32H573MIY3QTR, STM32H573RIT6, STM32H573RIV6, STM32H573VIT3Q, STM32H573VIT6, STM32H573ZIT3Q, STM32H573ZIT6, STM32H7R3A8I6, STM32H7R3I8K6, STM32H7R3I8T6, STM32H7R3L8H6, STM32H7R3L8H6H, STM32H7R3R8V6, STM32H7R3V8H6, STM32H7R3V8T6, STM32H7R3V8Y6, STM32H7R3Z8J6, STM32H7R3Z8T6, STM32H7R7A8I6, STM32H7R7I8K6, STM32H7R7I8T6, STM32H7R7L8H6, STM32H7R7L8H6H, STM32H7R7Z8J6, STM32H7S3A8I6, STM32H7S3I8K6, STM32H7S3I8T6, STM32H7S3L8H6, STM32H7S3L8H6H, STM32H7S3R8V6, STM32H7S3V8H6, STM32H7S3V8T6, STM32H7S3V8Y6, STM32H7S3Z8J6, STM32H7S3Z8T6, STM32H7S78-DK, STM32H7S7A8I6, STM32H7S7I8K6, STM32H7S7I8T6, STM32H7S7L8H6, STM32H7S7L8H6H, STM32H7S7Z8J6, STM32L4R5QGI6STR, STM32MP131AAE3, STM32MP131AAF3, STM32MP131AAG3, STM32MP131CAE3, STM32MP131CAF3, STM32MP131CAG3, STM32MP131DAE7, STM32MP131DAF7, STM32MP131DAG7, STM32MP131FAE7, STM32MP131FAF7, STM32MP131FAG7, STM32MP133AAE3, STM32MP133AAF3, STM32MP133AAG3, STM32MP133CAE3, STM32MP133CAF3, STM32MP133CAG3, STM32MP133DAE7, STM32MP133DAF7, STM32MP133DAG7, STM32MP133FAE7, STM32MP133FAF7, STM32MP133FAG7, STM32MP135AAE3, STM32MP135AAF3, STM32MP135AAG3, STM32MP135CAE3, STM32MP135CAF3, STM32MP135CAG3, STM32MP135DAE7, STM32MP135DAF7, STM32MP135DAG7, STM32MP135F-DK, STM32MP135FAE7, STM32MP135FAF7, STM32MP135FAF7T, STM32MP135FAF7U, STM32MP135FAG7, STM32U031C6T6, STM32U031C6U6, STM32U031C8T6, STM32U031C8U6, STM32U031F4P6, STM32U031F6P6, STM32U031F8P6, STM32U031G6Y6TR, STM32U031G8Y6TR, STM32U031K4U6, STM32U031K6U6, STM32U031K8U6, STM32U031R6I6, STM32U031R6T6, STM32U031R8I6, STM32U031R8T6, STM32U073C8T6, STM32U073C8U6, STM32U073CBT6, STM32U073CBU6, STM32U073CCT6, STM32U073CCU6, STM32U073H8Y6TR, STM32U073HBY6TR, STM32U073HCY6TR, STM32U073K8U6, STM32U073KBU6, STM32U073KCU6, STM32U073M8I6, STM32U073M8T6, STM32U073MBI6, STM32U073MBT6, STM32U073MCI6, STM32U073MCT6, STM32U073R8I6, STM32U073R8T6, STM32U073RBI6, STM32U073RBT6, STM32U073RCI6, STM32U073RCT6, STM32U083C-DK, STM32U083CCT6, STM32U083CCU6, STM32U083HCY6TR, STM32U083KCU6, STM32U083MCI6, STM32U083MCT6, STM32U083RCI6, STM32U083RCT6, STM32U535CBT6, STM32U535CBT6Q, STM32U535CBU6, STM32U535CBU6Q, STM32U535CCT6, STM32U535CCT6Q, STM32U535CCU6, STM32U535CCU6Q, STM32U535CET6, STM32U535CET6Q, STM32U535CEU6, STM32U535CEU6Q, STM32U535JEY6QTR, STM32U535NCY6QTR, STM32U535NEY6QTR, STM32U535RBI6, STM32U535RBI6Q, STM32U535RBT6, STM32U535RBT6Q, STM32U535RCI6, STM32U535RCI6Q, STM32U535RCT6, STM32U535RCT6Q, STM32U535REI6, STM32U535REI6Q, STM32U535RET6, STM32U535RET6Q, STM32U535VCI6, STM32U535VCI6Q, STM32U535VCT6, STM32U535VCT6Q, STM32U535VEI6, STM32U535VEI6Q, STM32U535VET6, STM32U535VET6Q, STM32U545CET6, STM32U545CET6Q, STM32U545CEU6, STM32U545CEU6Q, STM32U545JEY6QTR, STM32U545NEY6QTR, STM32U545REI6, STM32U545REI6Q, STM32U545RET6, STM32U545RET6Q, STM32U545VEI6, STM32U545VEI6Q, STM32U545VET6, STM32U545VET6Q, STM32U595AIH6, STM32U595AIH6Q, STM32U595AJH6, STM32U595AJH6Q, STM32U595QII6, STM32U595QII6Q, STM32U595QJI6, STM32U595QJI6Q, STM32U595RIT6, STM32U595RIT6Q, STM32U595RJT6, STM32U595RJT6Q, STM32U595VIT6, STM32U595VIT6Q, STM32U595VJT6, STM32U595VJT6Q, STM32U595ZIT6, STM32U595ZIT6Q, STM32U595ZIY6QTR, STM32U595ZJT6, STM32U595ZJT6Q, STM32U595ZJY6QTR, STM32U599BJY6QTR, STM32U599NIH6Q, STM32U599NJH6Q, STM32U599VIT6Q, STM32U599VJT6, STM32U599VJT6Q, STM32U599ZIT6Q, STM32U599ZIY6QTR, STM32U599ZJT6Q, STM32U599ZJY6QTR, STM32U5A5AJH6, STM32U5A5AJH6Q, STM32U5A5QII3Q , STM32U5A5QJI6, STM32U5A5QJI6Q, STM32U5A5RJT6, STM32U5A5RJT6Q, STM32U5A5VJT6, STM32U5A5VJT6Q, STM32U5A5ZJT6, STM32U5A5ZJT6Q, STM32U5A5ZJY6QTR, STM32U5A9BJY6QTR, STM32U5A9J-DK, STM32U5A9NJH6Q, STM32U5A9VJT6Q, STM32U5A9ZJT6Q, STM32U5A9ZJY6QTR, STM32U5F7VIT6, STM32U5F7VIT6Q, STM32U5F7VJT6, STM32U5F7VJT6Q, STM32U5F9BJY6QTR, STM32U5F9NJH6Q, STM32U5F9VIT6Q, STM32U5F9VJT6Q, STM32U5F9ZIJ6QTR, STM32U5F9ZIT6Q, STM32U5F9ZJJ6QTR, STM32U5F9ZJT6Q, STM32U5G7VJT6, STM32U5G7VJT6Q, STM32U5G9BJY6QTR, STM32U5G9J-DK1, STM32U5G9J-DK2, STM32U5G9NJH6Q, STM32U5G9VJT6Q, STM32U5G9ZJJ6QTR, STM32U5G9ZJT6Q, STM32WB1MMCH6, STM32WBA50KEU6, STM32WBA50KEU6TR, STM32WBA50KGU6, STM32WBA50KGU6TR, STM32WBA52CEU6, STM32WBA52CEU6TR, STM32WBA52CEU7, STM32WBA52CEU7TR, STM32WBA52CGU6, STM32WBA52CGU6TR, STM32WBA52CGU6U, STM32WBA52CGU7, STM32WBA52CGU7TR, STM32WBA52KEU6, STM32WBA52KEU6TR, STM32WBA52KGU6, STM32WBA52KGU6TR, STM32WBA54CEU6, STM32WBA54CEU6TR, STM32WBA54CEU7, STM32WBA54CEU7TR, STM32WBA54CGU6, STM32WBA54CGU6TR, STM32WBA54CGU7, STM32WBA54CGU7TR, STM32WBA54KEU6, STM32WBA54KEU6TR, STM32WBA54KEU7, STM32WBA54KEU7TR, STM32WBA54KGU6, STM32WBA54KGU6TR, STM32WBA54KGU7, STM32WBA54KGU7TR, STM32WBA55CEU6, STM32WBA55CEU6TR, STM32WBA55CEU7, STM32WBA55CEU7TR, STM32WBA55CGU6, STM32WBA55CGU6TR, STM32WBA55CGU6U, STM32WBA55CGU7, STM32WBA55CGU7TR, STM32WBA55G-DK1, STM32WBA55HEF6, STM32WBA55HEF7, STM32WBA55HGF6, STM32WBA55HGF7, STM32WBA55UEI6, STM32WBA55UEI6TR, STM32WBA55UEI7, STM32WBA55UEI7TR, STM32WBA55UGI6, STM32WBA55UGI6TR, STM32WBA55UGI7, STM32WBA55UGI7TR, STM32WL5MOCH6, STM32WL5MOCH6TR]
2026-05-09 17:48:36,528 [INFO] ApiDb:668 - CubeFinder database Data Model version=2.1
2026-05-09 17:48:36,528 [INFO] ApiDb:669 - CubeFinder database Configuration version=3.0.42
2026-05-09 17:48:36,528 [INFO] ApiDb:670 - CubeFinder database generation date=2026-03-11 (1773229989)
2026-05-09 17:48:36,528 [INFO] ApiDb:671 - CubeFinder database FW Pack versions=[FP-ATR-ASTRA1_V2.0.0, FP-SNS-FLIGHT1_V5.1.0, FP-SNS-MOTENV1_V5.1.0, FP-SNS-MOTENVWB1_V1.5.0, FP-SNS-SMARTAG2_V1.2.0, FP-SNS-STBOX1_V2.1.0, STM32Cube_FW_C0_V1.4.0, STM32Cube_FW_F4_V1.28.3, STM32Cube_FW_F7_V1.17.4, STM32Cube_FW_G0_V1.6.3, STM32Cube_FW_G4_V1.6.2, STM32Cube_FW_H5_V1.6.0, STM32Cube_FW_H7RS_V1.3.0, STM32Cube_FW_H7_V1.13.0, STM32Cube_FW_L0_V1.12.2, STM32Cube_FW_L4_V1.18.2, STM32Cube_FW_L5_V1.6.0, STM32Cube_FW_N6_V1.3.0, STM32Cube_FW_U0_V1.3.0, STM32Cube_FW_U3_V1.3.0, STM32Cube_FW_U5_V1.8.0, STM32Cube_FW_WB0_V1.4.0, STM32Cube_FW_WBA_V1.9.0, STM32Cube_FW_WB_V1.24.0, STM32Cube_FW_WL3_V1.4.0, STM32Cube_FW_WL_V1.5.0, X-CUBE-ALGOBUILD_V1.4.0, X-CUBE-ALS_V1.0.2, X-CUBE-AZRTOS-F4_V1.1.0, X-CUBE-AZRTOS-F7_V1.1.0, X-CUBE-AZRTOS-G0_V1.1.0, X-CUBE-AZRTOS-G4_V2.0.0, X-CUBE-AZRTOS-H7RS_V1.1.0, X-CUBE-AZRTOS-H7_V3.4.0, X-CUBE-AZRTOS-L4_V2.0.0, X-CUBE-AZRTOS-L5_V2.0.0, X-CUBE-AZRTOS-WB_V2.0.0, X-CUBE-AZRTOS-WL_V2.0.0, X-CUBE-BLE1_V7.1.0, X-CUBE-BLE2_V3.3.0, X-CUBE-BLEMGR_V4.1.0, X-CUBE-EEPRMA1_V5.2.0, X-CUBE-FREERTOS_V1.5.0, X-CUBE-GNSS1_V6.0.0, X-CUBE-MEMS1_V12.0.0, X-CUBE-NFC4_V3.0.0, X-CUBE-NFC7_V2.0.0, X-CUBE-SFXS2LP1_V4.0.0, X-CUBE-ST67W61_V1.2.0, X-CUBE-SUBG2_V5.0.0, X-CUBE-TOF1_V3.4.3]
2026-05-09 17:48:38,301 [INFO] ApiDb:240 - Found 483 in-development CPN: [B-G473E-ZEST1S, B-WB1M-WPAN1, B-WL5M-SUBG1, NUCLEO-C031C6, NUCLEO-H503RB, NUCLEO-H533RE, NUCLEO-H563ZI, NUCLEO-H7S3L8, NUCLEO-U031R8, NUCLEO-U083RC, NUCLEO-U545RE-Q, NUCLEO-U5A5ZJ-Q, NUCLEO-WBA52CG, NUCLEO-WBA55CG, STEVAL-PROTEUS1, STEVAL-SMARTAG2, STEVAL-STWINBX1, STM320518-EVAL, STM32C0116-DK, STM32C011D6Y3TR, STM32C011D6Y6TR, STM32C011F4P3, STM32C011F4P6, STM32C011F4U3, STM32C011F4U6TR, STM32C011F6P3, STM32C011F6P6, STM32C011F6U3, STM32C011F6U6TR, STM32C011J4M3, STM32C011J4M6, STM32C011J6M3, STM32C011J6M6, STM32C0316-DK, STM32C031C4T3, STM32C031C4T6, STM32C031C4U3, STM32C031C4U6, STM32C031C6T3, STM32C031C6T6, STM32C031C6U3, STM32C031C6U6, STM32C031F4P3, STM32C031F4P6, STM32C031F6P3, STM32C031F6P6, STM32C031G4U3, STM32C031G4U6, STM32C031G6U3, STM32C031G6U6, STM32C031K4T3, STM32C031K4T6, STM32C031K4U3, STM32C031K4U6, STM32C031K6T3, STM32C031K6T6, STM32C031K6U3, STM32C031K6U6, STM32G071K8TXN, STM32G071K8UXN, STM32G081GBU6N, STM32G081KBT6N, STM32G081KBUXN, STM32G0B1CCT6N, STM32G0B1KCT6, STM32G0B1NEY6TR, STM32G0B1RCT6N, STM32G0C1CCT6, STM32G0C1CCT6N, STM32G0C1CCU6N, STM32G0C1CET6N, STM32G0C1CEU6N, STM32G0C1KCT6, STM32G0C1NEY6TR, STM32G0C1RCI6N, STM32G0C1RCT6N, STM32G0C1REI6N, STM32G0C1RET6N, STM32G0C1VCI6, STM32G0C1VEI6, STM32G471CCT6, STM32G471CCU6, STM32G471CET3, STM32G471CET6, STM32G471CEU3, STM32G471CEU6, STM32G471MCT6, STM32G471MET3, STM32G471MET6, STM32G471MEY6TR, STM32G471QCT6, STM32G471QET3, STM32G471RCT6, STM32G471RET3, STM32G471RET6, STM32G471VCH6, STM32G471VCI6, STM32G471VCT6, STM32G471VEH3, STM32G471VEH6, STM32G471VEI3, STM32G471VEI6, STM32G471VET3, STM32G471VET6, STM32G474CCT6, STM32H503CBT6, STM32H503CBU6, STM32H503EBY6TR, STM32H503KBU6, STM32H503RBT6, STM32H523CCT6, STM32H523CCU6, STM32H523CET6, STM32H523CEU6, STM32H523HEY6TR, STM32H523RCT6, STM32H523RET6, STM32H523VCI6, STM32H523VCT6, STM32H523VEI6, STM32H523VET6, STM32H523ZCJ6, STM32H523ZCT6, STM32H523ZEJ6, STM32H523ZET6, STM32H533CET6, STM32H533CEU6, STM32H533HEY6TR, STM32H533RET6, STM32H533VEI6, STM32H533VET6, STM32H533ZEJ6, STM32H533ZET6, STM32H562AGI6, STM32H562AII6, STM32H562IGK6, STM32H562IGT6, STM32H562IIK6, STM32H562IIT6, STM32H562RGT6, STM32H562RGV6, STM32H562RIT6, STM32H562RIV6, STM32H562VGT6, STM32H562VIT6, STM32H562ZGT6, STM32H562ZIT6, STM32H563AGI6, STM32H563AII3Q, STM32H563AII6, STM32H563IGK6, STM32H563IGT6, STM32H563IIK3Q, STM32H563IIK6, STM32H563IIT3Q, STM32H563IIT6, STM32H563MIY3QTR, STM32H563RGT6, STM32H563RGV6, STM32H563RIT6, STM32H563RIV6, STM32H563VGT6, STM32H563VIT3Q, STM32H563VIT6, STM32H563ZGT6, STM32H563ZIT3Q, STM32H563ZIT6, STM32H573AII3Q, STM32H573AII6, STM32H573I-DK, STM32H573IIK3Q, STM32H573IIK6, STM32H573IIT3Q, STM32H573IIT6, STM32H573MIY3QTR, STM32H573RIT6, STM32H573RIV6, STM32H573VIT3Q, STM32H573VIT6, STM32H573ZIT3Q, STM32H573ZIT6, STM32H7R3A8I6, STM32H7R3I8K6, STM32H7R3I8T6, STM32H7R3L8H6, STM32H7R3L8H6H, STM32H7R3R8V6, STM32H7R3V8H6, STM32H7R3V8T6, STM32H7R3V8Y6, STM32H7R3Z8J6, STM32H7R3Z8T6, STM32H7R7A8I6, STM32H7R7I8K6, STM32H7R7I8T6, STM32H7R7L8H6, STM32H7R7L8H6H, STM32H7R7Z8J6, STM32H7S3A8I6, STM32H7S3I8K6, STM32H7S3I8T6, STM32H7S3L8H6, STM32H7S3L8H6H, STM32H7S3R8V6, STM32H7S3V8H6, STM32H7S3V8T6, STM32H7S3V8Y6, STM32H7S3Z8J6, STM32H7S3Z8T6, STM32H7S78-DK, STM32H7S7A8I6, STM32H7S7I8K6, STM32H7S7I8T6, STM32H7S7L8H6, STM32H7S7L8H6H, STM32H7S7Z8J6, STM32L4R5QGI6STR, STM32MP131AAE3, STM32MP131AAF3, STM32MP131AAG3, STM32MP131CAE3, STM32MP131CAF3, STM32MP131CAG3, STM32MP131DAE7, STM32MP131DAF7, STM32MP131DAG7, STM32MP131FAE7, STM32MP131FAF7, STM32MP131FAG7, STM32MP133AAE3, STM32MP133AAF3, STM32MP133AAG3, STM32MP133CAE3, STM32MP133CAF3, STM32MP133CAG3, STM32MP133DAE7, STM32MP133DAF7, STM32MP133DAG7, STM32MP133FAE7, STM32MP133FAF7, STM32MP133FAG7, STM32MP135AAE3, STM32MP135AAF3, STM32MP135AAG3, STM32MP135CAE3, STM32MP135CAF3, STM32MP135CAG3, STM32MP135DAE7, STM32MP135DAF7, STM32MP135DAG7, STM32MP135F-DK, STM32MP135FAE7, STM32MP135FAF7, STM32MP135FAF7T, STM32MP135FAF7U, STM32MP135FAG7, STM32U031C6T6, STM32U031C6U6, STM32U031C8T6, STM32U031C8U6, STM32U031F4P6, STM32U031F6P6, STM32U031F8P6, STM32U031G6Y6TR, STM32U031G8Y6TR, STM32U031K4U6, STM32U031K6U6, STM32U031K8U6, STM32U031R6I6, STM32U031R6T6, STM32U031R8I6, STM32U031R8T6, STM32U073C8T6, STM32U073C8U6, STM32U073CBT6, STM32U073CBU6, STM32U073CCT6, STM32U073CCU6, STM32U073H8Y6TR, STM32U073HBY6TR, STM32U073HCY6TR, STM32U073K8U6, STM32U073KBU6, STM32U073KCU6, STM32U073M8I6, STM32U073M8T6, STM32U073MBI6, STM32U073MBT6, STM32U073MCI6, STM32U073MCT6, STM32U073R8I6, STM32U073R8T6, STM32U073RBI6, STM32U073RBT6, STM32U073RCI6, STM32U073RCT6, STM32U083C-DK, STM32U083CCT6, STM32U083CCU6, STM32U083HCY6TR, STM32U083KCU6, STM32U083MCI6, STM32U083MCT6, STM32U083RCI6, STM32U083RCT6, STM32U535CBT6, STM32U535CBT6Q, STM32U535CBU6, STM32U535CBU6Q, STM32U535CCT6, STM32U535CCT6Q, STM32U535CCU6, STM32U535CCU6Q, STM32U535CET6, STM32U535CET6Q, STM32U535CEU6, STM32U535CEU6Q, STM32U535JEY6QTR, STM32U535NCY6QTR, STM32U535NEY6QTR, STM32U535RBI6, STM32U535RBI6Q, STM32U535RBT6, STM32U535RBT6Q, STM32U535RCI6, STM32U535RCI6Q, STM32U535RCT6, STM32U535RCT6Q, STM32U535REI6, STM32U535REI6Q, STM32U535RET6, STM32U535RET6Q, STM32U535VCI6, STM32U535VCI6Q, STM32U535VCT6, STM32U535VCT6Q, STM32U535VEI6, STM32U535VEI6Q, STM32U535VET6, STM32U535VET6Q, STM32U545CET6, STM32U545CET6Q, STM32U545CEU6, STM32U545CEU6Q, STM32U545JEY6QTR, STM32U545NEY6QTR, STM32U545REI6, STM32U545REI6Q, STM32U545RET6, STM32U545RET6Q, STM32U545VEI6, STM32U545VEI6Q, STM32U545VET6, STM32U545VET6Q, STM32U595AIH6, STM32U595AIH6Q, STM32U595AJH6, STM32U595AJH6Q, STM32U595QII6, STM32U595QII6Q, STM32U595QJI6, STM32U595QJI6Q, STM32U595RIT6, STM32U595RIT6Q, STM32U595RJT6, STM32U595RJT6Q, STM32U595VIT6, STM32U595VIT6Q, STM32U595VJT6, STM32U595VJT6Q, STM32U595ZIT6, STM32U595ZIT6Q, STM32U595ZIY6QTR, STM32U595ZJT6, STM32U595ZJT6Q, STM32U595ZJY6QTR, STM32U599BJY6QTR, STM32U599NIH6Q, STM32U599NJH6Q, STM32U599VIT6Q, STM32U599VJT6, STM32U599VJT6Q, STM32U599ZIT6Q, STM32U599ZIY6QTR, STM32U599ZJT6Q, STM32U599ZJY6QTR, STM32U5A5AJH6, STM32U5A5AJH6Q, STM32U5A5QII3Q , STM32U5A5QJI6, STM32U5A5QJI6Q, STM32U5A5RJT6, STM32U5A5RJT6Q, STM32U5A5VJT6, STM32U5A5VJT6Q, STM32U5A5ZJT6, STM32U5A5ZJT6Q, STM32U5A5ZJY6QTR, STM32U5A9BJY6QTR, STM32U5A9J-DK, STM32U5A9NJH6Q, STM32U5A9VJT6Q, STM32U5A9ZJT6Q, STM32U5A9ZJY6QTR, STM32U5F7VIT6, STM32U5F7VIT6Q, STM32U5F7VJT6, STM32U5F7VJT6Q, STM32U5F9BJY6QTR, STM32U5F9NJH6Q, STM32U5F9VIT6Q, STM32U5F9VJT6Q, STM32U5F9ZIJ6QTR, STM32U5F9ZIT6Q, STM32U5F9ZJJ6QTR, STM32U5F9ZJT6Q, STM32U5G7VJT6, STM32U5G7VJT6Q, STM32U5G9BJY6QTR, STM32U5G9J-DK1, STM32U5G9J-DK2, STM32U5G9NJH6Q, STM32U5G9VJT6Q, STM32U5G9ZJJ6QTR, STM32U5G9ZJT6Q, STM32WB1MMCH6, STM32WBA50KEU6, STM32WBA50KEU6TR, STM32WBA50KGU6, STM32WBA50KGU6TR, STM32WBA52CEU6, STM32WBA52CEU6TR, STM32WBA52CEU7, STM32WBA52CEU7TR, STM32WBA52CGU6, STM32WBA52CGU6TR, STM32WBA52CGU6U, STM32WBA52CGU7, STM32WBA52CGU7TR, STM32WBA52KEU6, STM32WBA52KEU6TR, STM32WBA52KGU6, STM32WBA52KGU6TR, STM32WBA54CEU6, STM32WBA54CEU6TR, STM32WBA54CEU7, STM32WBA54CEU7TR, STM32WBA54CGU6, STM32WBA54CGU6TR, STM32WBA54CGU7, STM32WBA54CGU7TR, STM32WBA54KEU6, STM32WBA54KEU6TR, STM32WBA54KEU7, STM32WBA54KEU7TR, STM32WBA54KGU6, STM32WBA54KGU6TR, STM32WBA54KGU7, STM32WBA54KGU7TR, STM32WBA55CEU6, STM32WBA55CEU6TR, STM32WBA55CEU7, STM32WBA55CEU7TR, STM32WBA55CGU6, STM32WBA55CGU6TR, STM32WBA55CGU6U, STM32WBA55CGU7, STM32WBA55CGU7TR, STM32WBA55G-DK1, STM32WBA55HEF6, STM32WBA55HEF7, STM32WBA55HGF6, STM32WBA55HGF7, STM32WBA55UEI6, STM32WBA55UEI6TR, STM32WBA55UEI7, STM32WBA55UEI7TR, STM32WBA55UGI6, STM32WBA55UGI6TR, STM32WBA55UGI7, STM32WBA55UGI7TR, STM32WL5MOCH6, STM32WL5MOCH6TR]
2026-05-09 17:48:38,309 [INFO] DbMcus:218 - Found 5045 MCUs, 4958 are supported
2026-05-09 17:48:38,310 [INFO] ApiDb:423 - Load user favorites file C:\Users\Aditya/.stm32cubeide/favorites.mcus.txt: 0 item(s)
2026-05-09 17:48:38,310 [INFO] ApiDb:427 - User favorites MCUs=[]
2026-05-09 17:48:38,310 [INFO] DbMcus:224 - Set 0 / 0 favorites MCUs
2026-05-09 17:48:38,646 [INFO] BoardInfo:889 - No configuration file found for board B-WBA5M-WPAN
2026-05-09 17:48:38,646 [INFO] DbBoards:161 - Board is not supported: B-WBA5M-WPAN
2026-05-09 17:48:38,650 [INFO] BoardInfo:889 - No configuration file found for board NUCLEO-C051C8
2026-05-09 17:48:38,650 [INFO] DbBoards:161 - Board is not supported: NUCLEO-C051C8
2026-05-09 17:48:38,651 [INFO] BoardInfo:889 - No configuration file found for board NUCLEO-C071RB
2026-05-09 17:48:38,651 [INFO] DbBoards:161 - Board is not supported: NUCLEO-C071RB
2026-05-09 17:48:38,652 [INFO] BoardInfo:889 - No configuration file found for board NUCLEO-C092RC
2026-05-09 17:48:38,652 [INFO] DbBoards:161 - Board is not supported: NUCLEO-C092RC
2026-05-09 17:48:38,681 [INFO] BoardInfo:889 - No configuration file found for board NUCLEO-H5E5ZJ
2026-05-09 17:48:38,681 [INFO] DbBoards:161 - Board is not supported: NUCLEO-H5E5ZJ
2026-05-09 17:48:38,718 [INFO] BoardInfo:889 - No configuration file found for board NUCLEO-N657X0-Q
2026-05-09 17:48:38,719 [INFO] DbBoards:161 - Board is not supported: NUCLEO-N657X0-Q
2026-05-09 17:48:38,721 [INFO] BoardInfo:889 - No configuration file found for board NUCLEO-U385RG-Q
2026-05-09 17:48:38,721 [INFO] DbBoards:161 - Board is not supported: NUCLEO-U385RG-Q
2026-05-09 17:48:38,722 [INFO] BoardInfo:889 - No configuration file found for board NUCLEO-U3C5ZI-Q
2026-05-09 17:48:38,722 [INFO] DbBoards:161 - Board is not supported: NUCLEO-U3C5ZI-Q
2026-05-09 17:48:38,727 [INFO] BoardInfo:889 - No configuration file found for board NUCLEO-WB05KZ
2026-05-09 17:48:38,727 [INFO] DbBoards:161 - Board is not supported: NUCLEO-WB05KZ
2026-05-09 17:48:38,728 [INFO] BoardInfo:889 - No configuration file found for board NUCLEO-WB07CC
2026-05-09 17:48:38,728 [INFO] DbBoards:161 - Board is not supported: NUCLEO-WB07CC
2026-05-09 17:48:38,729 [INFO] BoardInfo:889 - No configuration file found for board NUCLEO-WB09KE
2026-05-09 17:48:38,729 [INFO] DbBoards:161 - Board is not supported: NUCLEO-WB09KE
2026-05-09 17:48:38,733 [INFO] BoardInfo:889 - No configuration file found for board NUCLEO-WBA25CE1
2026-05-09 17:48:38,733 [INFO] DbBoards:161 - Board is not supported: NUCLEO-WBA25CE1
2026-05-09 17:48:38,735 [INFO] BoardInfo:889 - No configuration file found for board NUCLEO-WBA65RI
2026-05-09 17:48:38,736 [INFO] DbBoards:161 - Board is not supported: NUCLEO-WBA65RI
2026-05-09 17:48:38,736 [INFO] BoardInfo:889 - No configuration file found for board NUCLEO-WL33CC1
2026-05-09 17:48:38,736 [INFO] DbBoards:161 - Board is not supported: NUCLEO-WL33CC1
2026-05-09 17:48:38,745 [INFO] BoardInfo:889 - No configuration file found for board NUCLEO-WL33CC2
2026-05-09 17:48:38,746 [INFO] DbBoards:161 - Board is not supported: NUCLEO-WL33CC2
2026-05-09 17:48:38,748 [INFO] BoardInfo:889 - No configuration file found for board NUCLEO-WL3RKB1
2026-05-09 17:48:38,749 [INFO] DbBoards:161 - Board is not supported: NUCLEO-WL3RKB1
2026-05-09 17:48:38,750 [INFO] BoardInfo:889 - No configuration file found for board NUCLEO-WL3RKB2
2026-05-09 17:48:38,750 [INFO] DbBoards:161 - Board is not supported: NUCLEO-WL3RKB2
2026-05-09 17:48:38,753 [INFO] BoardInfo:889 - No configuration file found for board P-NUCLEO-WB55
2026-05-09 17:48:38,753 [INFO] DbBoards:161 - Kit is not supported: P-NUCLEO-WB55
2026-05-09 17:48:38,756 [INFO] BoardInfo:889 - No configuration file found for board STEVAL-BFA001V1B
2026-05-09 17:48:38,756 [INFO] DbBoards:161 - Kit is not supported: STEVAL-BFA001V1B
2026-05-09 17:48:38,758 [INFO] BoardInfo:889 - No configuration file found for board STEVAL-BFA001V2B
2026-05-09 17:48:38,758 [INFO] DbBoards:161 - Kit is not supported: STEVAL-BFA001V2B
2026-05-09 17:48:38,804 [INFO] BoardInfo:889 - No configuration file found for board STM32H5F5J-DK
2026-05-09 17:48:38,805 [INFO] DbBoards:161 - Board is not supported: STM32H5F5J-DK
2026-05-09 17:48:38,831 [INFO] BoardInfo:889 - No configuration file found for board STM32MP215F-DK
2026-05-09 17:48:38,831 [INFO] DbBoards:161 - Board is not supported: STM32MP215F-DK
2026-05-09 17:48:38,832 [INFO] BoardInfo:889 - No configuration file found for board STM32MP257F-DK
2026-05-09 17:48:38,832 [INFO] DbBoards:161 - Board is not supported: STM32MP257F-DK
2026-05-09 17:48:38,833 [INFO] BoardInfo:889 - No configuration file found for board STM32MP257F-EV1
2026-05-09 17:48:38,833 [INFO] DbBoards:161 - Board is not supported: STM32MP257F-EV1
2026-05-09 17:48:38,834 [INFO] BoardInfo:889 - No configuration file found for board STM32N6570-DK
2026-05-09 17:48:38,834 [INFO] DbBoards:161 - Board is not supported: STM32N6570-DK
2026-05-09 17:48:38,841 [INFO] BoardInfo:889 - No configuration file found for board STM32WBA65I-DK1
2026-05-09 17:48:38,841 [INFO] DbBoards:161 - Board is not supported: STM32WBA65I-DK1
2026-05-09 17:48:38,841 [INFO] DbBoards:168 - Found 218 boards, 192 are supported
2026-05-09 17:48:38,842 [INFO] DbBoards:169 - Found 218 boards, 8 of them is supported for  Bsp
2026-05-09 17:48:38,844 [INFO] ApiDb:423 - Load user favorites file C:\Users\Aditya/.stm32cubeide/favorites.boards.txt: 0 item(s)
2026-05-09 17:48:38,844 [INFO] ApiDb:427 - User favorites Boards=[]
2026-05-09 17:48:38,844 [INFO] DbBoards:198 - Set 0 / 0 favorites Boards
2026-05-09 17:48:38,903 [INFO] UtilMem:75 - End LoadConfig() Used Memory: 784860176 Bytes (1073741824)
2026-05-09 17:48:39,039 [WARN] ThirdParty:833 - waiting for thirdparty lock release [change project]
2026-05-09 17:48:39,039 [INFO] ThirdParty:835 - entering critical section [change project]
2026-05-09 17:48:39,039 [INFO] ThirdParty:1030 - CMSIS Pack Vendor :STMicroelectronics X-CUBE-AZRTOS-H7 3.5.0
2026-05-09 17:48:39,039 [INFO] ThirdParty:1030 - CMSIS Pack Vendor :STMicroelectronics X-CUBE-PM33A1 1.0.0
2026-05-09 17:48:39,039 [INFO] ThirdParty:1030 - CMSIS Pack Vendor :STMicroelectronics USBPD 4.1
2026-05-09 17:48:39,039 [INFO] ThirdParty:1030 - CMSIS Pack Vendor :STMicroelectronics X-CUBE-GNSS1 6.0.0
2026-05-09 17:48:39,039 [INFO] ThirdParty:1030 - CMSIS Pack Vendor :STMicroelectronics USB_HOST 2.0.0
2026-05-09 17:48:39,039 [INFO] ThirdParty:1030 - CMSIS Pack Vendor :STMicroelectronics FP-SNS-MOTENVWB1 1.4.0
2026-05-09 17:48:39,039 [INFO] ThirdParty:1030 - CMSIS Pack Vendor :STMicroelectronics X-CUBE-AZRTOS-F4 1.1.0
2026-05-09 17:48:39,039 [INFO] ThirdParty:1030 - CMSIS Pack Vendor :STMicroelectronics LIBJPEG 8.0.0
2026-05-09 17:48:39,039 [INFO] ThirdParty:1030 - CMSIS Pack Vendor :STMicroelectronics FP-ATR-ASTRA1 2.0.2
2026-05-09 17:48:39,039 [INFO] ThirdParty:1030 - CMSIS Pack Vendor :STMicroelectronics X-CUBE-SMBUS 2.1.0
2026-05-09 17:48:39,039 [INFO] ThirdParty:1030 - CMSIS Pack Vendor :STMicroelectronics X-CUBE-ISPU 2.1.0
2026-05-09 17:48:39,039 [INFO] ThirdParty:1030 - CMSIS Pack Vendor :STMicroelectronics X-CUBE-FREERTOS 1.2.0
2026-05-09 17:48:39,039 [INFO] ThirdParty:1030 - CMSIS Pack Vendor :STMicroelectronics X-CUBE-NFC12 1.0.0
2026-05-09 17:48:39,039 [INFO] ThirdParty:1030 - CMSIS Pack Vendor :STMicroelectronics X-CUBE-TOUCHGFX 4.23.2
2026-05-09 17:48:39,039 [INFO] ThirdParty:1030 - CMSIS Pack Vendor :STMicroelectronics X-CUBE-AZRTOS-F7 1.1.0
2026-05-09 17:48:39,039 [INFO] ThirdParty:1030 - CMSIS Pack Vendor :STMicroelectronics X-CUBE-AZRTOS-L5 2.0.0
2026-05-09 17:48:39,039 [INFO] ThirdParty:1030 - CMSIS Pack Vendor :STMicroelectronics USB_DEVICE 2.0.0
2026-05-09 17:48:39,039 [INFO] ThirdParty:1030 - CMSIS Pack Vendor :STMicroelectronics X-CUBE-NFC6 3.1.0
2026-05-09 17:48:39,039 [INFO] ThirdParty:1030 - CMSIS Pack Vendor :STMicroelectronics FreeRTOS 0.0.1
2026-05-09 17:48:39,039 [INFO] ThirdParty:1030 - CMSIS Pack Vendor :STMicroelectronics X-CUBE-DPower 1.2.0
2026-05-09 17:48:39,039 [INFO] ThirdParty:1030 - CMSIS Pack Vendor :STMicroelectronics FP-SNS-FLIGHT1 5.0.2
2026-05-09 17:48:39,039 [INFO] ThirdParty:1030 - CMSIS Pack Vendor :STMicroelectronics X-CUBE-AI 9.0.0
2026-05-09 17:48:39,039 [INFO] ThirdParty:1030 - CMSIS Pack Vendor :STMicroelectronics PDM2PCM 3.3.0
2026-05-09 17:48:39,039 [INFO] ThirdParty:1030 - CMSIS Pack Vendor :STMicroelectronics X-CUBE-AZRTOS-H7 3.4.0
2026-05-09 17:48:39,039 [INFO] ThirdParty:1030 - CMSIS Pack Vendor :STMicroelectronics X-CUBE-DISPLAY 3.0.0
2026-05-09 17:48:39,039 [INFO] ThirdParty:1030 - CMSIS Pack Vendor :STMicroelectronics X-CUBE-GNSS1 7.1.1
2026-05-09 17:48:39,039 [INFO] ThirdParty:1030 - CMSIS Pack Vendor :STMicroelectronics X-CUBE-BLE1 7.0.0
2026-05-09 17:48:39,039 [INFO] ThirdParty:1030 - CMSIS Pack Vendor :STMicroelectronics X-CUBE-NFC10 1.0.0
2026-05-09 17:48:39,039 [INFO] ThirdParty:1030 - CMSIS Pack Vendor :STMicroelectronics X-CUBE-BLEMGR 4.0.0
2026-05-09 17:48:39,039 [INFO] ThirdParty:1030 - CMSIS Pack Vendor :STMicroelectronics X-CUBE-FREERTOS 1.3.1
2026-05-09 17:48:39,039 [INFO] ThirdParty:1030 - CMSIS Pack Vendor :STMicroelectronics HAL Drivers 0.0.0
2026-05-09 17:48:39,039 [INFO] ThirdParty:1030 - CMSIS Pack Vendor :emotas I-CUBE-CANOPEN 1.3.0
2026-05-09 17:48:39,039 [INFO] ThirdParty:1030 - CMSIS Pack Vendor :STMicroelectronics X-CUBE-NFC7 1.0.1
2026-05-09 17:48:39,039 [INFO] ThirdParty:1030 - CMSIS Pack Vendor :STMicroelectronics MBEDTLS 2.14.1
2026-05-09 17:48:39,039 [INFO] ThirdParty:1030 - CMSIS Pack Vendor :STMicroelectronics X-CUBE-GNSS1 7.1.0
2026-05-09 17:48:39,039 [INFO] ThirdParty:1030 - CMSIS Pack Vendor :wolfSSL I-CUBE-wolfTPM 3.2.0
2026-05-09 17:48:39,039 [INFO] ThirdParty:1030 - CMSIS Pack Vendor :STMicroelectronics X-CUBE-TOUCHGFX 4.26.0
2026-05-09 17:48:39,039 [INFO] ThirdParty:1030 - CMSIS Pack Vendor :STMicroelectronics X-CUBE-TOUCHGFX 4.26.1
2026-05-09 17:48:39,039 [INFO] ThirdParty:1030 - CMSIS Pack Vendor :quantropi X-CUBE-qispace-sdk-base 2.0.0
2026-05-09 17:48:39,039 [INFO] ThirdParty:1030 - CMSIS Pack Vendor :STMicroelectronics X-CUBE-BLEMGR 3.1.0
2026-05-09 17:48:39,040 [INFO] ThirdParty:1030 - CMSIS Pack Vendor :STMicroelectronics X-CUBE-AI 10.0.0
2026-05-09 17:48:39,040 [INFO] ThirdParty:1030 - CMSIS Pack Vendor :STMicroelectronics FP-SNS-SMARTAG2 1.2.0
2026-05-09 17:48:39,040 [INFO] ThirdParty:1030 - CMSIS Pack Vendor :STMicroelectronics X-CUBE-AZRTOS-WL 2.0.0
2026-05-09 17:48:39,040 [INFO] ThirdParty:1030 - CMSIS Pack Vendor :STMicroelectronics X-CUBE-DPower 1.3.0
2026-05-09 17:48:39,040 [INFO] ThirdParty:1030 - CMSIS Pack Vendor :STMicroelectronics FP-SNS-MOTENV1 5.0.0
2026-05-09 17:48:39,040 [INFO] ThirdParty:1030 - CMSIS Pack Vendor :STMicroelectronics USB_DEVICE 1.0.0
2026-05-09 17:48:39,040 [INFO] ThirdParty:1030 - CMSIS Pack Vendor :STMicroelectronics X-CUBE-AZRTOS-H7RS 1.2.0
2026-05-09 17:48:39,040 [INFO] ThirdParty:1030 - CMSIS Pack Vendor :wolfSSL I-CUBE-wolfMQTT 1.19.0
2026-05-09 17:48:39,040 [INFO] ThirdParty:1030 - CMSIS Pack Vendor :STMicroelectronics X-CUBE-AZRTOS-L4 2.0.0
2026-05-09 17:48:39,040 [INFO] ThirdParty:1030 - CMSIS Pack Vendor :STMicroelectronics ThreadX 0.0.2
2026-05-09 17:48:39,040 [INFO] ThirdParty:1030 - CMSIS Pack Vendor :WES I-CUBE-Cesium 1.3.0
2026-05-09 17:48:39,040 [INFO] ThirdParty:1030 - CMSIS Pack Vendor :STMicroelectronics lwIP 2.1.2
2026-05-09 17:48:39,040 [INFO] ThirdParty:1030 - CMSIS Pack Vendor :STMicroelectronics X-CUBE-SFXS2LP1 4.0.0
2026-05-09 17:48:39,040 [INFO] ThirdParty:1030 - CMSIS Pack Vendor :STMicroelectronics X-CUBE-BLE2 3.3.0
2026-05-09 17:48:39,040 [INFO] ThirdParty:1030 - CMSIS Pack Vendor :STMicroelectronics PDM2PCM 3.2.0
2026-05-09 17:48:39,040 [INFO] ThirdParty:1030 - CMSIS Pack Vendor :STMicroelectronics X-CUBE-WB05N 2.1.0
2026-05-09 17:48:39,040 [INFO] ThirdParty:1030 - CMSIS Pack Vendor :STMicroelectronics X-CUBE-AZRTOS-H7 3.3.0
2026-05-09 17:48:39,040 [INFO] ThirdParty:1030 - CMSIS Pack Vendor :STMicroelectronics X-CUBE-NFC9 1.0.0
2026-05-09 17:48:39,040 [INFO] ThirdParty:1030 - CMSIS Pack Vendor :STMicroelectronics X-CUBE-BLE1 7.1.0
2026-05-09 17:48:39,040 [INFO] ThirdParty:1030 - CMSIS Pack Vendor :STMicroelectronics USB_DEVICE 3.0.0
2026-05-09 17:48:39,040 [INFO] ThirdParty:1030 - CMSIS Pack Vendor :STMicroelectronics X-CUBE-TCPP 4.1.0
2026-05-09 17:48:39,040 [INFO] ThirdParty:1030 - CMSIS Pack Vendor :STMicroelectronics X-CUBE-EEPRMA1 5.2.0
2026-05-09 17:48:39,040 [INFO] ThirdParty:1030 - CMSIS Pack Vendor :STMicroelectronics X-CUBE-AZRTOS-WB 2.0.0
2026-05-09 17:48:39,040 [INFO] ThirdParty:1030 - CMSIS Pack Vendor :STMicroelectronics X-CUBE-GNSS1 7.0.1
2026-05-09 17:48:39,040 [INFO] ThirdParty:1030 - CMSIS Pack Vendor :STMicroelectronics X-CUBE-TOUCHGFX 4.25.0
2026-05-09 17:48:39,040 [INFO] ThirdParty:1030 - CMSIS Pack Vendor :STMicroelectronics X-CUBE-AI 10.1.0
2026-05-09 17:48:39,040 [INFO] ThirdParty:1030 - CMSIS Pack Vendor :STMicroelectronics FP-SNS-STBOX1 2.0.0
2026-05-09 17:48:39,040 [INFO] ThirdParty:1030 - CMSIS Pack Vendor :STMicroelectronics X-CUBE-MEMS1 12.0.0
2026-05-09 17:48:39,040 [INFO] ThirdParty:1030 - CMSIS Pack Vendor :STMicroelectronics X-CUBE-ALGOBUILD 1.3.0
2026-05-09 17:48:39,040 [INFO] ThirdParty:1030 - CMSIS Pack Vendor :STMicroelectronics X-CUBE-STSE01 2.0.0
2026-05-09 17:48:39,040 [INFO] ThirdParty:1030 - CMSIS Pack Vendor :STMicroelectronics X-CUBE-MEMS1 11.2.0
2026-05-09 17:48:39,040 [INFO] ThirdParty:1030 - CMSIS Pack Vendor :STMicroelectronics X-CUBE-AZRTOS-G0 1.1.0
2026-05-09 17:48:39,040 [INFO] ThirdParty:1030 - CMSIS Pack Vendor :STMicroelectronics X-CUBE-SAFEA1 1.2.2
2026-05-09 17:48:39,040 [INFO] ThirdParty:1030 - CMSIS Pack Vendor :STMicroelectronics X-CUBE-NFC4 3.0.0
2026-05-09 17:48:39,040 [INFO] ThirdParty:1030 - CMSIS Pack Vendor :STMicroelectronics X-CUBE-SUBG2 5.0.0
2026-05-09 17:48:39,040 [INFO] ThirdParty:1030 - CMSIS Pack Vendor :STMicroelectronics X-CUBE-AZRTOS-H7RS 1.1.0
2026-05-09 17:48:39,040 [INFO] ThirdParty:1030 - CMSIS Pack Vendor :STMicroelectronics STM32_WPAN 1.0.0
2026-05-09 17:48:39,041 [INFO] ThirdParty:1030 - CMSIS Pack Vendor :EmbeddedOffice I-CUBE-FS-RTOS 1.0.1
2026-05-09 17:48:39,041 [INFO] ThirdParty:1030 - CMSIS Pack Vendor :STMicroelectronics lwIP 2.0.3
2026-05-09 17:48:39,041 [INFO] ThirdParty:1030 - CMSIS Pack Vendor :Cesanta I-CUBE-Mongoose 7.13.0
2026-05-09 17:48:39,041 [INFO] ThirdParty:1030 - CMSIS Pack Vendor :STMicroelectronics USB_HOST 1.0.0
2026-05-09 17:48:39,041 [INFO] ThirdParty:1030 - CMSIS Pack Vendor :STMicroelectronics X-CUBE-AZRTOS-G4 2.0.0
2026-05-09 17:48:39,041 [INFO] ThirdParty:1030 - CMSIS Pack Vendor :STMicroelectronics X-CUBE-WB05N 2.0.0
2026-05-09 17:48:39,041 [INFO] ThirdParty:1030 - CMSIS Pack Vendor :STMicroelectronics PDM2PCM 3.1.0
2026-05-09 17:48:39,041 [INFO] ThirdParty:1030 - CMSIS Pack Vendor :STMicroelectronics X-CUBE-NFC7 2.0.0
2026-05-09 17:48:39,041 [INFO] ThirdParty:1030 - CMSIS Pack Vendor :RealThread X-CUBE-RT-Thread_Nano 4.1.1
2026-05-09 17:48:39,041 [INFO] ThirdParty:1030 - CMSIS Pack Vendor :wolfSSL I-CUBE-wolfSSL 5.7.0
2026-05-09 17:48:39,041 [INFO] ThirdParty:1030 - CMSIS Pack Vendor :STMicroelectronics FP-ATR-SIGFOX1 3.2.0
2026-05-09 17:48:39,041 [INFO] ThirdParty:1030 - CMSIS Pack Vendor :STMicroelectronics X-CUBE-ISPU 2.0.0
2026-05-09 17:48:39,041 [INFO] ThirdParty:1030 - CMSIS Pack Vendor :STMicroelectronics X-CUBE-EEPRMA1 5.1.0
2026-05-09 17:48:39,041 [INFO] ThirdParty:1030 - CMSIS Pack Vendor :STMicroelectronics MBEDTLS 2.16.2
2026-05-09 17:48:39,041 [INFO] ThirdParty:1030 - CMSIS Pack Vendor :STMicroelectronics X-CUBE-ALS 1.0.2
2026-05-09 17:48:39,041 [INFO] ThirdParty:1030 - CMSIS Pack Vendor :STMicroelectronics X-CUBE-MEMS1 10.0.0
2026-05-09 17:48:39,041 [INFO] ThirdParty:1030 - CMSIS Pack Vendor :STMicroelectronics X-CUBE-FREERTOS 1.1.0
2026-05-09 17:48:39,042 [INFO] ThirdParty:1030 - CMSIS Pack Vendor :STMicroelectronics X-CUBE-TOUCHGFX 4.24.0
2026-05-09 17:48:39,042 [INFO] ThirdParty:1030 - CMSIS Pack Vendor :ITTIA_DB I-CUBE-ITTIADB 8.9.0
2026-05-09 17:48:39,042 [INFO] ThirdParty:1030 - CMSIS Pack Vendor :STMicroelectronics X-CUBE-STSE01 1.0.0
2026-05-09 17:48:39,042 [INFO] ThirdParty:1030 - CMSIS Pack Vendor :portGmbH I-Cube-SoM-uGOAL 1.1.0
2026-05-09 17:48:39,042 [INFO] ThirdParty:1030 - CMSIS Pack Vendor :STMicroelectronics X-CUBE-ALS 1.0.1
2026-05-09 17:48:39,042 [INFO] ThirdParty:1030 - CMSIS Pack Vendor :STMicroelectronics X-CUBE-NFC6 3.2.0
2026-05-09 17:48:39,042 [INFO] ThirdParty:1030 - CMSIS Pack Vendor :STMicroelectronics X-CUBE-AI 10.2.0
2026-05-09 17:48:39,042 [INFO] ThirdParty:1030 - CMSIS Pack Vendor :STMicroelectronics ThreadX 1.0.0
2026-05-09 17:48:39,042 [INFO] ThirdParty:1030 - CMSIS Pack Vendor :STMicroelectronics X-CUBE-MEMS1 12.1.0
2026-05-09 17:48:39,042 [INFO] ThirdParty:1030 - CMSIS Pack Vendor :SEGGER I-CUBE-embOS 1.3.1
2026-05-09 17:48:39,042 [INFO] ThirdParty:1030 - CMSIS Pack Vendor :STMicroelectronics X-CUBE-ALGOBUILD 1.4.0
2026-05-09 17:48:39,042 [INFO] ThirdParty:1030 - CMSIS Pack Vendor :STMicroelectronics X-CUBE-MEMS1 11.3.0
2026-05-09 17:48:39,042 [INFO] ThirdParty:1030 - CMSIS Pack Vendor :STMicroelectronics X-CUBE-AZRTOS-H7RS 1.0.0
2026-05-09 17:48:39,042 [INFO] ThirdParty:1030 - CMSIS Pack Vendor :STMicroelectronics FP-ATR-ASTRA1 2.0.0
2026-05-09 17:48:39,042 [INFO] ThirdParty:1030 - CMSIS Pack Vendor :STMicroelectronics X-CUBE-TOF1 3.4.2
2026-05-09 17:48:39,042 [INFO] ThirdParty:1030 - CMSIS Pack Vendor :STMicroelectronics X-CUBE-TOF1 3.4.1
2026-05-09 17:48:39,042 [INFO] ThirdParty:1030 - CMSIS Pack Vendor :STMicroelectronics X-CUBE-AZRTOS-H7 3.2.0
2026-05-09 17:48:39,042 [INFO] ThirdParty:1030 - CMSIS Pack Vendor :Infineon AIROC-Wi-Fi-Bluetooth-STM32 1.6.0
2026-05-09 17:48:39,042 [INFO] ThirdParty:1030 - CMSIS Pack Vendor :wolfSSL I-CUBE-wolfSSH 1.4.17
2026-05-09 17:48:39,042 [INFO] ThirdParty:841 - exiting critical section [change project]
2026-05-09 17:48:39,350 [INFO] PinOutPanel:1561 - setPackage(No Configuration,No Configuration)
2026-05-09 17:48:39,352 [INFO] PinOutPanel:1561 - setPackage(STM32F446RETx,LQFP64)
2026-05-09 17:48:39,952 [INFO] UtilMem:75 - Before build in PCC Used Memory: 851333352 Bytes (1073741824)
2026-05-09 17:48:41,143 [INFO] UtilMem:75 - After build in PCC Used Memory: 915296488 Bytes (1073741824)
2026-05-09 17:48:41,184 [INFO] IPUIPlugin:80 - create IPUIPlugin
2026-05-09 17:48:41,184 [INFO] IPUIPlugin:80 - create IPUIPlugin
2026-05-09 17:48:41,184 [INFO] IPUIPlugin:80 - create IPUIPlugin
2026-05-09 17:48:41,184 [INFO] IPUIPlugin:80 - create IPUIPlugin
2026-05-09 17:48:41,184 [INFO] IPUIPlugin:80 - create IPUIPlugin
2026-05-09 17:48:41,184 [INFO] IPUIPlugin:80 - create IPUIPlugin
2026-05-09 17:48:41,184 [INFO] IPUIPlugin:80 - create IPUIPlugin
2026-05-09 17:48:41,184 [INFO] IPUIPlugin:80 - create IPUIPlugin
2026-05-09 17:48:41,184 [INFO] IPUIPlugin:80 - create IPUIPlugin
2026-05-09 17:48:41,184 [INFO] IPUIPlugin:80 - create IPUIPlugin
2026-05-09 17:48:41,184 [INFO] IPUIPlugin:80 - create IPUIPlugin
2026-05-09 17:48:41,184 [INFO] IPUIPlugin:80 - create IPUIPlugin
2026-05-09 17:48:41,184 [INFO] IPUIPlugin:80 - create IPUIPlugin
2026-05-09 17:48:41,184 [INFO] IPUIPlugin:80 - create IPUIPlugin
2026-05-09 17:48:41,185 [INFO] IPUIPlugin:80 - create IPUIPlugin
2026-05-09 17:48:41,185 [INFO] IPUIPlugin:80 - create IPUIPlugin
2026-05-09 17:48:41,185 [INFO] IPUIPlugin:80 - create IPUIPlugin
2026-05-09 17:48:41,185 [INFO] IPUIPlugin:80 - create IPUIPlugin
2026-05-09 17:48:41,185 [INFO] IPUIPlugin:80 - create IPUIPlugin
2026-05-09 17:48:41,185 [INFO] IPUIPlugin:80 - create IPUIPlugin
2026-05-09 17:48:41,185 [INFO] IPUIPlugin:80 - create IPUIPlugin
2026-05-09 17:48:41,185 [INFO] IPUIPlugin:80 - create IPUIPlugin
2026-05-09 17:48:41,185 [INFO] IPUIPlugin:80 - create IPUIPlugin
2026-05-09 17:48:41,185 [INFO] IPUIPlugin:80 - create IPUIPlugin
2026-05-09 17:48:41,185 [INFO] IPUIPlugin:80 - create IPUIPlugin
2026-05-09 17:48:41,185 [INFO] IPUIPlugin:80 - create IPUIPlugin
2026-05-09 17:48:41,185 [INFO] IPUIPlugin:80 - create IPUIPlugin
2026-05-09 17:48:41,185 [INFO] IPUIPlugin:80 - create IPUIPlugin
2026-05-09 17:48:41,185 [INFO] IPUIPlugin:80 - create IPUIPlugin
2026-05-09 17:48:41,187 [INFO] IPUIPlugin:80 - create IPUIPlugin
2026-05-09 17:48:41,187 [INFO] IPUIPlugin:80 - create IPUIPlugin
2026-05-09 17:48:41,187 [INFO] IPUIPlugin:80 - create IPUIPlugin
2026-05-09 17:48:41,187 [INFO] IPUIPlugin:80 - create IPUIPlugin
2026-05-09 17:48:41,187 [INFO] IPUIPlugin:80 - create IPUIPlugin
2026-05-09 17:48:41,187 [INFO] IPUIPlugin:80 - create IPUIPlugin
2026-05-09 17:48:41,187 [INFO] IPUIPlugin:80 - create IPUIPlugin
2026-05-09 17:48:41,187 [INFO] IPUIPlugin:80 - create IPUIPlugin
2026-05-09 17:48:41,187 [INFO] IPUIPlugin:80 - create IPUIPlugin
2026-05-09 17:48:41,187 [INFO] IPUIPlugin:80 - create IPUIPlugin
2026-05-09 17:48:41,187 [INFO] IPUIPlugin:80 - create IPUIPlugin
2026-05-09 17:48:41,188 [INFO] IPUIPlugin:80 - create IPUIPlugin
2026-05-09 17:48:41,188 [INFO] IPUIPlugin:80 - create IPUIPlugin
2026-05-09 17:48:41,188 [INFO] IPUIPlugin:80 - create IPUIPlugin
2026-05-09 17:48:41,188 [INFO] IPUIPlugin:80 - create IPUIPlugin
2026-05-09 17:48:41,188 [INFO] IPUIPlugin:80 - create IPUIPlugin
2026-05-09 17:48:41,188 [INFO] IPUIPlugin:80 - create IPUIPlugin
2026-05-09 17:48:41,188 [INFO] IPUIPlugin:80 - create IPUIPlugin
2026-05-09 17:48:41,188 [INFO] IPUIPlugin:80 - create IPUIPlugin
2026-05-09 17:48:41,188 [INFO] IPUIPlugin:80 - create IPUIPlugin
2026-05-09 17:48:41,189 [INFO] IPUIPlugin:80 - create IPUIPlugin
2026-05-09 17:48:41,189 [INFO] IPUIPlugin:80 - create IPUIPlugin
2026-05-09 17:48:41,189 [INFO] IPUIPlugin:80 - create IPUIPlugin
2026-05-09 17:48:41,189 [INFO] IPUIPlugin:80 - create IPUIPlugin
2026-05-09 17:48:41,189 [INFO] IPUIPlugin:80 - create IPUIPlugin
2026-05-09 17:48:41,189 [INFO] IPUIPlugin:80 - create IPUIPlugin
2026-05-09 17:48:41,189 [INFO] IPUIPlugin:80 - create IPUIPlugin
2026-05-09 17:48:41,190 [INFO] IPUIPlugin:80 - create IPUIPlugin
2026-05-09 17:48:41,191 [INFO] IPUIPlugin:80 - create IPUIPlugin
2026-05-09 17:48:41,191 [INFO] IPUIPlugin:80 - create IPUIPlugin
2026-05-09 17:48:41,192 [INFO] IPUIPlugin:80 - create IPUIPlugin
2026-05-09 17:48:41,365 [INFO] ApiDbMcu:508 - Load IP Config File for PDM2PCM
2026-05-09 17:48:41,377 [WARN] IP:2120 - I2C_Coeff_DF not found: check if there is a RefParameter without a condition.
2026-05-09 17:48:41,377 [WARN] IP:2120 - Analog_Filter not found: check if there is a RefParameter without a condition.
2026-05-09 17:48:41,593 [INFO] CADModel:165 - CPN selected for project levelSTM32F446RET6
2026-05-09 17:48:41,593 [INFO] CADModel:114 - Register for checkConnection events
2026-05-09 17:48:41,642 [INFO] OpenFileManager:343 - Restore cursor
2026-05-09 17:48:41,786 [WARN] IP:2120 - I2C_Coeff_DF not found: check if there is a RefParameter without a condition.
2026-05-09 17:48:41,786 [WARN] IP:2120 - Analog_Filter not found: check if there is a RefParameter without a condition.
2026-05-09 17:48:41,786 [WARN] IP:2120 - I2C_Coeff_DF not found: check if there is a RefParameter without a condition.
2026-05-09 17:48:41,786 [WARN] IP:2120 - Analog_Filter not found: check if there is a RefParameter without a condition.
