2026-05-01 21:43:13,899 [INFO] Activator:176 - 


2026-05-01 21:43:13,904 [INFO] Activator:177 - !SESSION log4j initialized
2026-05-01 21:43:46,737 [INFO] LogOutputStream:77 - [STDOUT_REDIRECT] 
2026-05-01 21:43:53,540 [INFO] ApplicationProperties:184 - Using Application install path: C:\ST\STM32CubeIDE_1.15.0\STM32CubeIDE\plugins\com.st.stm32cube.common.mx_6.11.0.202403141607
2026-05-01 21:43:53,615 [INFO] DbMcusXml:78 - Set database path to: C:\ST\STM32CubeIDE_1.15.0\STM32CubeIDE\plugins\com.st.stm32cube.common.mx_6.11.0.202403141607\\db\/mcu/
2026-05-01 21:43:53,617 [INFO] ApiDb:274 - Set plugin database path to: C:\ST\STM32CubeIDE_1.15.0\STM32CubeIDE\plugins\com.st.stm32cube.common.mx_6.11.0.202403141607\\db\/plugins/boardmanager/
2026-05-01 21:43:53,618 [WARN] ApiDb:259 - Overriding images path with different value:  => C:\ST\STM32CubeIDE_1.15.0\STM32CubeIDE\plugins\com.st.stm32cube.common.mx_6.11.0.202403141607\\db\/plugins/mcufinder/images/
2026-05-01 21:43:53,638 [INFO] ApiDb:250 - Set database path to: C:\Users\Aditya\.stmcufinder\plugins\mcufinder//mcu/
2026-05-01 21:43:53,641 [INFO] DbMcusAds:125 - Set database path to: C:\Users\Aditya\.stmcufinder\plugins\mcufinder//mcu/
2026-05-01 21:43:53,648 [INFO] CrossReferenceDbSqlite:203 - Set database path to: C:\Users\Aditya\.stmcufinder\plugins\mcufinder//mcu/cs/
2026-05-01 21:43:53,868 [INFO] RulesReader:64 - Compatibility file has been processed (297 Rules)
2026-05-01 21:43:54,053 [INFO] DbMcusXml:78 - Set database path to: C:\ST\STM32CubeIDE_1.15.0\STM32CubeIDE\plugins\com.st.stm32cube.common.mx_6.11.0.202403141607\\db\/mcu/
2026-05-01 21:43:54,054 [INFO] ApiDb:274 - Set plugin database path to: C:\ST\STM32CubeIDE_1.15.0\STM32CubeIDE\plugins\com.st.stm32cube.common.mx_6.11.0.202403141607\\db\/plugins/boardmanager/
2026-05-01 21:43:54,054 [INFO] ApiDb:261 - Set plugin images path to: C:\ST\STM32CubeIDE_1.15.0\STM32CubeIDE\plugins\com.st.stm32cube.common.mx_6.11.0.202403141607\\db\/plugins/mcufinder/images/
2026-05-01 21:43:54,054 [WARN] DbFile:41 - Overriding database path with different value: C:\Users\Aditya\.stmcufinder\plugins\mcufinder/ => C:\Users\Aditya\.stmcufinder\plugins\mcufinder
2026-05-01 21:43:54,055 [INFO] ApiDb:250 - Set database path to: C:\Users\Aditya\.stmcufinder\plugins\mcufinder//mcu/
2026-05-01 21:43:54,055 [WARN] DbFile:41 - Overriding database path with different value: C:\Users\Aditya\.stmcufinder\plugins\mcufinder/ => C:\Users\Aditya\.stmcufinder\plugins\mcufinder
2026-05-01 21:43:54,055 [INFO] DbMcusAds:125 - Set database path to: C:\Users\Aditya\.stmcufinder\plugins\mcufinder//mcu/
2026-05-01 21:43:54,055 [WARN] DbFile:41 - Overriding database path with different value: C:\Users\Aditya\.stmcufinder\plugins\mcufinder/ => C:\Users\Aditya\.stmcufinder\plugins\mcufinder
2026-05-01 21:43:54,055 [WARN] DbFile:41 - Overriding database path with different value: C:\Users\Aditya\.stmcufinder\plugins\mcufinder/ => C:\Users\Aditya\.stmcufinder\plugins\mcufinder
2026-05-01 21:43:54,055 [INFO] CrossReferenceDbSqlite:203 - Set database path to: C:\Users\Aditya\.stmcufinder\plugins\mcufinder//mcu/cs/
2026-05-01 21:43:54,162 [INFO] MainPanel:264 - HeapMemory: 268435456
2026-05-01 21:43:54,279 [INFO] DbMcusXml:78 - Set database path to: C:\ST\STM32CubeIDE_1.15.0\STM32CubeIDE\plugins\com.st.stm32cube.common.mx_6.11.0.202403141607\\db\/mcu/
2026-05-01 21:43:54,279 [INFO] ApiDb:274 - Set plugin database path to: C:\ST\STM32CubeIDE_1.15.0\STM32CubeIDE\plugins\com.st.stm32cube.common.mx_6.11.0.202403141607\\db\/plugins/boardmanager/
2026-05-01 21:43:54,279 [INFO] ApiDb:261 - Set plugin images path to: C:\ST\STM32CubeIDE_1.15.0\STM32CubeIDE\plugins\com.st.stm32cube.common.mx_6.11.0.202403141607\\db\/plugins/mcufinder/images/
2026-05-01 21:43:54,280 [WARN] DbFile:41 - Overriding database path with different value: C:\Users\Aditya\.stmcufinder\plugins\mcufinder/ => C:\Users\Aditya\.stmcufinder\plugins\mcufinder
2026-05-01 21:43:54,280 [INFO] ApiDb:250 - Set database path to: C:\Users\Aditya\.stmcufinder\plugins\mcufinder//mcu/
2026-05-01 21:43:54,280 [WARN] DbFile:41 - Overriding database path with different value: C:\Users\Aditya\.stmcufinder\plugins\mcufinder/ => C:\Users\Aditya\.stmcufinder\plugins\mcufinder
2026-05-01 21:43:54,280 [INFO] DbMcusAds:125 - Set database path to: C:\Users\Aditya\.stmcufinder\plugins\mcufinder//mcu/
2026-05-01 21:43:54,280 [WARN] DbFile:41 - Overriding database path with different value: C:\Users\Aditya\.stmcufinder\plugins\mcufinder/ => C:\Users\Aditya\.stmcufinder\plugins\mcufinder
2026-05-01 21:43:54,280 [WARN] DbFile:41 - Overriding database path with different value: C:\Users\Aditya\.stmcufinder\plugins\mcufinder/ => C:\Users\Aditya\.stmcufinder\plugins\mcufinder
2026-05-01 21:43:54,280 [INFO] CrossReferenceDbSqlite:203 - Set database path to: C:\Users\Aditya\.stmcufinder\plugins\mcufinder//mcu/cs/
2026-05-01 21:43:54,302 [INFO] ApplicationProperties:184 - Using Application install path: C:\ST\STM32CubeIDE_1.15.0\STM32CubeIDE\plugins\com.st.stm32cube.common.mx_6.11.0.202403141607
2026-05-01 21:43:54,304 [INFO] PluginManage:196 - Search for loadable plugins [exclusion list=, ]
2026-05-01 21:43:54,306 [INFO] PluginManage:310 - Check plugin analytics
2026-05-01 21:43:54,662 [INFO] AnalyticsPlugin:253 - Accepted Software Licenses: 
2026-05-01 21:43:54,663 [INFO] AnalyticsPlugin:255 - Accepted CMSIS Pack Licenses: 
2026-05-01 21:43:54,663 [INFO] AnalyticsPlugin:257 - Accepted Firmware Licenses: 
2026-05-01 21:43:54,667 [INFO] PluginManage:359 - Loaded plugin analytics (category:tool,tabindex:-1)
2026-05-01 21:43:54,668 [INFO] PluginManage:310 - Check plugin cadmodel
2026-05-01 21:43:54,689 [INFO] CADModel:105 - Init CAD model plugin
2026-05-01 21:43:54,690 [INFO] PluginManage:359 - Loaded plugin cadmodel (category:power,tabindex:5)
2026-05-01 21:43:54,690 [INFO] PluginManage:310 - Check plugin clock
2026-05-01 21:43:54,723 [INFO] PluginManage:359 - Loaded plugin clock (category:base,tabindex:2)
2026-05-01 21:43:54,723 [INFO] PluginManage:310 - Check plugin ddr
2026-05-01 21:43:54,726 [INFO] PluginManage:359 - Loaded plugin ddr (category:tool,tabindex:6)
2026-05-01 21:43:54,726 [INFO] PluginManage:310 - Check plugin filemanager
2026-05-01 21:43:54,914 [INFO] PluginManage:359 - Loaded plugin filemanager (category:base,tabindex:10)
2026-05-01 21:43:54,915 [INFO] PluginManage:310 - Check plugin ipmanager
2026-05-01 21:43:54,922 [INFO] PluginManage:359 - Loaded plugin ipmanager (category:base,tabindex:5)
2026-05-01 21:43:54,922 [INFO] PluginManage:310 - Check plugin lpbam
2026-05-01 21:43:54,941 [INFO] PluginManage:359 - Loaded plugin lpbam (category:base,tabindex:0)
2026-05-01 21:43:54,942 [INFO] PluginManage:310 - Check plugin memorymap
2026-05-01 21:43:54,968 [INFO] PluginManage:359 - Loaded plugin memorymap (category:base,tabindex:4)
2026-05-01 21:43:54,968 [INFO] PluginManage:310 - Check plugin pinoutandconfiguration
2026-05-01 21:43:54,986 [INFO] PluginManage:359 - Loaded plugin pinoutandconfiguration (category:base,tabindex:1)
2026-05-01 21:43:54,986 [INFO] PluginManage:310 - Check plugin pinoutconfig
2026-05-01 21:43:55,108 [WARN] SupportedApi:132 - Cannot load RTOS API schema: s4s-elt-must-match.1: The content of 'definitions' must match (annotation?, (simpleType | complexType)?, (unique | key | keyref)*)). A problem was found starting at: attribute.
2026-05-01 21:43:55,284 [INFO] PluginManage:359 - Loaded plugin pinoutconfig (category:base,tabindex:0)
2026-05-01 21:43:55,284 [INFO] PluginManage:310 - Check plugin power
2026-05-01 21:43:55,306 [INFO] PluginManage:359 - Loaded plugin power (category:power,tabindex:4)
2026-05-01 21:43:55,306 [INFO] PluginManage:310 - Check plugin projectmanager
2026-05-01 21:43:55,335 [INFO] PluginManage:359 - Loaded plugin projectmanager (category:projectmanager,tabindex:3)
2026-05-01 21:43:55,335 [INFO] PluginManage:310 - Check plugin thirdparty
2026-05-01 21:43:55,689 [INFO] PluginManage:359 - Loaded plugin thirdparty (category:base,tabindex:-1)
2026-05-01 21:43:55,689 [INFO] PluginManage:310 - Check plugin tools
2026-05-01 21:43:55,689 [WARN] IntegrityCheckThread:84 - waiting for thirdparty lock release [integrity check]
2026-05-01 21:43:55,690 [INFO] IntegrityCheckThread:86 - entering critical section [integrity check]
2026-05-01 21:43:55,690 [INFO] ThirdPartyUpdaterWithRetryManager:70 - Updater plugin not ready yet. [1/15]
2026-05-01 21:43:55,734 [INFO] PluginManage:359 - Loaded plugin tools (category:base,tabindex:7)
2026-05-01 21:43:55,734 [INFO] PluginManage:310 - Check plugin tutovideos
2026-05-01 21:43:56,038 [INFO] PluginManage:359 - Loaded plugin tutovideos (category:base,tabindex:-1)
2026-05-01 21:43:56,038 [INFO] PluginManage:310 - Check plugin updater
2026-05-01 21:43:56,049 [INFO] PluginManage:359 - Loaded plugin updater (category:base,tabindex:12)
2026-05-01 21:43:56,049 [INFO] PluginManage:310 - Check plugin userauth
2026-05-01 21:43:56,056 [INFO] UserAuth:114 - Init User Auth plugin
2026-05-01 21:43:56,056 [INFO] PluginManage:359 - Loaded plugin userauth (category:base,tabindex:14)
2026-05-01 21:43:56,056 [INFO] PluginManage:283 - PluginManage : Loaded plugins [17]
2026-05-01 21:43:56,322 [INFO] PinOutPanel:1561 - setPackage(No Configuration,No Configuration)
2026-05-01 21:43:56,412 [INFO] CADModel:165 - CPN selected for project level
2026-05-01 21:43:56,412 [INFO] CADModel:114 - Register for checkConnection events
2026-05-01 21:43:56,440 [INFO] IPUIPlugin:80 - create IPUIPlugin
2026-05-01 21:43:56,440 [INFO] PluginManager:220 - loadIPPluginJar : add adc
2026-05-01 21:43:56,481 [INFO] IPUIPlugin:80 - create IPUIPlugin
2026-05-01 21:43:56,481 [INFO] PluginManager:220 - loadIPPluginJar : add aes
2026-05-01 21:43:56,523 [INFO] IPUIPlugin:80 - create IPUIPlugin
2026-05-01 21:43:56,523 [INFO] PluginManager:220 - loadIPPluginJar : add can
2026-05-01 21:43:56,552 [INFO] IPUIPlugin:80 - create IPUIPlugin
2026-05-01 21:43:56,553 [INFO] PluginManager:220 - loadIPPluginJar : add comp
2026-05-01 21:43:56,594 [INFO] IPUIPlugin:80 - create IPUIPlugin
2026-05-01 21:43:56,595 [INFO] PluginManager:220 - loadIPPluginJar : add cryp
2026-05-01 21:43:56,631 [INFO] IPUIPlugin:80 - create IPUIPlugin
2026-05-01 21:43:56,632 [INFO] PluginManager:220 - loadIPPluginJar : add dfsdm
2026-05-01 21:43:56,647 [INFO] IPUIPlugin:80 - create IPUIPlugin
2026-05-01 21:43:56,648 [INFO] PluginManager:220 - loadIPPluginJar : add dma
2026-05-01 21:43:56,701 [INFO] IPUIPlugin:80 - create IPUIPlugin
2026-05-01 21:43:56,702 [INFO] PluginManager:220 - loadIPPluginJar : add dma3
2026-05-01 21:43:56,757 [INFO] IPUIPlugin:80 - create IPUIPlugin
2026-05-01 21:43:56,757 [INFO] PluginManager:220 - loadIPPluginJar : add extmemmanager
2026-05-01 21:43:56,782 [INFO] IPUIPlugin:80 - create IPUIPlugin
2026-05-01 21:43:56,782 [INFO] PluginManager:220 - loadIPPluginJar : add fatfs
2026-05-01 21:43:56,842 [INFO] IPUIPlugin:80 - create IPUIPlugin
2026-05-01 21:43:56,842 [INFO] PluginManager:220 - loadIPPluginJar : add fmc
2026-05-01 21:43:56,871 [INFO] IPUIPlugin:80 - create IPUIPlugin
2026-05-01 21:43:56,871 [INFO] PluginManager:220 - loadIPPluginJar : add freertos
2026-05-01 21:43:56,898 [INFO] IPUIPlugin:80 - create IPUIPlugin
2026-05-01 21:43:56,898 [INFO] PluginManager:220 - loadIPPluginJar : add genericplugin
2026-05-01 21:43:57,000 [INFO] IPUIPlugin:80 - create IPUIPlugin
2026-05-01 21:43:57,001 [INFO] PluginManager:220 - loadIPPluginJar : add gfxmmu
2026-05-01 21:43:57,177 [INFO] IPUIPlugin:80 - create IPUIPlugin
2026-05-01 21:43:57,177 [INFO] PluginManager:220 - loadIPPluginJar : add gic
2026-05-01 21:43:57,192 [INFO] IPUIPlugin:80 - create IPUIPlugin
2026-05-01 21:43:57,192 [INFO] PluginManager:220 - loadIPPluginJar : add gpio
2026-05-01 21:43:57,300 [INFO] IPUIPlugin:80 - create IPUIPlugin
2026-05-01 21:43:57,300 [INFO] PluginManager:220 - loadIPPluginJar : add gtzc
2026-05-01 21:43:57,340 [INFO] IPUIPlugin:80 - create IPUIPlugin
2026-05-01 21:43:57,340 [INFO] PluginManager:220 - loadIPPluginJar : add hash
2026-05-01 21:43:57,398 [INFO] IPUIPlugin:80 - create IPUIPlugin
2026-05-01 21:43:57,398 [INFO] PluginManager:220 - loadIPPluginJar : add i2c
2026-05-01 21:43:57,441 [INFO] IPUIPlugin:80 - create IPUIPlugin
2026-05-01 21:43:57,441 [INFO] PluginManager:220 - loadIPPluginJar : add i2s
2026-05-01 21:43:57,489 [INFO] IPUIPlugin:80 - create IPUIPlugin
2026-05-01 21:43:57,489 [INFO] PluginManager:220 - loadIPPluginJar : add i3c
2026-05-01 21:43:57,605 [INFO] IPUIPlugin:80 - create IPUIPlugin
2026-05-01 21:43:57,605 [INFO] PluginManager:220 - loadIPPluginJar : add ipddr
2026-05-01 21:43:57,719 [INFO] IPUIPlugin:80 - create IPUIPlugin
2026-05-01 21:43:57,719 [INFO] PluginManager:220 - loadIPPluginJar : add linkedlist
2026-05-01 21:43:57,765 [INFO] IPUIPlugin:80 - create IPUIPlugin
2026-05-01 21:43:57,766 [INFO] PluginManager:220 - loadIPPluginJar : add lorawan
2026-05-01 21:43:57,809 [INFO] IPUIPlugin:80 - create IPUIPlugin
2026-05-01 21:43:57,809 [INFO] PluginManager:220 - loadIPPluginJar : add ltdc
2026-05-01 21:43:57,825 [INFO] IPUIPlugin:80 - create IPUIPlugin
2026-05-01 21:43:57,825 [INFO] PluginManager:220 - loadIPPluginJar : add mdma
2026-05-01 21:43:57,842 [INFO] IPUIPlugin:80 - create IPUIPlugin
2026-05-01 21:43:57,842 [INFO] PluginManager:220 - loadIPPluginJar : add nvic
2026-05-01 21:43:57,887 [INFO] IPUIPlugin:80 - create IPUIPlugin
2026-05-01 21:43:57,888 [INFO] PluginManager:220 - loadIPPluginJar : add opamp
2026-05-01 21:43:57,975 [INFO] IPUIPlugin:80 - create IPUIPlugin
2026-05-01 21:43:57,976 [INFO] PluginManager:220 - loadIPPluginJar : add openamp
2026-05-01 21:43:58,030 [INFO] IPUIPlugin:80 - create IPUIPlugin
2026-05-01 21:43:58,030 [INFO] PluginManager:220 - loadIPPluginJar : add pdm2pcm
2026-05-01 21:43:58,045 [INFO] IPUIPlugin:80 - create IPUIPlugin
2026-05-01 21:43:58,048 [INFO] PluginManager:220 - loadIPPluginJar : add plateformsettings
2026-05-01 21:43:58,073 [INFO] IPUIPlugin:80 - create IPUIPlugin
2026-05-01 21:43:58,074 [INFO] PluginManager:220 - loadIPPluginJar : add quadspi
2026-05-01 21:43:58,090 [INFO] IPUIPlugin:80 - create IPUIPlugin
2026-05-01 21:43:58,090 [INFO] PluginManager:220 - loadIPPluginJar : add resmgrutility
2026-05-01 21:43:58,144 [INFO] IPUIPlugin:80 - create IPUIPlugin
2026-05-01 21:43:58,144 [INFO] PluginManager:220 - loadIPPluginJar : add sai
2026-05-01 21:43:58,185 [INFO] IPUIPlugin:80 - create IPUIPlugin
2026-05-01 21:43:58,185 [INFO] PluginManager:220 - loadIPPluginJar : add spi
2026-05-01 21:43:58,259 [INFO] IPUIPlugin:80 - create IPUIPlugin
2026-05-01 21:43:58,259 [INFO] PluginManager:220 - loadIPPluginJar : add stm32_wpan
2026-05-01 21:43:58,288 [INFO] IPUIPlugin:80 - create IPUIPlugin
2026-05-01 21:43:58,289 [INFO] PluginManager:220 - loadIPPluginJar : add tim
2026-05-01 21:43:58,364 [INFO] IPUIPlugin:80 - create IPUIPlugin
2026-05-01 21:43:58,364 [INFO] PluginManager:220 - loadIPPluginJar : add touchsensing
2026-05-01 21:43:58,391 [INFO] IPUIPlugin:80 - create IPUIPlugin
2026-05-01 21:43:58,392 [INFO] PluginManager:220 - loadIPPluginJar : add tracer_emb
2026-05-01 21:43:58,424 [INFO] IPUIPlugin:80 - create IPUIPlugin
2026-05-01 21:43:58,424 [INFO] PluginManager:220 - loadIPPluginJar : add ts
2026-05-01 21:43:58,453 [INFO] IPUIPlugin:80 - create IPUIPlugin
2026-05-01 21:43:58,453 [INFO] PluginManager:220 - loadIPPluginJar : add tsc
2026-05-01 21:43:58,478 [INFO] IPUIPlugin:80 - create IPUIPlugin
2026-05-01 21:43:58,478 [INFO] PluginManager:220 - loadIPPluginJar : add ucpd
2026-05-01 21:43:58,532 [INFO] IPUIPlugin:80 - create IPUIPlugin
2026-05-01 21:43:58,533 [INFO] PluginManager:220 - loadIPPluginJar : add usart
2026-05-01 21:43:58,577 [INFO] IPUIPlugin:80 - create IPUIPlugin
2026-05-01 21:43:58,578 [INFO] PluginManager:220 - loadIPPluginJar : add usbx
2026-05-01 21:43:58,691 [INFO] ThirdPartyUpdaterWithRetryManager:70 - Updater plugin not ready yet. [2/15]
2026-05-01 21:43:58,718 [INFO] CADModel:165 - CPN selected for project level
2026-05-01 21:43:58,719 [INFO] CADModel:114 - Register for checkConnection events
2026-05-01 21:43:58,719 [FATAL] Updater:308 - Updater called before beeing initialized
2026-05-01 21:43:58,719 [ERROR] CADModel:125 - Updater not yet initialized, retry later 
2026-05-01 21:43:59,004 [INFO] CADModel:165 - CPN selected for project level
2026-05-01 21:43:59,004 [INFO] CADModel:114 - Register for checkConnection events
2026-05-01 21:43:59,005 [FATAL] Updater:308 - Updater called before beeing initialized
2026-05-01 21:43:59,005 [ERROR] CADModel:125 - Updater not yet initialized, retry later 
2026-05-01 21:43:59,010 [FATAL] Updater:308 - Updater called before beeing initialized
2026-05-01 21:43:59,157 [FATAL] Updater:308 - Updater called before beeing initialized
2026-05-01 21:43:59,179 [INFO] DbMcusAds:53 - JSON generation date=Fri Dec 05 14:43:14 IST 2025 (1764925994673)
2026-05-01 21:43:59,179 [FATAL] Updater:308 - Updater called before beeing initialized
2026-05-01 21:43:59,229 [WARN] DetailPanel:346 - Failed to get advertising image, set to default
2026-05-01 21:43:59,307 [FATAL] Updater:308 - Updater called before beeing initialized
2026-05-01 21:43:59,309 [FATAL] Updater:308 - Updater called before beeing initialized
2026-05-01 21:43:59,309 [FATAL] Updater:308 - Updater called before beeing initialized
2026-05-01 21:43:59,310 [WARN] DetailPanel:346 - Failed to get advertising image, set to default
2026-05-01 21:43:59,310 [FATAL] Updater:308 - Updater called before beeing initialized
2026-05-01 21:43:59,383 [ERROR] Updater:1120 - MainUpdater not yet initialized. External WinMGr cannot be set.
2026-05-01 21:43:59,395 [INFO] Updater:1056 - Updater Version found : 6.11.0
2026-05-01 21:43:59,422 [INFO] ApplicationProperties:184 - Using Application install path: C:\ST\STM32CubeIDE_1.15.0\STM32CubeIDE\plugins\com.st.stm32cube.common.mx_6.11.0.202403141607
2026-05-01 21:44:01,008 [ERROR] LogOutputStream:75 - [STDERR_REDIRECT] May 01, 2026 9:44:01 PM java.util.prefs.WindowsPreferences <init>
2026-05-01 21:44:01,011 [ERROR] LogOutputStream:75 - [STDERR_REDIRECT] WARNING: Could not open/create prefs root node Software\JavaSoft\Prefs at root 0xffffffff80000002. Windows RegCreateKeyEx(...) returned error code 5.
2026-05-01 21:44:01,011 [ERROR] LogOutputStream:75 - [STDERR_REDIRECT] 
2026-05-01 21:44:01,692 [FATAL] Updater:308 - Updater called before beeing initialized
2026-05-01 21:44:01,692 [ERROR] IntegrityCheckThread:130 - Cannot retrieve database content from updater: error 21
2026-05-01 21:44:01,692 [INFO] ThirdParty:978 - Integrity check success = false
2026-05-01 21:44:01,692 [INFO] IntegrityCheckThread:100 - exiting critical section [integrity check]
2026-05-01 21:44:01,693 [INFO] IntegrityCheckThread:103 - End integrity checks thread
2026-05-01 21:44:05,438 [INFO] MainUpdater:2873 - connection check result : 10
2026-05-01 21:44:05,438 [INFO] MainUpdater:3567 - Updater definition file requires update
2026-05-01 21:44:05,439 [INFO] MainUpdater:290 - Updater Check For Update Now.
2026-05-01 21:44:05,439 [INFO] MicroXplorer:498 - Change Database Version : DB.6.0.110
2026-05-01 21:44:05,460 [INFO] McuFinderGlobals:63 - Set McuFinder mode to 2 (CubeIDE integrated)
2026-05-01 21:44:05,474 [INFO] UserAuth:415 - Internet connection configuration mode: 1
2026-05-01 21:44:05,507 [INFO] JxBrowserEngine:152 - Initiate JxBrowser Engine with user profile folder
2026-05-01 21:44:08,754 [INFO] WebApp:161 - Instantiating new browser for Auth
2026-05-01 21:44:09,583 [INFO] WebApp:779 - Register for checkConnection events
2026-05-01 21:44:09,584 [INFO] WebApp:414 - Apply proxy settings
2026-05-01 21:44:09,584 [INFO] WebApp:499 - Chromium requires no authentication
2026-05-01 21:44:09,601 [INFO] WebApp:442 - Direct internet connection detected
2026-05-01 21:44:09,805 [INFO] WebApp:192 - Starting web application
2026-05-01 21:44:09,806 [INFO] WebApp:544 - Web application path used C:\ST\STM32CubeIDE_1.15.0\STM32CubeIDE\plugins\com.st.stm32cube.common.mx_6.11.0.202403141607\db\plugins\mcufinder\reactClient1\index.html
2026-05-01 21:44:11,589 [INFO] ServerAccessManage:473 - Download File updaters.zip
2026-05-01 21:44:19,885 [INFO] FileExtend:240 - Unzip File : updaters.zip
2026-05-01 21:44:19,886 [INFO] FileExtend:255 - Standard Zip Deflate
2026-05-01 21:44:22,722 [INFO] ServerAccessManage:473 - Download File PacksControlFlags.xml
2026-05-01 21:44:24,317 [INFO] ServerAccessManage:473 - Download File cubemx.pidx
2026-05-01 21:44:28,763 [INFO] ServerAccessManage:473 - Download File STMicroelectronics.FP-SNS-MOTENVWB1.pdsc
2026-05-01 21:44:45,968 [INFO] ServerAccessManage:473 - Download File STMicroelectronics.FP-SNS-STAIOTCFT.pdsc
2026-05-01 21:45:04,501 [INFO] ServerAccessManage:473 - Download File STMicroelectronics.X-CUBE-FREERTOS.pdsc
2026-05-01 21:45:34,476 [INFO] ServerAccessManage:473 - Download File STMicroelectronics.X-CUBE-GNSS1.pdsc
2026-05-01 21:46:13,047 [ERROR] ServerAccessManage:1089 - Problem, file not found on Server
2026-05-01 21:46:14,705 [ERROR] ServerAccessManage:1089 - Problem, file not found on Server
2026-05-01 21:46:16,488 [ERROR] ServerAccessManage:1089 - Problem, file not found on Server
2026-05-01 21:46:19,876 [ERROR] ServerAccessManage:1089 - Problem, file not found on Server
2026-05-01 21:46:22,224 [ERROR] ServerAccessManage:1089 - Problem, file not found on Server
2026-05-01 21:46:26,365 [ERROR] ServerAccessManage:1089 - Problem, file not found on Server
2026-05-01 21:46:28,629 [INFO] ServerAccessManage:473 - Download File STMicroelectronics.X-CUBE-MEMS1.pdsc
2026-05-01 21:47:02,346 [INFO] ServerAccessManage:473 - Download File STMicroelectronics.X-CUBE-ST67W61.pdsc
2026-05-01 21:47:04,998 [INFO] ServerAccessManage:473 - Download File STMicroelectronics.X-CUBE-TOUCHGFX.pdsc
2026-05-01 21:47:34,240 [INFO] ServerAccessManage:473 - Download File STMicroelectronics.X-CUBE-AZRTOS-H7.pdsc
2026-05-01 21:47:44,450 [INFO] ServerAccessManage:473 - Download File STMicroelectronics.X-CUBE-WB05N.pdsc
2026-05-01 21:47:46,134 [INFO] ServerAccessManage:473 - Download File STMicroelectronics.eDS-WB_DPC_VIENNA.pdsc
2026-05-01 21:47:50,850 [ERROR] ServerAccessManage:1089 - Problem, file not found on Server
2026-05-01 21:47:51,492 [ERROR] ServerAccessManage:1089 - Problem, file not found on Server
2026-05-01 21:47:51,925 [ERROR] ServerAccessManage:1089 - Problem, file not found on Server
2026-05-01 21:47:52,546 [ERROR] ServerAccessManage:1089 - Problem, file not found on Server
2026-05-01 21:47:52,930 [ERROR] ServerAccessManage:1089 - Problem, file not found on Server
2026-05-01 21:47:57,194 [INFO] ServerAccessManage:473 - Download File STMicroelectronics.eDS-WB_DPC_TT-BIDIR.pdsc
2026-05-01 21:47:58,085 [ERROR] ServerAccessManage:1089 - Problem, file not found on Server
2026-05-01 21:47:58,676 [ERROR] ServerAccessManage:1089 - Problem, file not found on Server
2026-05-01 21:47:59,310 [ERROR] ServerAccessManage:1089 - Problem, file not found on Server
2026-05-01 21:47:59,907 [ERROR] ServerAccessManage:1089 - Problem, file not found on Server
2026-05-01 21:48:45,390 [WARN] ServerAccessManage:1168 - Warning during Server Connection :  timeout Read timed out
2026-05-01 21:48:45,445 [ERROR] ServerAccessManage:1146 - Warning during Server Connection :  Unknown host sw-center.st.com
2026-05-01 21:48:45,446 [ERROR] ServerAccessManage:651 - Unknown host server name. : STMicroelectronics.eDS-WB_DPC_3PH2L-BIDIR.pdsc.
2026-05-01 21:48:46,994 [WARN] PopulateThirdPartyThread:106 - Error when creating pack: C:/Users/Aditya/.stm32cubemx/thirdparties/pdsc/STMicroelectronics.FP-SNS-MOTENVWB1.pdsc
2026-05-01 21:48:47,007 [WARN] PopulateThirdPartyThread:106 - Error when creating pack: C:/Users/Aditya/.stm32cubemx/thirdparties/pdsc/STMicroelectronics.FP-SNS-STAIOTCFT.pdsc
2026-05-01 21:48:47,015 [WARN] PopulateThirdPartyThread:106 - Error when creating pack: C:/Users/Aditya/.stm32cubemx/thirdparties/pdsc/STMicroelectronics.X-CUBE-FREERTOS.pdsc
2026-05-01 21:48:47,203 [WARN] PackLoader:240 - Cannot read IP mode file for STMicroelectronics.X-CUBE-GNSS1.7.1.1
2026-05-01 21:48:47,527 [INFO] CheckServerUpdateThread:120 - End of CheckServer Thread
2026-05-01 21:48:47,596 [WARN] PackLoader:240 - Cannot read IP mode file for STMicroelectronics.X-CUBE-MEMS1.12.1.0
2026-05-01 21:48:48,428 [WARN] PopulateThirdPartyThread:106 - Error when creating pack: C:/Users/Aditya/.stm32cubemx/thirdparties/pdsc/STMicroelectronics.X-CUBE-ST67W61.pdsc
2026-05-01 21:48:48,445 [WARN] PackLoader:240 - Cannot read IP mode file for STMicroelectronics.X-CUBE-TOUCHGFX.4.26.1
2026-05-01 21:48:48,553 [WARN] PackLoader:240 - Cannot read IP mode file for STMicroelectronics.X-CUBE-AZRTOS-H7.3.5.0
2026-05-01 21:48:48,590 [WARN] PackLoader:240 - Cannot read IP mode file for STMicroelectronics.X-CUBE-WB05N.2.1.0
2026-05-01 21:48:48,599 [WARN] PopulateThirdPartyThread:106 - Error when creating pack: C:/Users/Aditya/.stm32cubemx/thirdparties/pdsc/STMicroelectronics.eDS-WB_DPC_VIENNA.pdsc
2026-05-01 21:48:48,605 [WARN] PopulateThirdPartyThread:106 - Error when creating pack: C:/Users/Aditya/.stm32cubemx/thirdparties/pdsc/STMicroelectronics.eDS-WB_DPC_TT-BIDIR.pdsc
2026-05-01 21:48:48,605 [INFO] PopulateThirdPartyThread:66 - Ending populate Thread
2026-05-01 21:48:48,612 [INFO] ThirdParty:1030 - CMSIS Pack Vendor :STMicroelectronics X-CUBE-AZRTOS-H7 3.5.0
2026-05-01 21:48:48,613 [INFO] ThirdParty:1030 - CMSIS Pack Vendor :STMicroelectronics X-CUBE-MEMS1 12.1.0
2026-05-01 21:48:48,614 [INFO] ThirdParty:1030 - CMSIS Pack Vendor :STMicroelectronics X-CUBE-GNSS1 7.1.1
2026-05-01 21:48:48,614 [INFO] ThirdParty:1030 - CMSIS Pack Vendor :STMicroelectronics X-CUBE-TOUCHGFX 4.26.1
2026-05-01 21:48:48,614 [INFO] ThirdParty:1030 - CMSIS Pack Vendor :STMicroelectronics X-CUBE-WB05N 2.1.0
2026-05-01 21:48:48,615 [INFO] LoadServerUpdatesThread:375 - End of LoadServerUpdate Thread
2026-05-01 22:04:03,610 [ERROR] LogOutputStream:75 - [STDERR_REDIRECT] 
2026-05-01 22:04:03,613 [ERROR] LogOutputStream:75 - [STDERR_REDIRECT] 
