../Core/Src/main.c:77:5:_write	1
../Core/Src/main.c:83:5:main	1
../Core/Src/main.c:125:6:CAN_Filter_Config	2
../Core/Src/main.c:144:6:CAN_Start	3
../Core/Src/main.c:153:19:CAN_Send	2
../Core/Src/main.c:173:6:HAL_CAN_RxFifo0MsgPendingCallback	3
../Core/Src/main.c:190:6:CAN_CheckErrors	9
../Core/Src/main.c:209:6:SystemClock_Config	4
../Core/Src/main.c:263:13:MX_CAN1_Init	2
../Core/Src/main.c:300:13:MX_USART2_UART_Init	2
../Core/Src/main.c:333:13:MX_GPIO_Init	1
../Core/Src/main.c:374:6:CAN_Send_Test	1
../Core/Src/main.c:389:6:CAN_Send_TestMessage	2
../Core/Src/main.c:414:6:Error_Handler	1
