16:52:35 **** Incremental Build of configuration Debug for project Freertos_Demo ****
make -j16 all 
arm-none-eabi-gcc "../Application/RTOS_core/rtos_task.c" -mcpu=cortex-m4 -std=gnu11 -g3 -DDEBUG -DUSE_HAL_DRIVER -DSTM32F446xx -c -I../Core/Inc -I"D:/WorkSpace/Freertos_Demo/Application/App_entry" -I"D:/WorkSpace/Freertos_Demo/Application/RTOS_core" -I"D:/WorkSpace/Freertos_Demo/Application" -I../Drivers/STM32F4xx_HAL_Driver/Inc -I../Drivers/STM32F4xx_HAL_Driver/Inc/Legacy -I../Drivers/CMSIS/Device/ST/STM32F4xx/Include -I../Drivers/CMSIS/Include -I../Middlewares/Third_Party/FreeRTOS/Source/include -I../Middlewares/Third_Party/FreeRTOS/Source/CMSIS_RTOS_V2 -I../Middlewares/Third_Party/FreeRTOS/Source/portable/GCC/ARM_CM4F -O0 -ffunction-sections -fdata-sections -Wall -fstack-usage -fcyclomatic-complexity -MMD -MP -MF"Application/RTOS_core/rtos_task.d" -MT"Application/RTOS_core/rtos_task.o" --specs=nano.specs -mfpu=fpv4-sp-d16 -mfloat-abi=hard -mthumb -o "Application/RTOS_core/rtos_task.o"
../Application/RTOS_core/rtos_task.c: In function 'StartDefaultTask':
../Application/RTOS_core/rtos_task.c:55:11: warning: implicit declaration of function 'printf' [-Wimplicit-function-declaration]
   55 |           printf("In StartDefaultTask \r\n");
      |           ^~~~~~
../Application/RTOS_core/rtos_task.c:10:1: note: include '<stdio.h>' or provide a declaration of 'printf'
    9 | #include "main.h"
  +++ |+#include <stdio.h>
   10 | 
../Application/RTOS_core/rtos_task.c:55:11: warning: incompatible implicit declaration of built-in function 'printf' [-Wbuiltin-declaration-mismatch]
   55 |           printf("In StartDefaultTask \r\n");
      |           ^~~~~~
../Application/RTOS_core/rtos_task.c:55:11: note: include '<stdio.h>' or provide a declaration of 'printf'
../Application/RTOS_core/rtos_task.c: In function 'StartTask02':
../Application/RTOS_core/rtos_task.c:74:11: warning: incompatible implicit declaration of built-in function 'printf' [-Wbuiltin-declaration-mismatch]
   74 |           printf("In Task2 \r\n");
      |           ^~~~~~
../Application/RTOS_core/rtos_task.c:74:11: note: include '<stdio.h>' or provide a declaration of 'printf'
arm-none-eabi-gcc -o "Freertos_Demo.elf" @"objects.list"   -mcpu=cortex-m4 -T"D:\WorkSpace\Freertos_Demo\STM32F446RETX_FLASH.ld" --specs=nosys.specs -Wl,-Map="Freertos_Demo.map" -Wl,--gc-sections -static --specs=nano.specs -mfpu=fpv4-sp-d16 -mfloat-abi=hard -mthumb -Wl,--start-group -lc -lm -Wl,--end-group
Finished building target: Freertos_Demo.elf
 
arm-none-eabi-size  Freertos_Demo.elf 
arm-none-eabi-objdump -h -S Freertos_Demo.elf  > "Freertos_Demo.list"
   text	   data	    bss	    dec	    hex	filename
  23532	    108	  20756	  44396	   ad6c	Freertos_Demo.elf
Finished building: default.size.stdout
 
Finished building: Freertos_Demo.list
 

16:52:37 Build Finished. 0 errors, 3 warnings. (took 2s.330ms)

