21:51:25 **** Incremental Build of configuration Debug for project CAN_LLD ****
make -j16 all 
arm-none-eabi-gcc "../Core/Src/main.c" -mcpu=cortex-m4 -std=gnu11 -g3 -DDEBUG -DUSE_HAL_DRIVER -DSTM32F446xx -c -I../Core/Inc -I../Drivers/STM32F4xx_HAL_Driver/Inc -I../Drivers/STM32F4xx_HAL_Driver/Inc/Legacy -I../Drivers/CMSIS/Device/ST/STM32F4xx/Include -I../Drivers/CMSIS/Include -O0 -ffunction-sections -fdata-sections -Wall -fstack-usage -fcyclomatic-complexity -MMD -MP -MF"Core/Src/main.d" -MT"Core/Src/main.o" --specs=nano.specs -mfpu=fpv4-sp-d16 -mfloat-abi=hard -mthumb -o "Core/Src/main.o"
../Core/Src/main.c: In function 'main':
../Core/Src/main.c:115:9: warning: unused variable 'msg1' [-Wunused-variable]
  115 |    char msg1[] = "CAN Testing\r\n";
      |         ^~~~
../Core/Src/main.c:114:12: warning: unused variable 'msg' [-Wunused-variable]
  114 |    uint8_t msg[2] = {0x11, 0x22};
      |            ^~~
../Core/Src/main.c: In function 'CAN_Send':
../Core/Src/main.c:352:9: warning: implicit declaration of function 'printf' [-Wimplicit-function-declaration]
  352 |         printf("CAN TX Error: 0x%lX\n", err);
      |         ^~~~~~
../Core/Src/main.c:21:1: note: include '<stdio.h>' or provide a declaration of 'printf'
   20 | #include "main.h"
  +++ |+#include <stdio.h>
   21 | 
../Core/Src/main.c:352:9: warning: incompatible implicit declaration of built-in function 'printf' [-Wbuiltin-declaration-mismatch]
  352 |         printf("CAN TX Error: 0x%lX\n", err);
      |         ^~~~~~
../Core/Src/main.c:352:9: note: include '<stdio.h>' or provide a declaration of 'printf'
../Core/Src/main.c: In function 'HAL_CAN_RxFifo0MsgPendingCallback':
../Core/Src/main.c:362:17: warning: incompatible implicit declaration of built-in function 'printf' [-Wbuiltin-declaration-mismatch]
  362 |                 printf("CAN RX Error: 0x%lX\n", err);
      |                 ^~~~~~
../Core/Src/main.c:362:17: note: include '<stdio.h>' or provide a declaration of 'printf'
../Core/Src/main.c:368:13: warning: incompatible implicit declaration of built-in function 'printf' [-Wbuiltin-declaration-mismatch]
  368 |             printf("RX ID: 0x%03X DLC:%d Data: ", rxHeader.StdId, rxHeader.DLC);
      |             ^~~~~~
../Core/Src/main.c:368:13: note: include '<stdio.h>' or provide a declaration of 'printf'
../Core/Src/main.c:368:33: warning: format '%X' expects argument of type 'unsigned int', but argument 2 has type 'uint32_t' {aka 'long unsigned int'} [-Wformat=]
  368 |             printf("RX ID: 0x%03X DLC:%d Data: ", rxHeader.StdId, rxHeader.DLC);
      |                              ~~~^                 ~~~~~~~~~~~~~~
      |                                 |                         |
      |                                 unsigned int              uint32_t {aka long unsigned int}
      |                              %03lX
../Core/Src/main.c:368:40: warning: format '%d' expects argument of type 'int', but argument 3 has type 'uint32_t' {aka 'long unsigned int'} [-Wformat=]
  368 |             printf("RX ID: 0x%03X DLC:%d Data: ", rxHeader.StdId, rxHeader.DLC);
      |                                       ~^                          ~~~~~~~~~~~~
      |                                        |                                  |
      |                                        int                                uint32_t {aka long unsigned int}
      |                                       %ld
../Core/Src/main.c: In function 'CAN_CheckErrors':
../Core/Src/main.c:381:34: warning: incompatible implicit declaration of built-in function 'printf' [-Wbuiltin-declaration-mismatch]
  381 |     if (err & HAL_CAN_ERROR_EWG) printf("Error Warning\r\n");
      |                                  ^~~~~~
../Core/Src/main.c:381:34: note: include '<stdio.h>' or provide a declaration of 'printf'
../Core/Src/main.c:382:34: warning: incompatible implicit declaration of built-in function 'printf' [-Wbuiltin-declaration-mismatch]
  382 |     if (err & HAL_CAN_ERROR_EPV) printf("Error Passive\r\n");
      |                                  ^~~~~~
../Core/Src/main.c:382:34: note: include '<stdio.h>' or provide a declaration of 'printf'
../Core/Src/main.c:383:34: warning: incompatible implicit declaration of built-in function 'printf' [-Wbuiltin-declaration-mismatch]
  383 |     if (err & HAL_CAN_ERROR_BOF) printf("Bus Off\r\n");
      |                                  ^~~~~~
../Core/Src/main.c:383:34: note: include '<stdio.h>' or provide a declaration of 'printf'
../Core/Src/main.c:384:34: warning: incompatible implicit declaration of built-in function 'printf' [-Wbuiltin-declaration-mismatch]
  384 |     if (err & HAL_CAN_ERROR_STF) printf("Stuff Error\r\n");
      |                                  ^~~~~~
../Core/Src/main.c:384:34: note: include '<stdio.h>' or provide a declaration of 'printf'
../Core/Src/main.c:385:34: warning: incompatible implicit declaration of built-in function 'printf' [-Wbuiltin-declaration-mismatch]
  385 |     if (err & HAL_CAN_ERROR_FOR) printf("Form Error\r\n");
      |                                  ^~~~~~
../Core/Src/main.c:385:34: note: include '<stdio.h>' or provide a declaration of 'printf'
../Core/Src/main.c:386:34: warning: incompatible implicit declaration of built-in function 'printf' [-Wbuiltin-declaration-mismatch]
  386 |     if (err & HAL_CAN_ERROR_ACK) printf("ACK Error\r\n");
      |                                  ^~~~~~
../Core/Src/main.c:386:34: note: include '<stdio.h>' or provide a declaration of 'printf'
../Core/Src/main.c:387:34: warning: incompatible implicit declaration of built-in function 'printf' [-Wbuiltin-declaration-mismatch]
  387 |     if (err & HAL_CAN_ERROR_CRC) printf("CRC Error\r\n");
      |                                  ^~~~~~
../Core/Src/main.c:387:34: note: include '<stdio.h>' or provide a declaration of 'printf'
../Core/Src/main.c: In function 'CAN_Send_TestMessage':
../Core/Src/main.c:404:9: warning: incompatible implicit declaration of built-in function 'printf' [-Wbuiltin-declaration-mismatch]
  404 |         printf("TX Error: 0x%lX\r\n", err);
      |         ^~~~~~
../Core/Src/main.c:404:9: note: include '<stdio.h>' or provide a declaration of 'printf'
arm-none-eabi-gcc -o "CAN_LLD.elf" @"objects.list"   -mcpu=cortex-m4 -T"D:\WorkSpace\CAN_LLD\STM32F446RETX_FLASH.ld" --specs=nosys.specs -Wl,-Map="CAN_LLD.map" -Wl,--gc-sections -static --specs=nano.specs -mfpu=fpv4-sp-d16 -mfloat-abi=hard -mthumb -Wl,--start-group -lc -lm -Wl,--end-group
Finished building target: CAN_LLD.elf
 
arm-none-eabi-size  CAN_LLD.elf 
arm-none-eabi-objdump -h -S CAN_LLD.elf  > "CAN_LLD.list"
   text	   data	    bss	    dec	    hex	filename
  20424	    104	   2056	  22584	   5838	CAN_LLD.elf
Finished building: default.size.stdout
 
Finished building: CAN_LLD.list
 
21:51:33 **** Incremental Build of configuration Debug for project CAN_LLD ****
make -j16 all 
arm-none-eabi-size  CAN_LLD.elf 
   text	   data	    bss	    dec	    hex	filename
  20424	    104	   2056	  22584	   5838	CAN_LLD.elf
Finished building: default.size.stdout
 
